<html>
<body>
<pre>
<h1>µVision Build Log</h1>
<h2>Tool Versions:</h2>
IDE-Version: ¦ÌVision V5.20.0.39
Copyright (C) 2016 ARM Ltd and ARM Germany GmbH. All rights reserved.
License Information: EYS EYS, WONDFO, LIC=IC9VE-5134I-5AWDF-6Q0MG-KGD94-417S0
 
Tool Versions:
Toolchain:       MDK-ARM Professional  Version: 5.15.0
Toolchain Path:  c:\Keil_v5\ARM\ARMCC\Bin
C Compiler:      Armcc.exe V5.05 update 2 (build 169)
Assembler:       Armasm.exe V5.05 update 2 (build 169)
Linker/Locator:  ArmLink.exe V5.05 update 2 (build 169)
Library Manager: ArmAr.exe V5.05 update 2 (build 169)
Hex Converter:   FromElf.exe V5.05 update 2 (build 169)
CPU DLL:         SARMCM3.DLL V5.15.0
Dialog DLL:      DCM.DLL V1.13.2.0
Target DLL:      Segger\JL2CM3.dll V2.99.15.0
Dialog DLL:      TCM.DLL V1.14.5.0
 
<h2>Project:</h2>
J:\smark_car\STM32F4_SmartCar\project\Pro.uvprojx
Project File Date:  11/29/2019

<h2>Output:</h2>
*** Using Compiler 'V5.05 update 2 (build 169)', folder: 'c:\Keil_v5\ARM\ARMCC\Bin'
Rebuild target 'Pro'
compiling NVIC.C...
compiling Bsp_Global.c...
compiling Task_VoiceControl.c...
compiling DMA.C...
compiling Main.c...
compiling LED.C...
compiling Task_Test.c...
compiling M_Delay_P.c...
compiling M_Global.c...
assembling startup_stm32f4xx.s...
compiling yidaosensor.c...
compiling pwm.c...
compiling exchangeSpeaker.C...
compiling SCI.c...
compiling adc.c...
compiling optoswitch.c...
assembling os_cpu_a.asm...
compiling system_stm32f4xx.c...
compiling os_cpu_c.c...
compiling os_mem.c...
compiling os_mbox.c...
compiling os_dbg.c...
compiling os_flag.c...
compiling os_core.c...
compiling os_mutex.c...
compiling misc.c...
compiling os_q.c...
compiling stm32f4xx_adc.c...
compiling os_tmr.c...
compiling os_task.c...
compiling os_sem.c...
compiling os_time.c...
compiling stm32f4xx_crc.c...
compiling stm32f4xx_cryp_des.c...
compiling stm32f4xx_can.c...
compiling stm32f4xx_cryp_tdes.c...
compiling stm32f4xx_cryp.c...
compiling stm32f4xx_dac.c...
compiling stm32f4xx_cryp_aes.c...
compiling stm32f4xx_dbgmcu.c...
compiling stm32f4xx_exti.c...
compiling stm32f4xx_dcmi.c...
compiling stm32f4xx_dma.c...
compiling stm32f4xx_fsmc.c...
compiling stm32f4xx_flash.c...
compiling stm32f4xx_gpio.c...
compiling stm32f4xx_hash_md5.c...
compiling stm32f4xx_hash.c...
compiling stm32f4xx_iwdg.c...
compiling stm32f4xx_hash_sha1.c...
compiling stm32f4xx_i2c.c...
compiling stm32f4xx_pwr.c...
compiling stm32f4xx_rcc.c...
compiling stm32f4xx_sdio.c...
compiling stm32f4xx_usart.c...
compiling stm32f4xx_spi.c...
compiling stm32f4xx_syscfg.c...
compiling stm32f4xx_wwdg.c...
compiling stm32f4xx_rtc.c...
compiling stm32f4xx_tim.c...
linking...
Program Size: Code=28652 RO-data=712 RW-data=172 ZI-data=15388  
FromELF: creating hex file...
".\Debug\Pro.axf" - 0 Error(s), 0 Warning(s).

<h2>Software Packages used:</h2>

Package Vendor: ARM
                http://www.keil.com/pack/ARM.CMSIS.4.3.0.pack
                ARM::CMSIS:CORE:4.1.0
                CMSIS (Cortex Microcontroller Software Interface Standard)
   * Component: CORE Version: 4.1.0

<h2>Collection of Component include folders:</h2>
  J:\smark_car\STM32F4_SmartCar\project\RTE
  c:\Keil_v5\ARM\PACK\ARM\CMSIS\4.3.0\CMSIS\Include
  c:\Keil_v5\ARM\PACK\Keil\STM32F4xx_DFP\2.11.0\Drivers\CMSIS\Device\ST\STM32F4xx\Include

<h2>Collection of Component Files used:</h2>

   * Component: ARM::CMSIS:CORE:4.1.0
Build Time Elapsed:  00:00:10
</pre>
</body>
</html>
