Component: ARM Compiler 5.05 update 2 (build 169) Tool: armlink [4d0f33]

==============================================================================

Section Cross References

    main.o(.text) refers to os_sem.o(.text) for OSSemCreate
    main.o(.text) refers to os_task.o(.text) for OSTaskCreate
    main.o(.text) refers to pwm.o(.text) for SetMoter
    main.o(.text) refers to os_time.o(.text) for OSTimeDlyHMSM
    main.o(.text) refers to optoswitch.o(.text) for GetOptoSwitch
    main.o(.text) refers to bsp_global.o(.text) for BSP_Init
    main.o(.text) refers to os_core.o(.text) for OSInit
    main.o(.text) refers to system_stm32f4xx.o(.data) for SystemCoreClock
    main.o(.text) refers to main.o(.data) for TaskStartSem
    main.o(.text) refers to task_voicecontrol.o(.bss) for Stk_Task_VoiceCtrl
    main.o(.text) refers to task_voicecontrol.o(.text) for Task_VoiceControl
    main.o(.text) refers to task_test.o(.bss) for Stk_Task_RS232
    main.o(.text) refers to task_test.o(.text) for Task_RS232
    main.o(.text) refers to adc.o(.bss) for Stk_adc
    main.o(.text) refers to adc.o(.text) for Task_Adc
    main.o(.text) refers to main.o(.bss) for Stk_TaskStartUp
    task_test.o(.text) refers to os_time.o(.text) for OSTimeDlyHMSM
    task_test.o(.text) refers to stm32f4xx_gpio.o(.text) for GPIO_ToggleBits
    task_test.o(.text) refers to memseta.o(.text) for __aeabi_memclr
    task_test.o(.text) refers to printf6.o(i.__0sprintf$6) for __2sprintf
    task_test.o(.text) refers to os_mbox.o(.text) for OSMboxCreate
    task_test.o(.text) refers to yidaosensor.o(.text) for GetSensorV
    task_test.o(.text) refers to rand.o(.text) for rand
    task_test.o(.text) refers to os_sem.o(.text) for OSSemPend
    task_test.o(.text) refers to main.o(.bss) for next_mp3_file
    task_test.o(.text) refers to main.o(.data) for next_play_level
    task_test.o(.text) refers to task_test.o(.data) for sqSendMsg
    task_test.o(.text) refers to task_test.o(.bss) for sensorv
    task_test.o(.text) refers to task_voicecontrol.o(.data) for sqMp3PlayMsg
    task_voicecontrol.o(.text) refers to strcpy.o(.text) for strcpy
    task_voicecontrol.o(.text) refers to sci.o(.text) for send_mp3_command
    task_voicecontrol.o(.text) refers to stm32f4xx_gpio.o(.text) for GPIO_ResetBits
    task_voicecontrol.o(.text) refers to pwm.o(.text) for SetMoter
    task_voicecontrol.o(.text) refers to os_mbox.o(.text) for OSMboxCreate
    task_voicecontrol.o(.text) refers to os_time.o(.text) for OSTimeDlyHMSM
    task_voicecontrol.o(.text) refers to os_sem.o(.text) for OSSemPost
    task_voicecontrol.o(.text) refers to optoswitch.o(.text) for GetOptoSwitch
    task_voicecontrol.o(.text) refers to os_core.o(.text) for OSIntEnter
    task_voicecontrol.o(.text) refers to stm32f4xx_exti.o(.text) for EXTI_ClearITPendingBit
    task_voicecontrol.o(.text) refers to main.o(.data) for next_play_level
    task_voicecontrol.o(.text) refers to task_voicecontrol.o(.data) for current_play_level
    task_voicecontrol.o(.text) refers to main.o(.bss) for next_mp3_file
    led.o(.text) refers to stm32f4xx_rcc.o(.text) for RCC_AHB1PeriphClockCmd
    led.o(.text) refers to stm32f4xx_gpio.o(.text) for GPIO_Init
    bsp_global.o(.text) refers to led.o(.text) for LED_Configuration
    bsp_global.o(.text) refers to exchangespeaker.o(.text) for ExchangeSpeaker_Configuration
    bsp_global.o(.text) refers to nvic.o(.text) for NVIC_Configuration
    bsp_global.o(.text) refers to adc.o(.text) for Adc_Init
    bsp_global.o(.text) refers to sci.o(.text) for qj005_uart_init
    bsp_global.o(.text) refers to yidaosensor.o(.text) for Sensor_Init
    bsp_global.o(.text) refers to pwm.o(.text) for Motor_pwm_init
    bsp_global.o(.text) refers to optoswitch.o(.text) for OptoSwitch_Init
    dma.o(.text) refers to stm32f4xx_dma.o(.text) for DMA_GetITStatus
    dma.o(.text) refers to stm32f4xx_gpio.o(.text) for GPIO_ResetBits
    dma.o(.text) refers to dma.o(.data) for RS232_dma_send_flag
    nvic.o(.text) refers to misc.o(.text) for NVIC_SetVectorTable
    sci.o(.text) refers to stm32f4xx_rcc.o(.text) for RCC_AHB1PeriphClockCmd
    sci.o(.text) refers to stm32f4xx_usart.o(.text) for USART_DeInit
    sci.o(.text) refers to stm32f4xx_gpio.o(.text) for GPIO_Init
    sci.o(.text) refers to os_cpu_a.o(.text) for OS_CPU_SR_Save
    sci.o(.text) refers to os_core.o(.text) for OSIntExit
    sci.o(.text) refers to stm32f4xx_dma.o(.text) for DMA_SetCurrDataCounter
    sci.o(.text) refers to strlen.o(.text) for strlen
    sci.o(.text) refers to memcpya.o(.text) for __aeabi_memcpy4
    sci.o(.text) refers to strcat.o(.text) for strcat
    sci.o(.text) refers to os_core.o(.data) for OSIntNesting
    sci.o(.text) refers to dma.o(.data) for RS232_dma_send_flag
    sci.o(.text) refers to sci.o(.bss) for recvdata
    sci.o(.text) refers to sci.o(.data) for data_index
    sci.o(.text) refers to sci.o(.constdata) for .constdata
[...]
    ..\UCOS\Port\os_dbg.c                    0x00000000   Number         0  os_dbg.o ABSOLUTE
    ..\UCOS\Source\os_core.c                 0x00000000   Number         0  os_core.o ABSOLUTE
    ..\UCOS\Source\os_flag.c                 0x00000000   Number         0  os_flag.o ABSOLUTE
    ..\UCOS\Source\os_mbox.c                 0x00000000   Number         0  os_mbox.o ABSOLUTE
    ..\UCOS\Source\os_mem.c                  0x00000000   Number         0  os_mem.o ABSOLUTE
    ..\UCOS\Source\os_mutex.c                0x00000000   Number         0  os_mutex.o ABSOLUTE
    ..\UCOS\Source\os_q.c                    0x00000000   Number         0  os_q.o ABSOLUTE
    ..\UCOS\Source\os_sem.c                  0x00000000   Number         0  os_sem.o ABSOLUTE
    ..\UCOS\Source\os_task.c                 0x00000000   Number         0  os_task.o ABSOLUTE
    ..\UCOS\Source\os_time.c                 0x00000000   Number         0  os_time.o ABSOLUTE
    ..\UCOS\Source\os_tmr.c                  0x00000000   Number         0  os_tmr.o ABSOLUTE
    ..\\App\\Main.c                          0x00000000   Number         0  main.o ABSOLUTE
    ..\\App\\Task_Test.c                     0x00000000   Number         0  task_test.o ABSOLUTE
    ..\\App\\Task_VoiceControl.c             0x00000000   Number         0  task_voicecontrol.o ABSOLUTE
    ..\\BSP\\Bsp_Global.c                    0x00000000   Number         0  bsp_global.o ABSOLUTE
    ..\\BSP\\DMA.C                           0x00000000   Number         0  dma.o ABSOLUTE
    ..\\BSP\\LED.C                           0x00000000   Number         0  led.o ABSOLUTE
    ..\\BSP\\NVIC.C                          0x00000000   Number         0  nvic.o ABSOLUTE
    ..\\BSP\\SCI.c                           0x00000000   Number         0  sci.o ABSOLUTE
    ..\\BSP\\adc.c                           0x00000000   Number         0  adc.o ABSOLUTE
    ..\\BSP\\exchangeSpeaker.C               0x00000000   Number         0  exchangespeaker.o ABSOLUTE
    ..\\BSP\\optoswitch.c                    0x00000000   Number         0  optoswitch.o ABSOLUTE
    ..\\BSP\\pwm.c                           0x00000000   Number         0  pwm.o ABSOLUTE
    ..\\BSP\\yidaosensor.c                   0x00000000   Number         0  yidaosensor.o ABSOLUTE
    ..\\CMSIS\\Core\\system_stm32f4xx.c      0x00000000   Number         0  system_stm32f4xx.o ABSOLUTE
    ..\\CMSIS\\Driver\\misc.c                0x00000000   Number         0  misc.o ABSOLUTE
    ..\\CMSIS\\Driver\\stm32f4xx_adc.c       0x00000000   Number         0  stm32f4xx_adc.o ABSOLUTE
    ..\\CMSIS\\Driver\\stm32f4xx_can.c       0x00000000   Number         0  stm32f4xx_can.o ABSOLUTE
    ..\\CMSIS\\Driver\\stm32f4xx_crc.c       0x00000000   Number         0  stm32f4xx_crc.o ABSOLUTE
    ..\\CMSIS\\Driver\\stm32f4xx_cryp.c      0x00000000   Number         0  stm32f4xx_cryp.o ABSOLUTE
    ..\\CMSIS\\Driver\\stm32f4xx_cryp_aes.c  0x00000000   Number         0  stm32f4xx_cryp_aes.o ABSOLUTE
    ..\\CMSIS\\Driver\\stm32f4xx_cryp_des.c  0x00000000   Number         0  stm32f4xx_cryp_des.o ABSOLUTE
    ..\\CMSIS\\Driver\\stm32f4xx_cryp_tdes.c 0x00000000   Number         0  stm32f4xx_cryp_tdes.o ABSOLUTE
    ..\\CMSIS\\Driver\\stm32f4xx_dac.c       0x00000000   Number         0  stm32f4xx_dac.o ABSOLUTE
    ..\\CMSIS\\Driver\\stm32f4xx_dbgmcu.c    0x00000000   Number         0  stm32f4xx_dbgmcu.o ABSOLUTE
    ..\\CMSIS\\Driver\\stm32f4xx_dcmi.c      0x00000000   Number         0  stm32f4xx_dcmi.o ABSOLUTE
    ..\\CMSIS\\Driver\\stm32f4xx_dma.c       0x00000000   Number         0  stm32f4xx_dma.o ABSOLUTE
    ..\\CMSIS\\Driver\\stm32f4xx_exti.c      0x00000000   Number         0  stm32f4xx_exti.o ABSOLUTE
    ..\\CMSIS\\Driver\\stm32f4xx_flash.c     0x00000000   Number         0  stm32f4xx_flash.o ABSOLUTE
    ..\\CMSIS\\Driver\\stm32f4xx_fsmc.c      0x00000000   Number         0  stm32f4xx_fsmc.o ABSOLUTE
    ..\\CMSIS\\Driver\\stm32f4xx_gpio.c      0x00000000   Number         0  stm32f4xx_gpio.o ABSOLUTE
    ..\\CMSIS\\Driver\\stm32f4xx_hash.c      0x00000000   Number         0  stm32f4xx_hash.o ABSOLUTE
    ..\\CMSIS\\Driver\\stm32f4xx_hash_md5.c  0x00000000   Number         0  stm32f4xx_hash_md5.o ABSOLUTE
    ..\\CMSIS\\Driver\\stm32f4xx_hash_sha1.c 0x00000000   Number         0  stm32f4xx_hash_sha1.o ABSOLUTE
    ..\\CMSIS\\Driver\\stm32f4xx_i2c.c       0x00000000   Number         0  stm32f4xx_i2c.o ABSOLUTE
    ..\\CMSIS\\Driver\\stm32f4xx_iwdg.c      0x00000000   Number         0  stm32f4xx_iwdg.o ABSOLUTE
    ..\\CMSIS\\Driver\\stm32f4xx_pwr.c       0x00000000   Number         0  stm32f4xx_pwr.o ABSOLUTE
    ..\\CMSIS\\Driver\\stm32f4xx_rcc.c       0x00000000   Number         0  stm32f4xx_rcc.o ABSOLUTE
    ..\\CMSIS\\Driver\\stm32f4xx_rtc.c       0x00000000   Number         0  stm32f4xx_rtc.o ABSOLUTE
    ..\\CMSIS\\Driver\\stm32f4xx_sdio.c      0x00000000   Number         0  stm32f4xx_sdio.o ABSOLUTE
    ..\\CMSIS\\Driver\\stm32f4xx_spi.c       0x00000000   Number         0  stm32f4xx_spi.o ABSOLUTE
    ..\\CMSIS\\Driver\\stm32f4xx_syscfg.c    0x00000000   Number         0  stm32f4xx_syscfg.o ABSOLUTE
    ..\\CMSIS\\Driver\\stm32f4xx_tim.c       0x00000000   Number         0  stm32f4xx_tim.o ABSOLUTE
    ..\\CMSIS\\Driver\\stm32f4xx_usart.c     0x00000000   Number         0  stm32f4xx_usart.o ABSOLUTE
    ..\\CMSIS\\Driver\\stm32f4xx_wwdg.c      0x00000000   Number         0  stm32f4xx_wwdg.o ABSOLUTE
    ..\\UCOS\\Port\\os_cpu_c.c               0x00000000   Number         0  os_cpu_c.o ABSOLUTE
    ..\\UCOS\\Port\\os_dbg.c                 0x00000000   Number         0  os_dbg.o ABSOLUTE
    ..\\UCOS\\Source\\os_core.c              0x00000000   Number         0  os_core.o ABSOLUTE
    ..\\UCOS\\Source\\os_flag.c              0x00000000   Number         0  os_flag.o ABSOLUTE
    ..\\UCOS\\Source\\os_mbox.c              0x00000000   Number         0  os_mbox.o ABSOLUTE
    ..\\UCOS\\Source\\os_mem.c               0x00000000   Number         0  os_mem.o ABSOLUTE
    ..\\UCOS\\Source\\os_mutex.c             0x00000000   Number         0  os_mutex.o ABSOLUTE
    ..\\UCOS\\Source\\os_q.c                 0x00000000   Number         0  os_q.o ABSOLUTE
    ..\\UCOS\\Source\\os_sem.c               0x00000000   Number         0  os_sem.o ABSOLUTE
    ..\\UCOS\\Source\\os_task.c              0x00000000   Number         0  os_task.o ABSOLUTE
    ..\\UCOS\\Source\\os_time.c              0x00000000   Number         0  os_time.o ABSOLUTE
    ..\\UCOS\\Source\\os_tmr.c               0x00000000   Number         0  os_tmr.o ABSOLUTE
    cdrcmple.s                               0x00000000   Number         0  cdrcmple.o ABSOLUTE
    dc.s                                     0x00000000   Number         0  dc.o ABSOLUTE
    handlers.s                               0x00000000   Number         0  handlers.o ABSOLUTE
    init.s                                   0x00000000   Number         0  init.o ABSOLUTE
    RESET                                    0x08000000   Section      392  startup_stm32f4xx.o(RESET)
    .ARM.Collect$$$$00000000                 0x08000188   Section        0  entry.o(.ARM.Collect$$$$00000000)
    .ARM.Collect$$$$00000001                 0x08000188   Section        4  entry2.o(.ARM.Collect$$$$00000001)
    .ARM.Collect$$$$00000004                 0x0800018c   Section        4  entry5.o(.ARM.Collect$$$$00000004)
    .ARM.Collect$$$$00000008                 0x08000190   Section        0  entry7b.o(.ARM.Collect$$$$00000008)
    .ARM.Collect$$$$0000000A                 0x08000190   Section        0  entry8b.o(.ARM.Collect$$$$0000000A)
    .ARM.Collect$$$$0000000B                 0x08000190   Section        8  entry9a.o(.ARM.Collect$$$$0000000B)
    .ARM.Collect$$$$0000000D                 0x08000198   Section        0  entry10a.o(.ARM.Collect$$$$0000000D)
    .ARM.Collect$$$$0000000F                 0x08000198   Section        0  entry11a.o(.ARM.Collect$$$$0000000F)
    .ARM.Collect$$$$00002712                 0x08000198   Section        4  entry2.o(.ARM.Collect$$$$00002712)
    __lit__00000000                          0x08000198   Data           4  entry2.o(.ARM.Collect$$$$00002712)
    .text                                    0x0800019c   Section        0  main.o(.text)
    .text                                    0x080002bc   Section        0  task_test.o(.text)
    .text                                    0x080006b8   Section        0  task_voicecontrol.o(.text)
    .text                                    0x08000884   Section        0  led.o(.text)
    .text                                    0x080009cc   Section        0  bsp_global.o(.text)
    .text                                    0x080009f8   Section        0  dma.o(.text)
    .text                                    0x08000a64   Section        0  nvic.o(.text)
    .text                                    0x08000b00   Section        0  sci.o(.text)
    RS485_Delay                              0x08000d2b   Thumb Code    10  sci.o(.text)
    .text                                    0x08000f20   Section        0  yidaosensor.o(.text)
    .text                                    0x080012d0   Section        0  adc.o(.text)
    .text                                    0x08001418   Section        0  pwm.o(.text)
    .text                                    0x080014f8   Section        0  exchangespeaker.o(.text)
    .text                                    0x080015c4   Section        0  optoswitch.o(.text)
    .text                                    0x08001680   Section       36  startup_stm32f4xx.o(.text)
    $v0                                      0x08001680   Number         0  startup_stm32f4xx.o(.text)
    .text                                    0x080016a4   Section        0  system_stm32f4xx.o(.text)
    SetSysClock                              0x080016a5   Thumb Code   220  system_stm32f4xx.o(.text)
    .text                                    0x080018b4   Section      196  os_cpu_a.o(.text)
    $v0                                      0x080018b4   Number         0  os_cpu_a.o(.text)
    .text                                    0x08001978   Section        0  os_cpu_c.o(.text)
    .text                                    0x08001ac0   Section        0  os_core.o(.text)
    OS_SchedNew                              0x08001bc5   Thumb Code    26  os_core.o(.text)
    OS_InitTaskStat                          0x0800202f   Thumb Code    52  os_core.o(.text)
    OS_InitTaskIdle                          0x08002083   Thumb Code    52  os_core.o(.text)
    OS_InitEventList                         0x080020c9   Thumb Code    60  os_core.o(.text)
    OS_InitTCBList                           0x08002105   Thumb Code    72  os_core.o(.text)
    OS_InitRdyList                           0x0800214d   Thumb Code    46  os_core.o(.text)
    OS_InitMisc                              0x0800217b   Thumb Code    44  os_core.o(.text)
    .text                                    0x08002774   Section        0  os_flag.o(.text)
    OS_FlagTaskRdy                           0x080028eb   Thumb Code    82  os_flag.o(.text)
    OS_FlagBlock                             0x08002aa5   Thumb Code   152  os_flag.o(.text)
    .text                                    0x08002f70   Section        0  os_mbox.o(.text)
    .text                                    0x08003354   Section        0  os_mem.o(.text)
    .text                                    0x08003528   Section        0  os_q.o(.text)
    .text                                    0x08003b0c   Section        0  os_sem.o(.text)
    .text                                    0x08003eb4   Section        0  os_task.o(.text)
    .text                                    0x080046dc   Section        0  os_time.o(.text)
    .text                                    0x08004874   Section        0  misc.o(.text)
    .text                                    0x08004954   Section        0  stm32f4xx_adc.o(.text)
    .text                                    0x08004db8   Section        0  stm32f4xx_dma.o(.text)
    .text                                    0x08005160   Section        0  stm32f4xx_exti.o(.text)
    .text                                    0x08005270   Section        0  stm32f4xx_gpio.o(.text)
    .text                                    0x08005504   Section        0  stm32f4xx_rcc.o(.text)
    .text                                    0x08005b60   Section        0  stm32f4xx_syscfg.o(.text)
    .text                                    0x08005bf4   Section        0  stm32f4xx_tim.o(.text)
    TI4_Config                               0x08006393   Thumb Code    80  stm32f4xx_tim.o(.text)
    TI3_Config                               0x080063f5   Thumb Code    72  stm32f4xx_tim.o(.text)
    TI2_Config                               0x08006457   Thumb Code    90  stm32f4xx_tim.o(.text)
    TI1_Config                               0x080064c3   Thumb Code    58  stm32f4xx_tim.o(.text)
    .text                                    0x08006898   Section        0  stm32f4xx_usart.o(.text)
    .text                                    0x08006cec   Section        0  rand.o(.text)
    .text                                    0x08006d10   Section        0  memcpya.o(.text)
    .text                                    0x08006d34   Section        0  memseta.o(.text)
    .text                                    0x08006d58   Section        0  strcat.o(.text)
    .text                                    0x08006d70   Section        0  strlen.o(.text)
    .text                                    0x08006d7e   Section        0  strcpy.o(.text)
    .text                                    0x08006d90   Section        0  uidiv.o(.text)
    .text                                    0x08006dbc   Section       36  init.o(.text)
    i.__0sprintf$6                           0x08006de0   Section        0  printf6.o(i.__0sprintf$6)
    i.__scatterload_copy                     0x08006e08   Section       14  handlers.o(i.__scatterload_copy)
    i.__scatterload_null                     0x08006e16   Section        2  handlers.o(i.__scatterload_null)
    i.__scatterload_zeroinit                 0x08006e18   Section       14  handlers.o(i.__scatterload_zeroinit)
    i._printf_core                           0x08006e28   Section        0  printf6.o(i._printf_core)
    _printf_core                             0x08006e29   Thumb Code   748  printf6.o(i._printf_core)
    i._printf_post_padding                   0x08007118   Section        0  printf6.o(i._printf_post_padding)
    _printf_post_padding                     0x08007119   Thumb Code    36  printf6.o(i._printf_post_padding)
    i._printf_pre_padding                    0x0800713c   Section        0  printf6.o(i._printf_pre_padding)
    _printf_pre_padding                      0x0800713d   Thumb Code    46  printf6.o(i._printf_pre_padding)
    i._sputc                                 0x0800716a   Section        0  printf6.o(i._sputc)
    _sputc                                   0x0800716b   Thumb Code    10  printf6.o(i._sputc)
    .constdata                               0x08007174   Section       30  sci.o(.constdata)
    .constdata                               0x08007192   Section      256  os_core.o(.constdata)
    .data                                    0x20000000   Section        8  main.o(.data)
    .data                                    0x20000008   Section        9  task_test.o(.data)
    .data                                    0x20000014   Section       10  task_voicecontrol.o(.data)
    .data                                    0x2000001e   Section        2  dma.o(.data)
    .data                                    0x20000020   Section       22  sci.o(.data)
    .data                                    0x20000038   Section       20  system_stm32f4xx.o(.data)
    .data                                    0x2000004c   Section       76  os_core.o(.data)
    .data                                    0x20000098   Section       16  stm32f4xx_rcc.o(.data)
    APBAHBPrescTable                         0x20000098   Data          16  stm32f4xx_rcc.o(.data)
    .data                                    0x200000a8   Section        4  rand.o(.data)
    _rand_state                              0x200000a8   Data           4  rand.o(.data)
    .bss                                     0x200000ac   Section      432  main.o(.bss)
    .bss                                     0x2000025c   Section     4900  task_test.o(.bss)
    .bss                                     0x20001580   Section     1600  task_voicecontrol.o(.bss)
    .bss                                     0x20001bc0   Section     2078  sci.o(.bss)
    .bss                                     0x200023e0   Section     1600  adc.o(.bss)
    .bss                                     0x20002a20   Section     3752  os_core.o(.bss)
    STACK                                    0x200038c8   Section     1024  startup_stm32f4xx.o(STACK)

    Global Symbols

    Symbol Name                              Value     Ov Type        Size  Object(Section)

    BuildAttributes$$THM_ISAv4$E$P$D$K$B$S$7EM$VFPi3$EXTD16$VFPS$VFMA$PE$A:L22UL41UL21$X:L11$S22US41US21$IEEE1$IW$USESV6$~STKCKD$USESV7$~SHL$OSPACE$ROPI$EBA8$MICROLIB$REQ8$PRES8$EABIv2 0x00000000   Number         0  anon$$obj.o ABSOLUTE
    __ARM_use_no_argv                        0x00000000   Number         0  main.o ABSOLUTE
    _printf_a                                0x00000000   Number         0  stubs.o ABSOLUTE
    _printf_c                                0x00000000   Number         0  stubs.o ABSOLUTE
    _printf_charcount                        0x00000000   Number         0  stubs.o ABSOLUTE
    _printf_d                                0x00000000   Number         0  stubs.o ABSOLUTE
    _printf_e                                0x00000000   Number         0  stubs.o ABSOLUTE
    _printf_f                                0x00000000   Number         0  stubs.o ABSOLUTE
    _printf_flags                            0x00000000   Number         0  stubs.o ABSOLUTE
    _printf_fp_dec                           0x00000000   Number         0  stubs.o ABSOLUTE
    _printf_fp_hex                           0x00000000   Number         0  stubs.o ABSOLUTE
    _printf_g                                0x00000000   Number         0  stubs.o ABSOLUTE
    _printf_i                                0x00000000   Number         0  stubs.o ABSOLUTE
    _printf_int_dec                          0x00000000   Number         0  stubs.o ABSOLUTE
    _printf_l                                0x00000000   Number         0  stubs.o ABSOLUTE
    _printf_lc                               0x00000000   Number         0  stubs.o ABSOLUTE
    _printf_ll                               0x00000000   Number         0  stubs.o ABSOLUTE
    _printf_lld                              0x00000000   Number         0  stubs.o ABSOLUTE
    _printf_lli                              0x00000000   Number         0  stubs.o ABSOLUTE
    _printf_llo                              0x00000000   Number         0  stubs.o ABSOLUTE
    _printf_llu                              0x00000000   Number         0  stubs.o ABSOLUTE
    _printf_llx                              0x00000000   Number         0  stubs.o ABSOLUTE
    _printf_longlong_dec                     0x00000000   Number         0  stubs.o ABSOLUTE
    _printf_longlong_hex                     0x00000000   Number         0  stubs.o ABSOLUTE
    _printf_longlong_oct                     0x00000000   Number         0  stubs.o ABSOLUTE
    _printf_ls                               0x00000000   Number         0  stubs.o ABSOLUTE
    _printf_mbtowc                           0x00000000   Number         0  stubs.o ABSOLUTE
    _printf_n                                0x00000000   Number         0  stubs.o ABSOLUTE
    _printf_o                                0x00000000   Number         0  stubs.o ABSOLUTE
    _printf_p                                0x00000000   Number         0  stubs.o ABSOLUTE
    _printf_percent                          0x00000000   Number         0  stubs.o ABSOLUTE
    _printf_pre_padding                      0x00000000   Number         0  stubs.o ABSOLUTE
    _printf_return_value                     0x00000000   Number         0  stubs.o ABSOLUTE
    _printf_s                                0x00000000   Number         0  stubs.o ABSOLUTE
    _printf_sizespec                         0x00000000   Number         0  stubs.o ABSOLUTE
    _printf_str                              0x00000000   Number         0  stubs.o ABSOLUTE
    _printf_truncate_signed                  0x00000000   Number         0  stubs.o ABSOLUTE
    _printf_truncate_unsigned                0x00000000   Number         0  stubs.o ABSOLUTE
    _printf_u                                0x00000000   Number         0  stubs.o ABSOLUTE
    _printf_wc                               0x00000000   Number         0  stubs.o ABSOLUTE
    _printf_wctomb                           0x00000000   Number         0  stubs.o ABSOLUTE
    _printf_widthprec                        0x00000000   Number         0  stubs.o ABSOLUTE
    _printf_x                                0x00000000   Number         0  stubs.o ABSOLUTE
    __cpp_initialize__aeabi_                  - Undefined Weak Reference
    __cxa_finalize                            - Undefined Weak Reference
    __decompress                              - Undefined Weak Reference
    _clock_init                               - Undefined Weak Reference
    _microlib_exit                            - Undefined Weak Reference
    __Vectors_Size                           0x00000188   Number         0  startup_stm32f4xx.o ABSOLUTE
    __Vectors                                0x08000000   Data           4  startup_stm32f4xx.o(RESET)
    __Vectors_End                            0x08000188   Data           0  startup_stm32f4xx.o(RESET)
    __main                                   0x08000189   Thumb Code     0  entry.o(.ARM.Collect$$$$00000000)
    _main_stk                                0x08000189   Thumb Code     0  entry2.o(.ARM.Collect$$$$00000001)
    _main_scatterload                        0x0800018d   Thumb Code     0  entry5.o(.ARM.Collect$$$$00000004)
    __main_after_scatterload                 0x08000191   Thumb Code     0  entry5.o(.ARM.Collect$$$$00000004)
    _main_clock                              0x08000191   Thumb Code     0  entry7b.o(.ARM.Collect$$$$00000008)
    _main_cpp_init                           0x08000191   Thumb Code     0  entry8b.o(.ARM.Collect$$$$0000000A)
    _main_init                               0x08000191   Thumb Code     0  entry9a.o(.ARM.Collect$$$$0000000B)
    __rt_final_cpp                           0x08000199   Thumb Code     0  entry10a.o(.ARM.Collect$$$$0000000D)
    __rt_final_exit                          0x08000199   Thumb Code     0  entry11a.o(.ARM.Collect$$$$0000000F)
    Task_StartUp                             0x0800019d   Thumb Code   206  main.o(.text)
    main                                     0x0800026b   Thumb Code    36  main.o(.text)
    Task_LED                                 0x080002bd   Thumb Code    86  task_test.o(.text)
    set_mp3_message                          0x08000313   Thumb Code    50  task_test.o(.text)
    Task_RS232                               0x08000345   Thumb Code   744  task_test.o(.text)
    Task_SenSor                              0x0800062d   Thumb Code    54  task_test.o(.text)
    play_mp3                                 0x080006b9   Thumb Code    68  task_voicecontrol.o(.text)
    Task_VoiceControl                        0x080006fd   Thumb Code   304  task_voicecontrol.o(.text)
    EXTI9_5_IRQHandler                       0x0800082d   Thumb Code    52  task_voicecontrol.o(.text)
    LED_Configuration                        0x08000885   Thumb Code   114  led.o(.text)
    LED_Delay                                0x080008f7   Thumb Code    10  led.o(.text)
    LED_Blink                                0x08000901   Thumb Code    84  led.o(.text)
    One_LED_ON                               0x08000955   Thumb Code   104  led.o(.text)
    BSP_Init                                 0x080009cd   Thumb Code    42  bsp_global.o(.text)
    DMA2_Stream7_IRQHandler                  0x080009f9   Thumb Code    36  dma.o(.text)
    DMA1_Stream6_IRQHandler                  0x08000a1d   Thumb Code    44  dma.o(.text)
    NVIC_Configuration                       0x08000a65   Thumb Code   154  nvic.o(.text)
    USART_232_Configuration                  0x08000b01   Thumb Code   164  sci.o(.text)
    USART2_Configuration                     0x08000ba5   Thumb Code   154  sci.o(.text)
    USART1_IRQHandler                        0x08000c3f   Thumb Code    62  sci.o(.text)
    RS232_DMA_Send                           0x08000c7d   Thumb Code    64  sci.o(.text)
    RS232_Send_Data                          0x08000cbd   Thumb Code    38  sci.o(.text)
    RS485_DMA_Send                           0x08000ce3   Thumb Code    72  sci.o(.text)
    RS485_Send_Data                          0x08000d35   Thumb Code    72  sci.o(.text)
    qj005_uart_init                          0x08000d7d   Thumb Code   124  sci.o(.text)
    USART2_IRQHandler                        0x08000df9   Thumb Code    68  sci.o(.text)
    qj005_send_data                          0x08000e3d   Thumb Code    42  sci.o(.text)
    send_mp3_command                         0x08000e67   Thumb Code   132  sci.o(.text)
    Sensor_Init                              0x08000f21   Thumb Code   108  yidaosensor.o(.text)
    GetSensorV                               0x08000f8d   Thumb Code   822  yidaosensor.o(.text)
    Adc_Init                                 0x080012d1   Thumb Code   124  adc.o(.text)
    Get_Adc                                  0x0800134d   Thumb Code    50  adc.o(.text)
    Task_Adc                                 0x0800137f   Thumb Code   142  adc.o(.text)
    Motor_pwm_init                           0x08001419   Thumb Code   184  pwm.o(.text)
    SetMoter                                 0x080014d1   Thumb Code    30  pwm.o(.text)
    EXTIX_Init                               0x080014f9   Thumb Code    78  exchangespeaker.o(.text)
    ExchangeSpeaker_Configuration            0x08001547   Thumb Code   118  exchangespeaker.o(.text)
    OptoSwitch_Init                          0x080015c5   Thumb Code    46  optoswitch.o(.text)
    GetOptoSwitch                            0x080015f3   Thumb Code   136  optoswitch.o(.text)
    Reset_Handler                            0x08001681   Thumb Code     8  startup_stm32f4xx.o(.text)
    NMI_Handler                              0x08001689   Thumb Code     2  startup_stm32f4xx.o(.text)
    HardFault_Handler                        0x0800168b   Thumb Code     2  startup_stm32f4xx.o(.text)
    MemManage_Handler                        0x0800168d   Thumb Code     2  startup_stm32f4xx.o(.text)
    BusFault_Handler                         0x0800168f   Thumb Code     2  startup_stm32f4xx.o(.text)
    UsageFault_Handler                       0x08001691   Thumb Code     2  startup_stm32f4xx.o(.text)
    SVC_Handler                              0x08001693   Thumb Code     2  startup_stm32f4xx.o(.text)
    DebugMon_Handler                         0x08001695   Thumb Code     2  startup_stm32f4xx.o(.text)
    ADC_IRQHandler                           0x0800169b   Thumb Code     0  startup_stm32f4xx.o(.text)
    CAN1_RX0_IRQHandler                      0x0800169b   Thumb Code     0  startup_stm32f4xx.o(.text)
    CAN1_RX1_IRQHandler                      0x0800169b   Thumb Code     0  startup_stm32f4xx.o(.text)
    CAN1_SCE_IRQHandler                      0x0800169b   Thumb Code     0  startup_stm32f4xx.o(.text)
    CAN1_TX_IRQHandler                       0x0800169b   Thumb Code     0  startup_stm32f4xx.o(.text)
    CAN2_RX0_IRQHandler                      0x0800169b   Thumb Code     0  startup_stm32f4xx.o(.text)
    CAN2_RX1_IRQHandler                      0x0800169b   Thumb Code     0  startup_stm32f4xx.o(.text)
    CAN2_SCE_IRQHandler                      0x0800169b   Thumb Code     0  startup_stm32f4xx.o(.text)
    CAN2_TX_IRQHandler                       0x0800169b   Thumb Code     0  startup_stm32f4xx.o(.text)
    CRYP_IRQHandler                          0x0800169b   Thumb Code     0  startup_stm32f4xx.o(.text)
    DCMI_IRQHandler                          0x0800169b   Thumb Code     0  startup_stm32f4xx.o(.text)
    DMA1_Stream0_IRQHandler                  0x0800169b   Thumb Code     0  startup_stm32f4xx.o(.text)
    DMA1_Stream1_IRQHandler                  0x0800169b   Thumb Code     0  startup_stm32f4xx.o(.text)
    DMA1_Stream2_IRQHandler                  0x0800169b   Thumb Code     0  startup_stm32f4xx.o(.text)
    DMA1_Stream3_IRQHandler                  0x0800169b   Thumb Code     0  startup_stm32f4xx.o(.text)
    DMA1_Stream4_IRQHandler                  0x0800169b   Thumb Code     0  startup_stm32f4xx.o(.text)
    DMA1_Stream5_IRQHandler                  0x0800169b   Thumb Code     0  startup_stm32f4xx.o(.text)
    DMA1_Stream7_IRQHandler                  0x0800169b   Thumb Code     0  startup_stm32f4xx.o(.text)
    DMA2_Stream0_IRQHandler                  0x0800169b   Thumb Code     0  startup_stm32f4xx.o(.text)
    DMA2_Stream1_IRQHandler                  0x0800169b   Thumb Code     0  startup_stm32f4xx.o(.text)
    DMA2_Stream2_IRQHandler                  0x0800169b   Thumb Code     0  startup_stm32f4xx.o(.text)
    DMA2_Stream3_IRQHandler                  0x0800169b   Thumb Code     0  startup_stm32f4xx.o(.text)
    DMA2_Stream4_IRQHandler                  0x0800169b   Thumb Code     0  startup_stm32f4xx.o(.text)
    DMA2_Stream5_IRQHandler                  0x0800169b   Thumb Code     0  startup_stm32f4xx.o(.text)
    DMA2_Stream6_IRQHandler                  0x0800169b   Thumb Code     0  startup_stm32f4xx.o(.text)
    ETH_IRQHandler                           0x0800169b   Thumb Code     0  startup_stm32f4xx.o(.text)
    ETH_WKUP_IRQHandler                      0x0800169b   Thumb Code     0  startup_stm32f4xx.o(.text)
    EXTI0_IRQHandler                         0x0800169b   Thumb Code     0  startup_stm32f4xx.o(.text)
    EXTI15_10_IRQHandler                     0x0800169b   Thumb Code     0  startup_stm32f4xx.o(.text)
    EXTI1_IRQHandler                         0x0800169b   Thumb Code     0  startup_stm32f4xx.o(.text)
    EXTI2_IRQHandler                         0x0800169b   Thumb Code     0  startup_stm32f4xx.o(.text)
    EXTI3_IRQHandler                         0x0800169b   Thumb Code     0  startup_stm32f4xx.o(.text)
    EXTI4_IRQHandler                         0x0800169b   Thumb Code     0  startup_stm32f4xx.o(.text)
    FLASH_IRQHandler                         0x0800169b   Thumb Code     0  startup_stm32f4xx.o(.text)
    FPU_IRQHandler                           0x0800169b   Thumb Code     0  startup_stm32f4xx.o(.text)
    FSMC_IRQHandler                          0x0800169b   Thumb Code     0  startup_stm32f4xx.o(.text)
    HASH_RNG_IRQHandler                      0x0800169b   Thumb Code     0  startup_stm32f4xx.o(.text)
    I2C1_ER_IRQHandler                       0x0800169b   Thumb Code     0  startup_stm32f4xx.o(.text)
    I2C1_EV_IRQHandler                       0x0800169b   Thumb Code     0  startup_stm32f4xx.o(.text)
    I2C2_ER_IRQHandler                       0x0800169b   Thumb Code     0  startup_stm32f4xx.o(.text)
    I2C2_EV_IRQHandler                       0x0800169b   Thumb Code     0  startup_stm32f4xx.o(.text)
    I2C3_ER_IRQHandler                       0x0800169b   Thumb Code     0  startup_stm32f4xx.o(.text)
    I2C3_EV_IRQHandler                       0x0800169b   Thumb Code     0  startup_stm32f4xx.o(.text)
    OTG_FS_IRQHandler                        0x0800169b   Thumb Code     0  startup_stm32f4xx.o(.text)
    OTG_FS_WKUP_IRQHandler                   0x0800169b   Thumb Code     0  startup_stm32f4xx.o(.text)
    OTG_HS_EP1_IN_IRQHandler                 0x0800169b   Thumb Code     0  startup_stm32f4xx.o(.text)
    OTG_HS_EP1_OUT_IRQHandler                0x0800169b   Thumb Code     0  startup_stm32f4xx.o(.text)
    OTG_HS_IRQHandler                        0x0800169b   Thumb Code     0  startup_stm32f4xx.o(.text)
    OTG_HS_WKUP_IRQHandler                   0x0800169b   Thumb Code     0  startup_stm32f4xx.o(.text)
    PVD_IRQHandler                           0x0800169b   Thumb Code     0  startup_stm32f4xx.o(.text)
    RCC_IRQHandler                           0x0800169b   Thumb Code     0  startup_stm32f4xx.o(.text)
    RTC_Alarm_IRQHandler                     0x0800169b   Thumb Code     0  startup_stm32f4xx.o(.text)
    RTC_WKUP_IRQHandler                      0x0800169b   Thumb Code     0  startup_stm32f4xx.o(.text)
    SDIO_IRQHandler                          0x0800169b   Thumb Code     0  startup_stm32f4xx.o(.text)
    SPI1_IRQHandler                          0x0800169b   Thumb Code     0  startup_stm32f4xx.o(.text)
    SPI2_IRQHandler                          0x0800169b   Thumb Code     0  startup_stm32f4xx.o(.text)
    SPI3_IRQHandler                          0x0800169b   Thumb Code     0  startup_stm32f4xx.o(.text)
    TAMP_STAMP_IRQHandler                    0x0800169b   Thumb Code     0  startup_stm32f4xx.o(.text)
    TIM1_BRK_TIM9_IRQHandler                 0x0800169b   Thumb Code     0  startup_stm32f4xx.o(.text)
    TIM1_CC_IRQHandler                       0x0800169b   Thumb Code     0  startup_stm32f4xx.o(.text)
    TIM1_TRG_COM_TIM11_IRQHandler            0x0800169b   Thumb Code     0  startup_stm32f4xx.o(.text)
    TIM1_UP_TIM10_IRQHandler                 0x0800169b   Thumb Code     0  startup_stm32f4xx.o(.text)
    TIM2_IRQHandler                          0x0800169b   Thumb Code     0  startup_stm32f4xx.o(.text)
    TIM3_IRQHandler                          0x0800169b   Thumb Code     0  startup_stm32f4xx.o(.text)
    TIM4_IRQHandler                          0x0800169b   Thumb Code     0  startup_stm32f4xx.o(.text)
    TIM5_IRQHandler                          0x0800169b   Thumb Code     0  startup_stm32f4xx.o(.text)
    TIM6_DAC_IRQHandler                      0x0800169b   Thumb Code     0  startup_stm32f4xx.o(.text)
    TIM7_IRQHandler                          0x0800169b   Thumb Code     0  startup_stm32f4xx.o(.text)
    TIM8_BRK_TIM12_IRQHandler                0x0800169b   Thumb Code     0  startup_stm32f4xx.o(.text)
    TIM8_CC_IRQHandler                       0x0800169b   Thumb Code     0  startup_stm32f4xx.o(.text)
    TIM8_TRG_COM_TIM14_IRQHandler            0x0800169b   Thumb Code     0  startup_stm32f4xx.o(.text)
    TIM8_UP_TIM13_IRQHandler                 0x0800169b   Thumb Code     0  startup_stm32f4xx.o(.text)
    UART4_IRQHandler                         0x0800169b   Thumb Code     0  startup_stm32f4xx.o(.text)
    UART5_IRQHandler                         0x0800169b   Thumb Code     0  startup_stm32f4xx.o(.text)
    USART3_IRQHandler                        0x0800169b   Thumb Code     0  startup_stm32f4xx.o(.text)
    USART6_IRQHandler                        0x0800169b   Thumb Code     0  startup_stm32f4xx.o(.text)
    WWDG_IRQHandler                          0x0800169b   Thumb Code     0  startup_stm32f4xx.o(.text)
    SystemInit                               0x08001781   Thumb Code    88  system_stm32f4xx.o(.text)
    SystemCoreClockUpdate                    0x080017d9   Thumb Code   174  system_stm32f4xx.o(.text)
    OS_CPU_SR_Save                           0x080018b5   Thumb Code     0  os_cpu_a.o(.text)
    OS_CPU_SR_Restore                        0x080018bd   Thumb Code     0  os_cpu_a.o(.text)
    OSStartHighRdy                           0x080018c3   Thumb Code     0  os_cpu_a.o(.text)
    OSCtxSw                                  0x080018e3   Thumb Code     0  os_cpu_a.o(.text)
    OSIntCtxSw                               0x080018ed   Thumb Code     0  os_cpu_a.o(.text)
    OS_CPU_PendSVHandler                     0x080018f7   Thumb Code     0  os_cpu_a.o(.text)
    CPU_IntDisable                           0x08001951   Thumb Code     0  os_cpu_a.o(.text)
    CPU_IntEnable                            0x08001955   Thumb Code     0  os_cpu_a.o(.text)
    OSInitHookBegin                          0x08001979   Thumb Code     8  os_cpu_c.o(.text)
    OSInitHookEnd                            0x08001981   Thumb Code     8  os_cpu_c.o(.text)
    OSTaskCreateHook                         0x08001989   Thumb Code     2  os_cpu_c.o(.text)
    OSTaskDelHook                            0x0800198b   Thumb Code     2  os_cpu_c.o(.text)
    OSTaskIdleHook                           0x0800198d   Thumb Code     2  os_cpu_c.o(.text)
    OSTaskReturnHook                         0x0800198f   Thumb Code     2  os_cpu_c.o(.text)
    OSTaskStatHook                           0x08001991   Thumb Code     2  os_cpu_c.o(.text)
    OSTaskStkInit                            0x08001993   Thumb Code   210  os_cpu_c.o(.text)
    OSTaskSwHook                             0x08001a65   Thumb Code     2  os_cpu_c.o(.text)
    OSTCBInitHook                            0x08001a67   Thumb Code     2  os_cpu_c.o(.text)
    OS_CPU_SysTickHandler                    0x08001a69   Thumb Code    34  os_cpu_c.o(.text)
    OS_CPU_SysTickInit                       0x08001a8b   Thumb Code    42  os_cpu_c.o(.text)
    OS_StrLen                                0x08001ac1   Thumb Code    20  os_core.o(.text)
    OSEventNameGet                           0x08001ad5   Thumb Code    98  os_core.o(.text)
    OSEventNameSet                           0x08001b37   Thumb Code    84  os_core.o(.text)
    OS_EventTaskRemoveMulti                  0x08001b8b   Thumb Code    58  os_core.o(.text)
    OS_Sched                                 0x08001bdf   Thumb Code    88  os_core.o(.text)
    OS_EventTaskWaitMulti                    0x08001c37   Thumb Code   136  os_core.o(.text)
    OSEventPendMulti                         0x08001cbf   Thumb Code   712  os_core.o(.text)
    OS_TaskStatStkChk                        0x08001f87   Thumb Code    54  os_core.o(.text)
    OS_TaskStat                              0x08001fbd   Thumb Code   114  os_core.o(.text)
    OS_TaskIdle                              0x08002063   Thumb Code    32  os_core.o(.text)
    OS_MemClr                                0x080020b7   Thumb Code    18  os_core.o(.text)
    OSInit                                   0x080021a7   Thumb Code    48  os_core.o(.text)
    OSIntEnter                               0x080021d7   Thumb Code    44  os_core.o(.text)
    OSIntExit                                0x08002203   Thumb Code   112  os_core.o(.text)
    OSSchedLock                              0x08002273   Thumb Code    50  os_core.o(.text)
    OSSchedUnlock                            0x080022a5   Thumb Code   228  os_core.o(.text)
    OSStart                                  0x08002389   Thumb Code    48  os_core.o(.text)
    OSStatInit                               0x080023b9   Thumb Code    62  os_core.o(.text)
    OSTimeTick                               0x080023f7   Thumb Code   206  os_core.o(.text)
    OSVersion                                0x080024c5   Thumb Code     6  os_core.o(.text)
    OS_Dummy                                 0x080024cb   Thumb Code     2  os_core.o(.text)
    OS_EventTaskRemove                       0x080024cd   Thumb Code    42  os_core.o(.text)
    OS_EventTaskRdy                          0x080024f7   Thumb Code   128  os_core.o(.text)
    OS_EventTaskWait                         0x08002577   Thumb Code   112  os_core.o(.text)
    OS_EventWaitListInit                     0x080025e7   Thumb Code    28  os_core.o(.text)
    OS_MemCopy                               0x08002603   Thumb Code    20  os_core.o(.text)
    OS_TCBInit                               0x08002617   Thumb Code   282  os_core.o(.text)
    OSFlagAccept                             0x08002775   Thumb Code   252  os_flag.o(.text)
    OSFlagCreate                             0x08002871   Thumb Code    86  os_flag.o(.text)
    OS_FlagUnlink                            0x080028c7   Thumb Code    36  os_flag.o(.text)
    OSFlagDel                                0x0800293d   Thumb Code   214  os_flag.o(.text)
    OSFlagNameGet                            0x08002a13   Thumb Code    80  os_flag.o(.text)
    OSFlagNameSet                            0x08002a63   Thumb Code    66  os_flag.o(.text)
    OSFlagPend                               0x08002b3d   Thumb Code   614  os_flag.o(.text)
    OSFlagPendGetFlagsRdy                    0x08002da3   Thumb Code    26  os_flag.o(.text)
    OSFlagPost                               0x08002dbd   Thumb Code   312  os_flag.o(.text)
    OSFlagQuery                              0x08002ef5   Thumb Code    48  os_flag.o(.text)
    OS_FlagInit                              0x08002f25   Thumb Code    64  os_flag.o(.text)
    OSMboxAccept                             0x08002f71   Thumb Code    38  os_mbox.o(.text)
    OSMboxCreate                             0x08002f97   Thumb Code    72  os_mbox.o(.text)
    OSMboxDel                                0x08002fdf   Thumb Code   210  os_mbox.o(.text)
    OSMboxPend                               0x080030b1   Thumb Code   252  os_mbox.o(.text)
    OSMboxPendAbort                          0x080031ad   Thumb Code   128  os_mbox.o(.text)
    OSMboxPost                               0x0800322d   Thumb Code    80  os_mbox.o(.text)
    OSMboxPostOpt                            0x0800327d   Thumb Code   120  os_mbox.o(.text)
    OSMboxQuery                              0x080032f5   Thumb Code    76  os_mbox.o(.text)
    OSMemCreate                              0x08003355   Thumb Code   114  os_mem.o(.text)
    OSMemGet                                 0x080033c7   Thumb Code    62  os_mem.o(.text)
    OSMemNameGet                             0x08003405   Thumb Code    60  os_mem.o(.text)
    OSMemNameSet                             0x08003441   Thumb Code    48  os_mem.o(.text)
    OSMemPut                                 0x08003471   Thumb Code    54  os_mem.o(.text)
    OSMemQuery                               0x080034a7   Thumb Code    52  os_mem.o(.text)
    OS_MemInit                               0x080034db   Thumb Code    60  os_mem.o(.text)
    OSQAccept                                0x08003529   Thumb Code    88  os_q.o(.text)
    OSQCreate                                0x08003581   Thumb Code   144  os_q.o(.text)
    OSQDel                                   0x08003611   Thumb Code   244  os_q.o(.text)
    OSQFlush                                 0x08003705   Thumb Code    36  os_q.o(.text)
    OSQPend                                  0x08003729   Thumb Code   278  os_q.o(.text)
    OSQPendAbort                             0x0800383f   Thumb Code   128  os_q.o(.text)
    OSQPost                                  0x080038bf   Thumb Code   114  os_q.o(.text)
    OSQPostFront                             0x08003931   Thumb Code   142  os_q.o(.text)
    OSQPostOpt                               0x080039bf   Thumb Code   182  os_q.o(.text)
    OSQQuery                                 0x08003a75   Thumb Code    98  os_q.o(.text)
    OS_QInit                                 0x08003ad7   Thumb Code    46  os_q.o(.text)
    OSSemAccept                              0x08003b0d   Thumb Code    42  os_sem.o(.text)
    OSSemCreate                              0x08003b37   Thumb Code    72  os_sem.o(.text)
    OSSemDel                                 0x08003b7f   Thumb Code   210  os_sem.o(.text)
    OSSemPend                                0x08003c51   Thumb Code   228  os_sem.o(.text)
    OSSemPendAbort                           0x08003d35   Thumb Code   128  os_sem.o(.text)
    OSSemPost                                0x08003db5   Thumb Code    88  os_sem.o(.text)
    OSSemQuery                               0x08003e0d   Thumb Code    82  os_sem.o(.text)
    OSSemSet                                 0x08003e5f   Thumb Code    66  os_sem.o(.text)
    OSTaskChangePrio                         0x08003eb5   Thumb Code   396  os_task.o(.text)
    OSTaskCreate                             0x08004041   Thumb Code   148  os_task.o(.text)
    OS_TaskStkClr                            0x080040d5   Thumb Code    26  os_task.o(.text)
    OSTaskCreateExt                          0x080040ef   Thumb Code   170  os_task.o(.text)
    OSTaskDel                                0x08004199   Thumb Code   352  os_task.o(.text)
    OSTaskDelReq                             0x080042f9   Thumb Code   100  os_task.o(.text)
    OSTaskNameGet                            0x0800435d   Thumb Code   114  os_task.o(.text)
    OSTaskNameSet                            0x080043cf   Thumb Code    98  os_task.o(.text)
    OSTaskResume                             0x08004431   Thumb Code   154  os_task.o(.text)
    OSTaskStkChk                             0x080044cb   Thumb Code   132  os_task.o(.text)
    OSTaskSuspend                            0x0800454f   Thumb Code   152  os_task.o(.text)
    OSTaskQuery                              0x080045e7   Thumb Code    82  os_task.o(.text)
    OSTaskRegGet                             0x08004639   Thumb Code    60  os_task.o(.text)
    OSTaskRegSet                             0x08004675   Thumb Code    62  os_task.o(.text)
    OS_TaskReturn                            0x080046b3   Thumb Code    18  os_task.o(.text)
    OSTimeDly                                0x080046dd   Thumb Code    92  os_time.o(.text)
    OSTimeDlyHMSM                            0x08004739   Thumb Code    76  os_time.o(.text)
    OSTimeDlyResume                          0x08004785   Thumb Code   168  os_time.o(.text)
    OSTimeGet                                0x0800482d   Thumb Code    24  os_time.o(.text)
    OSTimeSet                                0x08004845   Thumb Code    24  os_time.o(.text)
    NVIC_PriorityGroupConfig                 0x08004875   Thumb Code    10  misc.o(.text)
    NVIC_Init                                0x0800487f   Thumb Code   106  misc.o(.text)
    NVIC_SetVectorTable                      0x080048e9   Thumb Code    14  misc.o(.text)
    NVIC_SystemLPConfig                      0x080048f7   Thumb Code    34  misc.o(.text)
    SysTick_CLKSourceConfig                  0x08004919   Thumb Code    40  misc.o(.text)
    ADC_DeInit                               0x08004955   Thumb Code    22  stm32f4xx_adc.o(.text)
    ADC_Init                                 0x0800496b   Thumb Code    74  stm32f4xx_adc.o(.text)
    ADC_StructInit                           0x080049b5   Thumb Code    20  stm32f4xx_adc.o(.text)
    ADC_CommonInit                           0x080049c9   Thumb Code    34  stm32f4xx_adc.o(.text)
    ADC_CommonStructInit                     0x080049eb   Thumb Code    12  stm32f4xx_adc.o(.text)
    ADC_Cmd                                  0x080049f7   Thumb Code    22  stm32f4xx_adc.o(.text)
    ADC_AnalogWatchdogCmd                    0x08004a0d   Thumb Code    16  stm32f4xx_adc.o(.text)
    ADC_AnalogWatchdogThresholdsConfig       0x08004a1d   Thumb Code     6  stm32f4xx_adc.o(.text)
    ADC_AnalogWatchdogSingleChannelConfig    0x08004a23   Thumb Code    16  stm32f4xx_adc.o(.text)
    ADC_TempSensorVrefintCmd                 0x08004a33   Thumb Code    34  stm32f4xx_adc.o(.text)
    ADC_VBATCmd                              0x08004a55   Thumb Code    34  stm32f4xx_adc.o(.text)
    ADC_RegularChannelConfig                 0x08004a77   Thumb Code   184  stm32f4xx_adc.o(.text)
    ADC_SoftwareStartConv                    0x08004b2f   Thumb Code    10  stm32f4xx_adc.o(.text)
    ADC_GetSoftwareStartConvStatus           0x08004b39   Thumb Code    20  stm32f4xx_adc.o(.text)
    ADC_EOCOnEachRegularChannelCmd           0x08004b4d   Thumb Code    22  stm32f4xx_adc.o(.text)
    ADC_ContinuousModeCmd                    0x08004b63   Thumb Code    22  stm32f4xx_adc.o(.text)
    ADC_DiscModeChannelCountConfig           0x08004b79   Thumb Code    24  stm32f4xx_adc.o(.text)
    ADC_DiscModeCmd                          0x08004b91   Thumb Code    22  stm32f4xx_adc.o(.text)
    ADC_GetConversionValue                   0x08004ba7   Thumb Code     8  stm32f4xx_adc.o(.text)
    ADC_GetMultiModeConversionValue          0x08004baf   Thumb Code     8  stm32f4xx_adc.o(.text)
    ADC_DMACmd                               0x08004bb7   Thumb Code    22  stm32f4xx_adc.o(.text)
    ADC_DMARequestAfterLastTransferCmd       0x08004bcd   Thumb Code    22  stm32f4xx_adc.o(.text)
    ADC_MultiModeDMARequestAfterLastTransferCmd 0x08004be3   Thumb Code    34  stm32f4xx_adc.o(.text)
    ADC_InjectedChannelConfig                0x08004c05   Thumb Code   130  stm32f4xx_adc.o(.text)
    ADC_InjectedSequencerLengthConfig        0x08004c87   Thumb Code    24  stm32f4xx_adc.o(.text)
    ADC_SetInjectedOffset                    0x08004c9f   Thumb Code    20  stm32f4xx_adc.o(.text)
    ADC_ExternalTrigInjectedConvConfig       0x08004cb3   Thumb Code    16  stm32f4xx_adc.o(.text)
    ADC_ExternalTrigInjectedConvEdgeConfig   0x08004cc3   Thumb Code    16  stm32f4xx_adc.o(.text)
    ADC_SoftwareStartInjectedConv            0x08004cd3   Thumb Code    10  stm32f4xx_adc.o(.text)
    ADC_GetSoftwareStartInjectedConvCmdStatus 0x08004cdd   Thumb Code    20  stm32f4xx_adc.o(.text)
    ADC_AutoInjectedConvCmd                  0x08004cf1   Thumb Code    22  stm32f4xx_adc.o(.text)
    ADC_InjectedDiscModeCmd                  0x08004d07   Thumb Code    22  stm32f4xx_adc.o(.text)
    ADC_GetInjectedConversionValue           0x08004d1d   Thumb Code    28  stm32f4xx_adc.o(.text)
    ADC_ITConfig                             0x08004d39   Thumb Code    56  stm32f4xx_adc.o(.text)
    ADC_GetFlagStatus                        0x08004d71   Thumb Code    18  stm32f4xx_adc.o(.text)
    ADC_ClearFlag                            0x08004d83   Thumb Code     6  stm32f4xx_adc.o(.text)
    ADC_GetITStatus                          0x08004d89   Thumb Code    38  stm32f4xx_adc.o(.text)
    ADC_ClearITPendingBit                    0x08004daf   Thumb Code    10  stm32f4xx_adc.o(.text)
    DMA_DeInit                               0x08004db9   Thumb Code   324  stm32f4xx_dma.o(.text)
    DMA_Init                                 0x08004efd   Thumb Code    82  stm32f4xx_dma.o(.text)
    DMA_StructInit                           0x08004f4f   Thumb Code    34  stm32f4xx_dma.o(.text)
    DMA_Cmd                                  0x08004f71   Thumb Code    22  stm32f4xx_dma.o(.text)
    DMA_PeriphIncOffsetSizeConfig            0x08004f87   Thumb Code    22  stm32f4xx_dma.o(.text)
    DMA_FlowControllerConfig                 0x08004f9d   Thumb Code    22  stm32f4xx_dma.o(.text)
    DMA_SetCurrDataCounter                   0x08004fb3   Thumb Code     4  stm32f4xx_dma.o(.text)
    DMA_GetCurrDataCounter                   0x08004fb7   Thumb Code     8  stm32f4xx_dma.o(.text)
    DMA_DoubleBufferModeConfig               0x08004fbf   Thumb Code    24  stm32f4xx_dma.o(.text)
    DMA_DoubleBufferModeCmd                  0x08004fd7   Thumb Code    22  stm32f4xx_dma.o(.text)
    DMA_MemoryTargetConfig                   0x08004fed   Thumb Code    10  stm32f4xx_dma.o(.text)
    DMA_GetCurrentMemoryTarget               0x08004ff7   Thumb Code    20  stm32f4xx_dma.o(.text)
    DMA_GetCmdStatus                         0x0800500b   Thumb Code    20  stm32f4xx_dma.o(.text)
    DMA_GetFIFOStatus                        0x0800501f   Thumb Code    12  stm32f4xx_dma.o(.text)
    DMA_GetFlagStatus                        0x0800502b   Thumb Code    56  stm32f4xx_dma.o(.text)
    DMA_ClearFlag                            0x08005063   Thumb Code    40  stm32f4xx_dma.o(.text)
    DMA_ITConfig                             0x0800508b   Thumb Code    58  stm32f4xx_dma.o(.text)
    DMA_GetITStatus                          0x080050c5   Thumb Code    84  stm32f4xx_dma.o(.text)
    DMA_ClearITPendingBit                    0x08005119   Thumb Code    40  stm32f4xx_dma.o(.text)
    EXTI_DeInit                              0x08005161   Thumb Code    28  stm32f4xx_exti.o(.text)
    EXTI_Init                                0x0800517d   Thumb Code   142  stm32f4xx_exti.o(.text)
    EXTI_StructInit                          0x0800520b   Thumb Code    16  stm32f4xx_exti.o(.text)
    EXTI_GenerateSWInterrupt                 0x0800521b   Thumb Code    16  stm32f4xx_exti.o(.text)
    EXTI_GetFlagStatus                       0x0800522b   Thumb Code    22  stm32f4xx_exti.o(.text)
    EXTI_ClearFlag                           0x08005241   Thumb Code     8  stm32f4xx_exti.o(.text)
    EXTI_GetITStatus                         0x08005249   Thumb Code    22  stm32f4xx_exti.o(.text)
    EXTI_ClearITPendingBit                   0x0800525f   Thumb Code     8  stm32f4xx_exti.o(.text)
    GPIO_DeInit                              0x08005271   Thumb Code   268  stm32f4xx_gpio.o(.text)
    GPIO_Init                                0x0800537d   Thumb Code   144  stm32f4xx_gpio.o(.text)
    GPIO_StructInit                          0x0800540d   Thumb Code    18  stm32f4xx_gpio.o(.text)
    GPIO_PinLockConfig                       0x0800541f   Thumb Code    34  stm32f4xx_gpio.o(.text)
    GPIO_ReadInputDataBit                    0x08005441   Thumb Code    18  stm32f4xx_gpio.o(.text)
    GPIO_ReadInputData                       0x08005453   Thumb Code     8  stm32f4xx_gpio.o(.text)
    GPIO_ReadOutputDataBit                   0x0800545b   Thumb Code    18  stm32f4xx_gpio.o(.text)
    GPIO_ReadOutputData                      0x0800546d   Thumb Code     8  stm32f4xx_gpio.o(.text)
    GPIO_SetBits                             0x08005475   Thumb Code     4  stm32f4xx_gpio.o(.text)
    GPIO_ResetBits                           0x08005479   Thumb Code     4  stm32f4xx_gpio.o(.text)
    GPIO_WriteBit                            0x0800547d   Thumb Code    10  stm32f4xx_gpio.o(.text)
    GPIO_Write                               0x08005487   Thumb Code     4  stm32f4xx_gpio.o(.text)
    GPIO_ToggleBits                          0x0800548b   Thumb Code     8  stm32f4xx_gpio.o(.text)
    GPIO_PinAFConfig                         0x08005493   Thumb Code    70  stm32f4xx_gpio.o(.text)
    RCC_DeInit                               0x08005505   Thumb Code    82  stm32f4xx_rcc.o(.text)
    RCC_HSEConfig                            0x08005557   Thumb Code    14  stm32f4xx_rcc.o(.text)
    RCC_GetFlagStatus                        0x08005565   Thumb Code    60  stm32f4xx_rcc.o(.text)
    RCC_WaitForHSEStartUp                    0x080055a1   Thumb Code    56  stm32f4xx_rcc.o(.text)
    RCC_AdjustHSICalibrationValue            0x080055d9   Thumb Code    20  stm32f4xx_rcc.o(.text)
    RCC_HSICmd                               0x080055ed   Thumb Code     6  stm32f4xx_rcc.o(.text)
    RCC_LSEConfig                            0x080055f3   Thumb Code    46  stm32f4xx_rcc.o(.text)
    RCC_LSICmd                               0x08005621   Thumb Code     6  stm32f4xx_rcc.o(.text)
    RCC_PLLConfig                            0x08005627   Thumb Code    32  stm32f4xx_rcc.o(.text)
    RCC_PLLCmd                               0x08005647   Thumb Code     6  stm32f4xx_rcc.o(.text)
    RCC_PLLI2SConfig                         0x0800564d   Thumb Code    14  stm32f4xx_rcc.o(.text)
    RCC_PLLI2SCmd                            0x0800565b   Thumb Code     6  stm32f4xx_rcc.o(.text)
    RCC_PLLSAIConfig                         0x08005661   Thumb Code    20  stm32f4xx_rcc.o(.text)
    RCC_PLLSAICmd                            0x08005675   Thumb Code     6  stm32f4xx_rcc.o(.text)
    RCC_ClockSecuritySystemCmd               0x0800567b   Thumb Code     6  stm32f4xx_rcc.o(.text)
    RCC_MCO1Config                           0x08005681   Thumb Code    28  stm32f4xx_rcc.o(.text)
    RCC_MCO2Config                           0x0800569d   Thumb Code    28  stm32f4xx_rcc.o(.text)
    RCC_SYSCLKConfig                         0x080056b9   Thumb Code    20  stm32f4xx_rcc.o(.text)
    RCC_GetSYSCLKSource                      0x080056cd   Thumb Code    12  stm32f4xx_rcc.o(.text)
    RCC_HCLKConfig                           0x080056d9   Thumb Code    20  stm32f4xx_rcc.o(.text)
    RCC_PCLK1Config                          0x080056ed   Thumb Code    20  stm32f4xx_rcc.o(.text)
    RCC_PCLK2Config                          0x08005701   Thumb Code    22  stm32f4xx_rcc.o(.text)
    RCC_GetClocksFreq                        0x08005717   Thumb Code   222  stm32f4xx_rcc.o(.text)
    RCC_RTCCLKConfig                         0x080057f5   Thumb Code    54  stm32f4xx_rcc.o(.text)
    RCC_RTCCLKCmd                            0x0800582b   Thumb Code     8  stm32f4xx_rcc.o(.text)
    RCC_BackupResetCmd                       0x08005833   Thumb Code     8  stm32f4xx_rcc.o(.text)
    RCC_I2SCLKConfig                         0x0800583b   Thumb Code     6  stm32f4xx_rcc.o(.text)
    RCC_SAIBlockACLKConfig                   0x08005841   Thumb Code    20  stm32f4xx_rcc.o(.text)
    RCC_SAIBlockBCLKConfig                   0x08005855   Thumb Code    20  stm32f4xx_rcc.o(.text)
    RCC_SAIPLLI2SClkDivConfig                0x08005869   Thumb Code    26  stm32f4xx_rcc.o(.text)
    RCC_SAIPLLSAIClkDivConfig                0x08005883   Thumb Code    28  stm32f4xx_rcc.o(.text)
    RCC_LTDCCLKDivConfig                     0x0800589f   Thumb Code    20  stm32f4xx_rcc.o(.text)
    RCC_TIMCLKPresConfig                     0x080058b3   Thumb Code     6  stm32f4xx_rcc.o(.text)
    RCC_AHB1PeriphClockCmd                   0x080058b9   Thumb Code    34  stm32f4xx_rcc.o(.text)
    RCC_AHB2PeriphClockCmd                   0x080058db   Thumb Code    78  stm32f4xx_rcc.o(.text)
    RCC_AHB3PeriphClockCmd                   0x08005929   Thumb Code    34  stm32f4xx_rcc.o(.text)
    RCC_APB1PeriphClockCmd                   0x0800594b   Thumb Code    34  stm32f4xx_rcc.o(.text)
    RCC_APB2PeriphClockCmd                   0x0800596d   Thumb Code    34  stm32f4xx_rcc.o(.text)
    RCC_AHB1PeriphResetCmd                   0x0800598f   Thumb Code    34  stm32f4xx_rcc.o(.text)
    RCC_AHB2PeriphResetCmd                   0x080059b1   Thumb Code    34  stm32f4xx_rcc.o(.text)
    RCC_AHB3PeriphResetCmd                   0x080059d3   Thumb Code    34  stm32f4xx_rcc.o(.text)
    RCC_APB1PeriphResetCmd                   0x080059f5   Thumb Code    34  stm32f4xx_rcc.o(.text)
    RCC_APB2PeriphResetCmd                   0x08005a17   Thumb Code    34  stm32f4xx_rcc.o(.text)
    RCC_AHB1PeriphClockLPModeCmd             0x08005a39   Thumb Code    34  stm32f4xx_rcc.o(.text)
    RCC_AHB2PeriphClockLPModeCmd             0x08005a5b   Thumb Code    34  stm32f4xx_rcc.o(.text)
    RCC_AHB3PeriphClockLPModeCmd             0x08005a7d   Thumb Code    34  stm32f4xx_rcc.o(.text)
    RCC_APB1PeriphClockLPModeCmd             0x08005a9f   Thumb Code    34  stm32f4xx_rcc.o(.text)
    RCC_APB2PeriphClockLPModeCmd             0x08005ac1   Thumb Code    34  stm32f4xx_rcc.o(.text)
    RCC_LSEModeConfig                        0x08005ae3   Thumb Code    40  stm32f4xx_rcc.o(.text)
    RCC_ITConfig                             0x08005b0b   Thumb Code    34  stm32f4xx_rcc.o(.text)
    RCC_ClearFlag                            0x08005b2d   Thumb Code    18  stm32f4xx_rcc.o(.text)
    RCC_GetITStatus                          0x08005b3f   Thumb Code    22  stm32f4xx_rcc.o(.text)
    RCC_ClearITPendingBit                    0x08005b55   Thumb Code     8  stm32f4xx_rcc.o(.text)
    SYSCFG_DeInit                            0x08005b61   Thumb Code    22  stm32f4xx_syscfg.o(.text)
    SYSCFG_MemoryRemapConfig                 0x08005b77   Thumb Code     6  stm32f4xx_syscfg.o(.text)
    SYSCFG_MemorySwappingBank                0x08005b7d   Thumb Code     6  stm32f4xx_syscfg.o(.text)
    SYSCFG_EXTILineConfig                    0x08005b83   Thumb Code    66  stm32f4xx_syscfg.o(.text)
    SYSCFG_ETH_MediaInterfaceConfig          0x08005bc5   Thumb Code     8  stm32f4xx_syscfg.o(.text)
    SYSCFG_CompensationCellCmd               0x08005bcd   Thumb Code     6  stm32f4xx_syscfg.o(.text)
    SYSCFG_GetCompensationCellStatus         0x08005bd3   Thumb Code    22  stm32f4xx_syscfg.o(.text)
    TIM_DeInit                               0x08005bf5   Thumb Code   346  stm32f4xx_tim.o(.text)
    TIM_TimeBaseInit                         0x08005d4f   Thumb Code   104  stm32f4xx_tim.o(.text)
    TIM_TimeBaseStructInit                   0x08005db7   Thumb Code    18  stm32f4xx_tim.o(.text)
    TIM_PrescalerConfig                      0x08005dc9   Thumb Code     6  stm32f4xx_tim.o(.text)
    TIM_CounterModeConfig                    0x08005dcf   Thumb Code    18  stm32f4xx_tim.o(.text)
    TIM_SetCounter                           0x08005de1   Thumb Code     4  stm32f4xx_tim.o(.text)
    TIM_SetAutoreload                        0x08005de5   Thumb Code     4  stm32f4xx_tim.o(.text)
    TIM_GetCounter                           0x08005de9   Thumb Code     6  stm32f4xx_tim.o(.text)
    TIM_GetPrescaler                         0x08005def   Thumb Code     6  stm32f4xx_tim.o(.text)
    TIM_UpdateDisableConfig                  0x08005df5   Thumb Code    24  stm32f4xx_tim.o(.text)
    TIM_UpdateRequestConfig                  0x08005e0d   Thumb Code    24  stm32f4xx_tim.o(.text)
    TIM_ARRPreloadConfig                     0x08005e25   Thumb Code    24  stm32f4xx_tim.o(.text)
    TIM_SelectOnePulseMode                   0x08005e3d   Thumb Code    18  stm32f4xx_tim.o(.text)
    TIM_SetClockDivision                     0x08005e4f   Thumb Code    18  stm32f4xx_tim.o(.text)
    TIM_Cmd                                  0x08005e61   Thumb Code    24  stm32f4xx_tim.o(.text)
    TIM_OC1Init                              0x08005e79   Thumb Code   114  stm32f4xx_tim.o(.text)
    TIM_OC2Init                              0x08005eeb   Thumb Code   154  stm32f4xx_tim.o(.text)
    TIM_OC3Init                              0x08005f85   Thumb Code   204  stm32f4xx_tim.o(.text)
    TIM_OC4Init                              0x08006051   Thumb Code   112  stm32f4xx_tim.o(.text)
    TIM_OCStructInit                         0x080060c1   Thumb Code    20  stm32f4xx_tim.o(.text)
    TIM_SelectOCxM                           0x080060d5   Thumb Code    86  stm32f4xx_tim.o(.text)
    TIM_SetCompare1                          0x0800612b   Thumb Code     4  stm32f4xx_tim.o(.text)
    TIM_SetCompare2                          0x0800612f   Thumb Code     4  stm32f4xx_tim.o(.text)
    TIM_SetCompare3                          0x08006133   Thumb Code     4  stm32f4xx_tim.o(.text)
    TIM_SetCompare4                          0x08006137   Thumb Code     4  stm32f4xx_tim.o(.text)
    TIM_ForcedOC1Config                      0x0800613b   Thumb Code    18  stm32f4xx_tim.o(.text)
    TIM_ForcedOC2Config                      0x0800614d   Thumb Code    26  stm32f4xx_tim.o(.text)
    TIM_ForcedOC3Config                      0x08006167   Thumb Code    18  stm32f4xx_tim.o(.text)
    TIM_ForcedOC4Config                      0x08006179   Thumb Code    26  stm32f4xx_tim.o(.text)
    TIM_OC1PreloadConfig                     0x08006193   Thumb Code    18  stm32f4xx_tim.o(.text)
    TIM_OC2PreloadConfig                     0x080061a5   Thumb Code    26  stm32f4xx_tim.o(.text)
    TIM_OC3PreloadConfig                     0x080061bf   Thumb Code    18  stm32f4xx_tim.o(.text)
    TIM_OC4PreloadConfig                     0x080061d1   Thumb Code    26  stm32f4xx_tim.o(.text)
    TIM_OC1FastConfig                        0x080061eb   Thumb Code    18  stm32f4xx_tim.o(.text)
    TIM_OC2FastConfig                        0x080061fd   Thumb Code    26  stm32f4xx_tim.o(.text)
    TIM_OC3FastConfig                        0x08006217   Thumb Code    18  stm32f4xx_tim.o(.text)
    TIM_OC4FastConfig                        0x08006229   Thumb Code    26  stm32f4xx_tim.o(.text)
    TIM_ClearOC1Ref                          0x08006243   Thumb Code    18  stm32f4xx_tim.o(.text)
    TIM_ClearOC2Ref                          0x08006255   Thumb Code    24  stm32f4xx_tim.o(.text)
    TIM_ClearOC3Ref                          0x0800626d   Thumb Code    18  stm32f4xx_tim.o(.text)
    TIM_ClearOC4Ref                          0x0800627f   Thumb Code    24  stm32f4xx_tim.o(.text)
    TIM_OC1PolarityConfig                    0x08006297   Thumb Code    18  stm32f4xx_tim.o(.text)
    TIM_OC1NPolarityConfig                   0x080062a9   Thumb Code    18  stm32f4xx_tim.o(.text)
    TIM_OC2PolarityConfig                    0x080062bb   Thumb Code    26  stm32f4xx_tim.o(.text)
    TIM_OC2NPolarityConfig                   0x080062d5   Thumb Code    26  stm32f4xx_tim.o(.text)
    TIM_OC3PolarityConfig                    0x080062ef   Thumb Code    26  stm32f4xx_tim.o(.text)
    TIM_OC3NPolarityConfig                   0x08006309   Thumb Code    26  stm32f4xx_tim.o(.text)
    TIM_OC4PolarityConfig                    0x08006323   Thumb Code    26  stm32f4xx_tim.o(.text)
    TIM_CCxCmd                               0x0800633d   Thumb Code    30  stm32f4xx_tim.o(.text)
    TIM_CCxNCmd                              0x0800635b   Thumb Code    30  stm32f4xx_tim.o(.text)
    TIM_SetIC4Prescaler                      0x08006379   Thumb Code    26  stm32f4xx_tim.o(.text)
    TIM_SetIC3Prescaler                      0x080063e3   Thumb Code    18  stm32f4xx_tim.o(.text)
    TIM_SetIC2Prescaler                      0x0800643d   Thumb Code    26  stm32f4xx_tim.o(.text)
    TIM_SetIC1Prescaler                      0x080064b1   Thumb Code    18  stm32f4xx_tim.o(.text)
    TIM_ICInit                               0x080064fd   Thumb Code   110  stm32f4xx_tim.o(.text)
    TIM_ICStructInit                         0x0800656b   Thumb Code    18  stm32f4xx_tim.o(.text)
    TIM_PWMIConfig                           0x0800657d   Thumb Code   124  stm32f4xx_tim.o(.text)
    TIM_GetCapture1                          0x080065f9   Thumb Code     6  stm32f4xx_tim.o(.text)
    TIM_GetCapture2                          0x080065ff   Thumb Code     6  stm32f4xx_tim.o(.text)
    TIM_GetCapture3                          0x08006605   Thumb Code     6  stm32f4xx_tim.o(.text)
    TIM_GetCapture4                          0x0800660b   Thumb Code     6  stm32f4xx_tim.o(.text)
    TIM_BDTRConfig                           0x08006611   Thumb Code    32  stm32f4xx_tim.o(.text)
    TIM_BDTRStructInit                       0x08006631   Thumb Code    18  stm32f4xx_tim.o(.text)
    TIM_CtrlPWMOutputs                       0x08006643   Thumb Code    30  stm32f4xx_tim.o(.text)
    TIM_SelectCOM                            0x08006661   Thumb Code    24  stm32f4xx_tim.o(.text)
    TIM_CCPreloadControl                     0x08006679   Thumb Code    24  stm32f4xx_tim.o(.text)
    TIM_ITConfig                             0x08006691   Thumb Code    18  stm32f4xx_tim.o(.text)
    TIM_GenerateEvent                        0x080066a3   Thumb Code     4  stm32f4xx_tim.o(.text)
    TIM_GetFlagStatus                        0x080066a7   Thumb Code    18  stm32f4xx_tim.o(.text)
    TIM_ClearFlag                            0x080066b9   Thumb Code     6  stm32f4xx_tim.o(.text)
    TIM_GetITStatus                          0x080066bf   Thumb Code    34  stm32f4xx_tim.o(.text)
    TIM_ClearITPendingBit                    0x080066e1   Thumb Code     6  stm32f4xx_tim.o(.text)
    TIM_DMAConfig                            0x080066e7   Thumb Code    10  stm32f4xx_tim.o(.text)
    TIM_DMACmd                               0x080066f1   Thumb Code    18  stm32f4xx_tim.o(.text)
    TIM_SelectCCDMA                          0x08006703   Thumb Code    24  stm32f4xx_tim.o(.text)
    TIM_InternalClockConfig                  0x0800671b   Thumb Code    12  stm32f4xx_tim.o(.text)
    TIM_SelectInputTrigger                   0x08006727   Thumb Code    18  stm32f4xx_tim.o(.text)
    TIM_ITRxExternalClockConfig              0x08006739   Thumb Code    24  stm32f4xx_tim.o(.text)
    TIM_TIxExternalClockConfig               0x08006751   Thumb Code    62  stm32f4xx_tim.o(.text)
    TIM_ETRConfig                            0x0800678f   Thumb Code    28  stm32f4xx_tim.o(.text)
    TIM_ETRClockMode1Config                  0x080067ab   Thumb Code    54  stm32f4xx_tim.o(.text)
    TIM_ETRClockMode2Config                  0x080067e1   Thumb Code    32  stm32f4xx_tim.o(.text)
    TIM_SelectOutputTrigger                  0x08006801   Thumb Code    18  stm32f4xx_tim.o(.text)
    TIM_SelectSlaveMode                      0x08006813   Thumb Code    18  stm32f4xx_tim.o(.text)
    TIM_SelectMasterSlaveMode                0x08006825   Thumb Code    18  stm32f4xx_tim.o(.text)
    TIM_EncoderInterfaceConfig               0x08006837   Thumb Code    66  stm32f4xx_tim.o(.text)
    TIM_SelectHallSensor                     0x08006879   Thumb Code    24  stm32f4xx_tim.o(.text)
    TIM_RemapConfig                          0x08006891   Thumb Code     6  stm32f4xx_tim.o(.text)
    USART_DeInit                             0x08006899   Thumb Code   206  stm32f4xx_usart.o(.text)
    USART_Init                               0x08006967   Thumb Code   204  stm32f4xx_usart.o(.text)
    USART_StructInit                         0x08006a33   Thumb Code    24  stm32f4xx_usart.o(.text)
    USART_ClockInit                          0x08006a4b   Thumb Code    32  stm32f4xx_usart.o(.text)
    USART_ClockStructInit                    0x08006a6b   Thumb Code    12  stm32f4xx_usart.o(.text)
    USART_Cmd                                0x08006a77   Thumb Code    24  stm32f4xx_usart.o(.text)
    USART_SetPrescaler                       0x08006a8f   Thumb Code    16  stm32f4xx_usart.o(.text)
    USART_OverSampling8Cmd                   0x08006a9f   Thumb Code    22  stm32f4xx_usart.o(.text)
    USART_OneBitMethodCmd                    0x08006ab5   Thumb Code    24  stm32f4xx_usart.o(.text)
    USART_SendData                           0x08006acd   Thumb Code     8  stm32f4xx_usart.o(.text)
    USART_ReceiveData                        0x08006ad5   Thumb Code    10  stm32f4xx_usart.o(.text)
    USART_SetAddress                         0x08006adf   Thumb Code    18  stm32f4xx_usart.o(.text)
    USART_ReceiverWakeUpCmd                  0x08006af1   Thumb Code    24  stm32f4xx_usart.o(.text)
    USART_WakeUpConfig                       0x08006b09   Thumb Code    18  stm32f4xx_usart.o(.text)
    USART_LINBreakDetectLengthConfig         0x08006b1b   Thumb Code    18  stm32f4xx_usart.o(.text)
    USART_LINCmd                             0x08006b2d   Thumb Code    24  stm32f4xx_usart.o(.text)
    USART_SendBreak                          0x08006b45   Thumb Code    10  stm32f4xx_usart.o(.text)
    USART_HalfDuplexCmd                      0x08006b4f   Thumb Code    24  stm32f4xx_usart.o(.text)
    USART_SetGuardTime                       0x08006b67   Thumb Code    16  stm32f4xx_usart.o(.text)
    USART_SmartCardCmd                       0x08006b77   Thumb Code    24  stm32f4xx_usart.o(.text)
    USART_SmartCardNACKCmd                   0x08006b8f   Thumb Code    24  stm32f4xx_usart.o(.text)
    USART_IrDAConfig                         0x08006ba7   Thumb Code    18  stm32f4xx_usart.o(.text)
    USART_IrDACmd                            0x08006bb9   Thumb Code    24  stm32f4xx_usart.o(.text)
    USART_DMACmd                             0x08006bd1   Thumb Code    18  stm32f4xx_usart.o(.text)
    USART_ITConfig                           0x08006be3   Thumb Code    74  stm32f4xx_usart.o(.text)
    USART_GetFlagStatus                      0x08006c2d   Thumb Code    26  stm32f4xx_usart.o(.text)
    USART_ClearFlag                          0x08006c47   Thumb Code    18  stm32f4xx_usart.o(.text)
    USART_GetITStatus                        0x08006c59   Thumb Code   118  stm32f4xx_usart.o(.text)
    USART_ClearITPendingBit                  0x08006ccf   Thumb Code    30  stm32f4xx_usart.o(.text)
    rand                                     0x08006ced   Thumb Code    20  rand.o(.text)
    srand                                    0x08006d01   Thumb Code     6  rand.o(.text)
    __aeabi_memcpy                           0x08006d11   Thumb Code    36  memcpya.o(.text)
    __aeabi_memcpy4                          0x08006d11   Thumb Code     0  memcpya.o(.text)
    __aeabi_memcpy8                          0x08006d11   Thumb Code     0  memcpya.o(.text)
    __aeabi_memset                           0x08006d35   Thumb Code    14  memseta.o(.text)
    __aeabi_memset4                          0x08006d35   Thumb Code     0  memseta.o(.text)
    __aeabi_memset8                          0x08006d35   Thumb Code     0  memseta.o(.text)
    __aeabi_memclr                           0x08006d43   Thumb Code     4  memseta.o(.text)
    __aeabi_memclr4                          0x08006d43   Thumb Code     0  memseta.o(.text)
    __aeabi_memclr8                          0x08006d43   Thumb Code     0  memseta.o(.text)
    _memset$wrapper                          0x08006d47   Thumb Code    18  memseta.o(.text)
    strcat                                   0x08006d59   Thumb Code    24  strcat.o(.text)
    strlen                                   0x08006d71   Thumb Code    14  strlen.o(.text)
    strcpy                                   0x08006d7f   Thumb Code    18  strcpy.o(.text)
    __aeabi_uidiv                            0x08006d91   Thumb Code     0  uidiv.o(.text)
    __aeabi_uidivmod                         0x08006d91   Thumb Code    44  uidiv.o(.text)
    __scatterload                            0x08006dbd   Thumb Code    28  init.o(.text)
    __scatterload_rt2                        0x08006dbd   Thumb Code     0  init.o(.text)
    __0sprintf$6                             0x08006de1   Thumb Code    34  printf6.o(i.__0sprintf$6)
    __1sprintf$6                             0x08006de1   Thumb Code     0  printf6.o(i.__0sprintf$6)
    __2sprintf                               0x08006de1   Thumb Code     0  printf6.o(i.__0sprintf$6)
    __scatterload_copy                       0x08006e09   Thumb Code    14  handlers.o(i.__scatterload_copy)
    __scatterload_null                       0x08006e17   Thumb Code     2  handlers.o(i.__scatterload_null)
    __scatterload_zeroinit                   0x08006e19   Thumb Code    14  handlers.o(i.__scatterload_zeroinit)
    OSUnMapTbl                               0x08007192   Data         256  os_core.o(.constdata)
    Region$$Table$$Base                      0x08007294   Number         0  anon$$obj.o(Region$$Table)
    Region$$Table$$Limit                     0x080072b4   Number         0  anon$$obj.o(Region$$Table)
    TaskStartSem                             0x20000000   Data           4  main.o(.data)
    next_play_level                          0x20000004   Data           4  main.o(.data)
    is_play_end                              0x20000008   Data           1  task_test.o(.data)
    sqSendMsg                                0x2000000c   Data           4  task_test.o(.data)
    cmdtest                                  0x20000010   Data           1  task_test.o(.data)
    current_play_level                       0x20000014   Data           4  task_voicecontrol.o(.data)
    sqMp3PlayMsg                             0x20000018   Data           4  task_voicecontrol.o(.data)
    speaker_st                               0x2000001c   Data           1  task_voicecontrol.o(.data)
    finishmp3                                0x2000001d   Data           1  task_voicecontrol.o(.data)
    RS232_dma_send_flag                      0x2000001e   Data           1  dma.o(.data)
    RS485_dma_send_flag                      0x2000001f   Data           1  dma.o(.data)
    RS485_REC_Flag                           0x20000020   Data           1  sci.o(.data)
    RS485_rec_counter                        0x20000024   Data           4  sci.o(.data)
    RS485_send_data_length                   0x20000028   Data           2  sci.o(.data)
    RS232_REC_Flag                           0x2000002a   Data           1  sci.o(.data)
    RS232_rec_counter                        0x2000002c   Data           4  sci.o(.data)
    RS232_send_data_length                   0x20000030   Data           2  sci.o(.data)
    qj005_play_state                         0x20000032   Data           1  sci.o(.data)
    is_data_start                            0x20000033   Data           1  sci.o(.data)
    data_index                               0x20000034   Data           1  sci.o(.data)
    mp3finishcmd                             0x20000035   Data           1  sci.o(.data)
    SystemCoreClock                          0x20000038   Data           4  system_stm32f4xx.o(.data)
    AHBPrescTable                            0x2000003c   Data          16  system_stm32f4xx.o(.data)
    OSCtxSwCtr                               0x2000004c   Data           4  os_core.o(.data)
    OSEventFreeList                          0x20000050   Data           4  os_core.o(.data)
    OSFlagFreeList                           0x20000054   Data           4  os_core.o(.data)
    OSCPUUsage                               0x20000058   Data           1  os_core.o(.data)
    OSIdleCtrMax                             0x2000005c   Data           4  os_core.o(.data)
    OSIdleCtrRun                             0x20000060   Data           4  os_core.o(.data)
    OSStatRdy                                0x20000064   Data           1  os_core.o(.data)
    OSIntNesting                             0x20000065   Data           1  os_core.o(.data)
    OSLockNesting                            0x20000066   Data           1  os_core.o(.data)
    OSPrioCur                                0x20000067   Data           1  os_core.o(.data)
    OSPrioHighRdy                            0x20000068   Data           1  os_core.o(.data)
    OSRdyGrp                                 0x20000069   Data           1  os_core.o(.data)
    OSRdyTbl                                 0x2000006a   Data           8  os_core.o(.data)
    OSRunning                                0x20000072   Data           1  os_core.o(.data)
    OSTaskCtr                                0x20000073   Data           1  os_core.o(.data)
    OSIdleCtr                                0x20000074   Data           4  os_core.o(.data)
    OSTCBCur                                 0x20000078   Data           4  os_core.o(.data)
    OSTCBFreeList                            0x2000007c   Data           4  os_core.o(.data)
    OSTCBHighRdy                             0x20000080   Data           4  os_core.o(.data)
    OSTCBList                                0x20000084   Data           4  os_core.o(.data)
    OSTickStepState                          0x20000088   Data           1  os_core.o(.data)
    OSMemFreeList                            0x2000008c   Data           4  os_core.o(.data)
    OSQFreeList                              0x20000090   Data           4  os_core.o(.data)
    OSTime                                   0x20000094   Data           4  os_core.o(.data)
    next_mp3_file                            0x200000ac   Data          30  main.o(.bss)
    Stk_TaskStartUp                          0x200000cc   Data         400  main.o(.bss)
    Stk_Task_LED                             0x2000025c   Data        1600  task_test.o(.bss)
    Stk_Task_RS232                           0x2000089c   Data        1600  task_test.o(.bss)
    Stk_sensor                               0x20000edc   Data        1600  task_test.o(.bss)
    sensorv                                  0x2000151c   Data         100  task_test.o(.bss)
    Stk_Task_VoiceCtrl                       0x20001580   Data        1600  task_voicecontrol.o(.bss)
    RS485_buff                               0x20001bc0   Data        1024  sci.o(.bss)
    RS232_buff                               0x20001fc0   Data        1024  sci.o(.bss)
    recvdata                                 0x200023c0   Data          30  sci.o(.bss)
    Stk_adc                                  0x200023e0   Data        1600  adc.o(.bss)
    OSEventTbl                               0x20002a20   Data         240  os_core.o(.bss)
    OSFlagTbl                                0x20002b10   Data          80  os_core.o(.bss)
    OSTaskStatStk                            0x20002b60   Data         512  os_core.o(.bss)
    OSTaskIdleStk                            0x20002d60   Data         512  os_core.o(.bss)
    OSTCBPrioTbl                             0x20002f60   Data         256  os_core.o(.bss)
    OSTCBTbl                                 0x20003060   Data        1936  os_core.o(.bss)
    OSMemTbl                                 0x200037f0   Data         120  os_core.o(.bss)
    OSQTbl                                   0x20003868   Data          96  os_core.o(.bss)
    __initial_sp                             0x20003cc8   Data           0  startup_stm32f4xx.o(STACK)



==============================================================================

Memory Map of the image

  Image Entry point : 0x08000189

  Load Region LR_IROM1 (Base: 0x08000000, Size: 0x00007360, Max: 0x00080000, ABSOLUTE)

    Execution Region ER_IROM1 (Base: 0x08000000, Size: 0x000072b4, Max: 0x00080000, ABSOLUTE)

    Base Addr    Size         Type   Attr      Idx    E Section Name        Object

    0x08000000   0x00000188   Data   RO          488    RESET               startup_stm32f4xx.o
    0x08000188   0x00000000   Code   RO         1269  * .ARM.Collect$$$$00000000  mc_w.l(entry.o)
    0x08000188   0x00000004   Code   RO         1548    .ARM.Collect$$$$00000001  mc_w.l(entry2.o)
    0x0800018c   0x00000004   Code   RO         1551    .ARM.Collect$$$$00000004  mc_w.l(entry5.o)
    0x08000190   0x00000000   Code   RO         1553    .ARM.Collect$$$$00000008  mc_w.l(entry7b.o)
    0x08000190   0x00000000   Code   RO         1555    .ARM.Collect$$$$0000000A  mc_w.l(entry8b.o)
    0x08000190   0x00000008   Code   RO         1556    .ARM.Collect$$$$0000000B  mc_w.l(entry9a.o)
    0x08000198   0x00000000   Code   RO         1558    .ARM.Collect$$$$0000000D  mc_w.l(entry10a.o)
    0x08000198   0x00000000   Code   RO         1560    .ARM.Collect$$$$0000000F  mc_w.l(entry11a.o)
    0x08000198   0x00000004   Code   RO         1549    .ARM.Collect$$$$00002712  mc_w.l(entry2.o)
    0x0800019c   0x00000120   Code   RO            2    .text               main.o
    0x080002bc   0x000003fc   Code   RO          197    .text               task_test.o
    0x080006b8   0x000001cc   Code   RO          254    .text               task_voicecontrol.o
    0x08000884   0x00000148   Code   RO          277    .text               led.o
    0x080009cc   0x0000002a   Code   RO          293    .text               bsp_global.o
    0x080009f6   0x00000002   PAD
    0x080009f8   0x0000006c   Code   RO          315    .text               dma.o
    0x08000a64   0x0000009a   Code   RO          335    .text               nvic.o
    0x08000afe   0x00000002   PAD
    0x08000b00   0x00000420   Code   RO          351    .text               sci.o
    0x08000f20   0x000003b0   Code   RO          379    .text               yidaosensor.o
    0x080012d0   0x00000148   Code   RO          401    .text               adc.o
    0x08001418   0x000000e0   Code   RO          424    .text               pwm.o
    0x080014f8   0x000000cc   Code   RO          440    .text               exchangespeaker.o
    0x080015c4   0x000000bc   Code   RO          456    .text               optoswitch.o
    0x08001680   0x00000024   Code   RO          489    .text               startup_stm32f4xx.o
    0x080016a4   0x00000210   Code   RO          494    .text               system_stm32f4xx.o
    0x080018b4   0x000000c4   Code   RO          515    .text               os_cpu_a.o
    0x08001978   0x00000148   Code   RO          519    .text               os_cpu_c.o
    0x08001ac0   0x00000cb4   Code   RO          548    .text               os_core.o
    0x08002774   0x000007fc   Code   RO          572    .text               os_flag.o
    0x08002f70   0x000003e4   Code   RO          588    .text               os_mbox.o
    0x08003354   0x000001d4   Code   RO          604    .text               os_mem.o
    0x08003528   0x000005e4   Code   RO          636    .text               os_q.o
    0x08003b0c   0x000003a8   Code   RO          652    .text               os_sem.o
    0x08003eb4   0x00000828   Code   RO          668    .text               os_task.o
    0x080046dc   0x00000198   Code   RO          684    .text               os_time.o
    0x08004874   0x000000e0   Code   RO          710    .text               misc.o
    0x08004954   0x00000464   Code   RO          729    .text               stm32f4xx_adc.o
    0x08004db8   0x000003a8   Code   RO          910    .text               stm32f4xx_dma.o
    0x08005160   0x00000110   Code   RO          929    .text               stm32f4xx_exti.o
    0x08005270   0x00000294   Code   RO          989    .text               stm32f4xx_gpio.o
    0x08005504   0x0000065c   Code   RO         1116    .text               stm32f4xx_rcc.o
    0x08005b60   0x00000094   Code   RO         1194    .text               stm32f4xx_syscfg.o
    0x08005bf4   0x00000ca2   Code   RO         1213    .text               stm32f4xx_tim.o
    0x08006896   0x00000002   PAD
    0x08006898   0x00000454   Code   RO         1232    .text               stm32f4xx_usart.o
    0x08006cec   0x00000024   Code   RO         1272    .text               mc_w.l(rand.o)
    0x08006d10   0x00000024   Code   RO         1275    .text               mc_w.l(memcpya.o)
    0x08006d34   0x00000024   Code   RO         1277    .text               mc_w.l(memseta.o)
    0x08006d58   0x00000018   Code   RO         1279    .text               mc_w.l(strcat.o)
    0x08006d70   0x0000000e   Code   RO         1281    .text               mc_w.l(strlen.o)
    0x08006d7e   0x00000012   Code   RO         1283    .text               mc_w.l(strcpy.o)
    0x08006d90   0x0000002c   Code   RO         1565    .text               mc_w.l(uidiv.o)
    0x08006dbc   0x00000024   Code   RO         1580    .text               mc_w.l(init.o)
    0x08006de0   0x00000028   Code   RO         1444    i.__0sprintf$6      mc_w.l(printf6.o)
    0x08006e08   0x0000000e   Code   RO         1594    i.__scatterload_copy  mc_w.l(handlers.o)
    0x08006e16   0x00000002   Code   RO         1595    i.__scatterload_null  mc_w.l(handlers.o)
    0x08006e18   0x0000000e   Code   RO         1596    i.__scatterload_zeroinit  mc_w.l(handlers.o)
    0x08006e26   0x00000002   PAD
    0x08006e28   0x000002f0   Code   RO         1449    i._printf_core      mc_w.l(printf6.o)
    0x08007118   0x00000024   Code   RO         1450    i._printf_post_padding  mc_w.l(printf6.o)
    0x0800713c   0x0000002e   Code   RO         1451    i._printf_pre_padding  mc_w.l(printf6.o)
    0x0800716a   0x0000000a   Code   RO         1453    i._sputc            mc_w.l(printf6.o)
    0x08007174   0x0000001e   Data   RO          353    .constdata          sci.o
    0x08007192   0x00000100   Data   RO          550    .constdata          os_core.o
    0x08007292   0x00000002   PAD
    0x08007294   0x00000020   Data   RO         1592    Region$$Table       anon$$obj.o


    Execution Region RW_IRAM1 (Base: 0x20000000, Size: 0x00003cc8, Max: 0x00020000, ABSOLUTE)

    Base Addr    Size         Type   Attr      Idx    E Section Name        Object

    0x20000000   0x00000008   Data   RW            4    .data               main.o
    0x20000008   0x00000009   Data   RW          199    .data               task_test.o
    0x20000011   0x00000003   PAD
    0x20000014   0x0000000a   Data   RW          256    .data               task_voicecontrol.o
    0x2000001e   0x00000002   Data   RW          317    .data               dma.o
    0x20000020   0x00000016   Data   RW          354    .data               sci.o
    0x20000036   0x00000002   PAD
    0x20000038   0x00000014   Data   RW          495    .data               system_stm32f4xx.o
    0x2000004c   0x0000004c   Data   RW          551    .data               os_core.o
    0x20000098   0x00000010   Data   RW         1117    .data               stm32f4xx_rcc.o
    0x200000a8   0x00000004   Data   RW         1273    .data               mc_w.l(rand.o)
    0x200000ac   0x000001b0   Zero   RW            3    .bss                main.o
    0x2000025c   0x00001324   Zero   RW          198    .bss                task_test.o
    0x20001580   0x00000640   Zero   RW          255    .bss                task_voicecontrol.o
    0x20001bc0   0x0000081e   Zero   RW          352    .bss                sci.o
    0x200023de   0x00000002   PAD
    0x200023e0   0x00000640   Zero   RW          402    .bss                adc.o
    0x20002a20   0x00000ea8   Zero   RW          549    .bss                os_core.o
    0x200038c8   0x00000400   Zero   RW          486    STACK               startup_stm32f4xx.o


==============================================================================

Image component sizes


      Code (inc. data)   RO Data    RW Data    ZI Data      Debug   Object Name

       328         12          0          0       1600       1748   adc.o
        42          0          0          0          0        487   bsp_global.o
       108         28          0          2          0       1360   dma.o
       204          8          0          0          0        815   exchangespeaker.o
       328         16          0          0          0       1151   led.o
       288         46          0          8        432     339136   main.o
       224         20          0          0          0       3461   misc.o
       154          0          0          0          0        585   nvic.o
       188          6          0          0          0        812   optoswitch.o
      3252        276        256         76       3752      19699   os_core.o
       196         32          0          0          0        312   os_cpu_a.o
       328         12          0          0          0       3400   os_cpu_c.o
      2044         40          0          0          0       6848   os_flag.o
       996         20          0          0          0       4122   os_mbox.o
       468         18          0          0          0       3056   os_mem.o
      1508         34          0          0          0       5485   os_q.o
       936         20          0          0          0       3866   os_sem.o
      2088         68          0          0          0       7677   os_task.o
       408         24          0          0          0       1774   os_time.o
       224         10          0          0          0        946   pwm.o
      1056         54         30         22       2078       4994   sci.o
        36          8        392          0       1024        836   startup_stm32f4xx.o
      1124         24          0          0          0      24330   stm32f4xx_adc.o
       936         32          0          0          0      18841   stm32f4xx_dma.o
       272         10          0          0          0       4663   stm32f4xx_exti.o
       660         44          0          0          0      11145   stm32f4xx_gpio.o
      1628         52          0         16          0      28312   stm32f4xx_rcc.o
       148         12          0          0          0       1841   stm32f4xx_syscfg.o
      3234         60          0          0          0      42008   stm32f4xx_tim.o
      1108         34          0          0          0      13792   stm32f4xx_usart.o
       528         46          0         20          0       1831   system_stm32f4xx.o
      1020         86          0          9       4900       4340   task_test.o
       460         36          0         10       1600       2738   task_voicecontrol.o
       944         14          0          0          0       2009   yidaosensor.o

    ----------------------------------------------------------------------
     27472       1202        712        168      15388     568420   Object Totals
         0          0         32          0          0          0   (incl. Generated)
         6          0          2          5          2          0   (incl. Padding)

    ----------------------------------------------------------------------

      Code (inc. data)   RO Data    RW Data    ZI Data      Debug   Library Member Name

         0          0          0          0          0          0   entry.o
         0          0          0          0          0          0   entry10a.o
         0          0          0          0          0          0   entry11a.o
         8          4          0          0          0          0   entry2.o
         4          0          0          0          0          0   entry5.o
         0          0          0          0          0          0   entry7b.o
         0          0          0          0          0          0   entry8b.o
         8          4          0          0          0          0   entry9a.o
        30          0          0          0          0          0   handlers.o
        36          8          0          0          0         68   init.o
        36          0          0          0          0         68   memcpya.o
        36          0          0          0          0        108   memseta.o
       884         10          0          0          0        420   printf6.o
        36         10          0          4          0        136   rand.o
        24          0          0          0          0         68   strcat.o
        18          0          0          0          0         68   strcpy.o
        14          0          0          0          0         68   strlen.o
        44          0          0          0          0         80   uidiv.o

    ----------------------------------------------------------------------
      1180         36          0          4          0       1084   Library Totals
         2          0          0          0          0          0   (incl. Padding)

    ----------------------------------------------------------------------

      Code (inc. data)   RO Data    RW Data    ZI Data      Debug   Library Name

      1178         36          0          4          0       1084   mc_w.l

    ----------------------------------------------------------------------
      1180         36          0          4          0       1084   Library Totals

    ----------------------------------------------------------------------

==============================================================================


      Code (inc. data)   RO Data    RW Data    ZI Data      Debug   

     28652       1238        712        172      15388     563040   Grand Totals
     28652       1238        712        172      15388     563040   ELF Image Totals
     28652       1238        712        172          0          0   ROM Totals

==============================================================================

    Total RO  Size (Code + RO Data)                29364 (  28.68kB)
    Total RW  Size (RW Data + ZI Data)             15560 (  15.20kB)
    Total ROM Size (Code + RO Data + RW Data)      29536 (  28.84kB)

==============================================================================

