Component: ARM Compiler 5.05 update 2 (build 169) Tool: armlink [4d0f33]

==============================================================================

Section Cross References

    main.o(.text) refers to os_sem.o(.text) for OSSemCreate
    main.o(.text) refers to stm32f4xx_tim.o(.text) for TIM_SetCompare1
    main.o(.text) refers to os_time.o(.text) for OSTimeDlyHMSM
    main.o(.text) refers to bsp_global.o(.text) for BSP_Init
    main.o(.text) refers to os_core.o(.text) for OSInit
    main.o(.text) refers to os_task.o(.text) for OSTaskCreate
    main.o(.text) refers to system_stm32f4xx.o(.data) for SystemCoreClock
    main.o(.text) refers to main.o(.data) for TaskStartSem
    main.o(.text) refers to main.o(.bss) for Stk_TaskStartUp
    task_test.o(.text) refers to os_time.o(.text) for OSTimeDlyHMSM
    task_test.o(.text) refers to stm32f4xx_gpio.o(.text) for GPIO_ToggleBits
    task_test.o(.text) refers to memseta.o(.text) for __aeabi_memclr
    task_test.o(.text) refers to printf6.o(i.__0sprintf$6) for __2sprintf
    task_test.o(.text) refers to os_mbox.o(.text) for OSMboxCreate
    task_test.o(.text) refers to rand.o(.text) for rand
    task_test.o(.text) refers to os_sem.o(.text) for OSSemPend
    task_test.o(.text) refers to main.o(.bss) for next_mp3_file
    task_test.o(.text) refers to main.o(.data) for next_play_level
    task_test.o(.text) refers to task_test.o(.data) for sqSendMsg
    task_test.o(.text) refers to task_test.o(.bss) for sensorv
    task_voicecontrol.o(.text) refers to os_mbox.o(.text) for OSMboxCreate
    task_voicecontrol.o(.text) refers to os_time.o(.text) for OSTimeDlyHMSM
    task_voicecontrol.o(.text) refers to os_sem.o(.text) for OSSemPost
    task_voicecontrol.o(.text) refers to stm32f4xx_gpio.o(.text) for GPIO_ReadInputDataBit
    task_voicecontrol.o(.text) refers to os_core.o(.text) for OSIntEnter
    task_voicecontrol.o(.text) refers to stm32f4xx_exti.o(.text) for EXTI_ClearITPendingBit
    task_voicecontrol.o(.text) refers to task_voicecontrol.o(.data) for sqMp3PlayMsg
    task_voicecontrol.o(.text) refers to main.o(.data) for TaskStartSem
    led.o(.text) refers to stm32f4xx_rcc.o(.text) for RCC_AHB1PeriphClockCmd
    led.o(.text) refers to stm32f4xx_gpio.o(.text) for GPIO_Init
    bsp_global.o(.text) refers to stm32f4xx_gpio.o(.text) for GPIO_SetBits
    bsp_global.o(.text) refers to stm32f4xx_rcc.o(.text) for RCC_AHB1PeriphClockCmd
    bsp_global.o(.text) refers to nvic.o(.text) for NVIC_Configuration
    bsp_global.o(.text) refers to sci.o(.text) for USART1_Configuration
    bsp_global.o(.text) refers to motor.o(.text) for MotorInit
    bsp_global.o(.text) refers to steeringengine.o(.text) for SteeringEngineInit
    dma.o(.text) refers to stm32f4xx_dma.o(.text) for DMA_GetITStatus
    dma.o(.text) refers to stm32f4xx_gpio.o(.text) for GPIO_ResetBits
    dma.o(.text) refers to dma.o(.data) for RS232_dma_send_flag
    nvic.o(.text) refers to misc.o(.text) for NVIC_SetVectorTable
    sci.o(.text) refers to stm32f4xx_rcc.o(.text) for RCC_AHB1PeriphClockCmd
    sci.o(.text) refers to stm32f4xx_gpio.o(.text) for GPIO_PinAFConfig
    sci.o(.text) refers to stm32f4xx_usart.o(.text) for USART_DeInit
    sci.o(.text) refers to misc.o(.text) for NVIC_PriorityGroupConfig
    sci.o(.text) refers to os_core.o(.text) for OSIntEnter
    sci.o(.text) refers to stm32f4xx_dma.o(.text) for DMA_SetCurrDataCounter
    sci.o(.text) refers to sci.o(.bss) for RS232_buff
    sci.o(.text) refers to sci.o(.data) for RS232_rec_counter
    sci.o(.text) refers to dma.o(.data) for RS232_dma_send_flag
    sci.o(.text) refers to strlen.o(.text) for strlen
    sci.o(.text) refers to memcpya.o(.text) for __aeabi_memcpy4
    sci.o(.text) refers to strcat.o(.text) for strcat
    sci.o(.text) refers to sci.o(.constdata) for .constdata
    adc.o(.text) refers to stm32f4xx_rcc.o(.text) for RCC_AHB1PeriphClockCmd
    adc.o(.text) refers to stm32f4xx_gpio.o(.text) for GPIO_Init
    adc.o(.text) refers to stm32f4xx_adc.o(.text) for ADC_CommonInit
    adc.o(.text) refers to os_time.o(.text) for OSTimeDlyHMSM
    exchangespeaker.o(.text) refers to stm32f4xx_rcc.o(.text) for RCC_APB2PeriphClockCmd
    exchangespeaker.o(.text) refers to stm32f4xx_syscfg.o(.text) for SYSCFG_EXTILineConfig
    exchangespeaker.o(.text) refers to stm32f4xx_exti.o(.text) for EXTI_Init
    exchangespeaker.o(.text) refers to misc.o(.text) for NVIC_Init
    exchangespeaker.o(.text) refers to stm32f4xx_gpio.o(.text) for GPIO_Init
    optoswitch.o(.text) refers to stm32f4xx_rcc.o(.text) for RCC_AHB1PeriphClockCmd
    optoswitch.o(.text) refers to stm32f4xx_gpio.o(.text) for GPIO_Init
    optoswitch.o(.text) refers to os_time.o(.text) for OSTimeDlyHMSM
    motor.o(.text) refers to stm32f4xx_rcc.o(.text) for RCC_APB2PeriphClockCmd
    motor.o(.text) refers to stm32f4xx_gpio.o(.text) for GPIO_PinAFConfig
    motor.o(.text) refers to stm32f4xx_tim.o(.text) for TIM_TimeBaseInit
[...]
    Removing stm32f4xx_dma.o(.emb_text), (8 bytes).
    Removing stm32f4xx_exti.o(.emb_text), (8 bytes).
    Removing stm32f4xx_flash.o(.emb_text), (8 bytes).
    Removing stm32f4xx_flash.o(.text), (1684 bytes).
    Removing stm32f4xx_fsmc.o(.emb_text), (8 bytes).
    Removing stm32f4xx_fsmc.o(.text), (1684 bytes).
    Removing stm32f4xx_fsmc.o(.constdata), (28 bytes).
    Removing stm32f4xx_gpio.o(.emb_text), (8 bytes).
    Removing stm32f4xx_hash.o(.emb_text), (8 bytes).
    Removing stm32f4xx_hash.o(.text), (552 bytes).
    Removing stm32f4xx_hash_md5.o(.emb_text), (8 bytes).
    Removing stm32f4xx_hash_md5.o(.text), (534 bytes).
    Removing stm32f4xx_hash_sha1.o(.emb_text), (8 bytes).
    Removing stm32f4xx_hash_sha1.o(.text), (548 bytes).
    Removing stm32f4xx_i2c.o(.emb_text), (8 bytes).
    Removing stm32f4xx_i2c.o(.text), (1110 bytes).
    Removing stm32f4xx_iwdg.o(.emb_text), (8 bytes).
    Removing stm32f4xx_iwdg.o(.text), (64 bytes).
    Removing stm32f4xx_pwr.o(.emb_text), (8 bytes).
    Removing stm32f4xx_pwr.o(.text), (328 bytes).
    Removing stm32f4xx_rcc.o(.emb_text), (8 bytes).
    Removing stm32f4xx_rtc.o(.emb_text), (8 bytes).
    Removing stm32f4xx_rtc.o(.text), (3440 bytes).
    Removing stm32f4xx_sdio.o(.emb_text), (8 bytes).
    Removing stm32f4xx_sdio.o(.text), (476 bytes).
    Removing stm32f4xx_spi.o(.emb_text), (8 bytes).
    Removing stm32f4xx_spi.o(.text), (1152 bytes).
    Removing stm32f4xx_syscfg.o(.emb_text), (8 bytes).
    Removing stm32f4xx_tim.o(.emb_text), (8 bytes).
    Removing stm32f4xx_usart.o(.emb_text), (8 bytes).
    Removing stm32f4xx_wwdg.o(.emb_text), (8 bytes).
    Removing stm32f4xx_wwdg.o(.text), (144 bytes).
    Removing dadd.o(.text), (334 bytes).
    Removing dmul.o(.text), (228 bytes).
    Removing ddiv.o(.text), (222 bytes).
    Removing dfixul.o(.text), (48 bytes).
    Removing cdrcmple.o(.text), (48 bytes).
    Removing depilogue.o(.text), (186 bytes).

100 unused section(s) (total 38708 bytes) removed from the image.

==============================================================================

Image Symbol Table

    Local Symbols

    Symbol Name                              Value     Ov Type        Size  Object(Section)

    ../clib/microlib/division.c              0x00000000   Number         0  uldiv.o ABSOLUTE
    ../clib/microlib/division.c              0x00000000   Number         0  uidiv.o ABSOLUTE
    ../clib/microlib/init/entry.s            0x00000000   Number         0  entry.o ABSOLUTE
    ../clib/microlib/init/entry.s            0x00000000   Number         0  entry10b.o ABSOLUTE
    ../clib/microlib/init/entry.s            0x00000000   Number         0  entry2.o ABSOLUTE
    ../clib/microlib/init/entry.s            0x00000000   Number         0  entry10a.o ABSOLUTE
    ../clib/microlib/init/entry.s            0x00000000   Number         0  entry9b.o ABSOLUTE
    ../clib/microlib/init/entry.s            0x00000000   Number         0  entry8b.o ABSOLUTE
    ../clib/microlib/init/entry.s            0x00000000   Number         0  entry11a.o ABSOLUTE
    ../clib/microlib/init/entry.s            0x00000000   Number         0  entry5.o ABSOLUTE
    ../clib/microlib/init/entry.s            0x00000000   Number         0  entry8a.o ABSOLUTE
    ../clib/microlib/init/entry.s            0x00000000   Number         0  entry7b.o ABSOLUTE
    ../clib/microlib/init/entry.s            0x00000000   Number         0  entry9a.o ABSOLUTE
    ../clib/microlib/init/entry.s            0x00000000   Number         0  entry7a.o ABSOLUTE
    ../clib/microlib/init/entry.s            0x00000000   Number         0  entry11b.o ABSOLUTE
    ../clib/microlib/longlong.c              0x00000000   Number         0  llshl.o ABSOLUTE
    ../clib/microlib/longlong.c              0x00000000   Number         0  llushr.o ABSOLUTE
    ../clib/microlib/longlong.c              0x00000000   Number         0  llsshr.o ABSOLUTE
    ../clib/microlib/printf/printf.c         0x00000000   Number         0  printf7.o ABSOLUTE
    ../clib/microlib/printf/printf.c         0x00000000   Number         0  printfa.o ABSOLUTE
    ../clib/microlib/printf/printf.c         0x00000000   Number         0  printf6.o ABSOLUTE
    ../clib/microlib/printf/printf.c         0x00000000   Number         0  printf5.o ABSOLUTE
    ../clib/microlib/printf/printf.c         0x00000000   Number         0  printf2.o ABSOLUTE
    ../clib/microlib/printf/printf.c         0x00000000   Number         0  printf4.o ABSOLUTE
    ../clib/microlib/printf/printf.c         0x00000000   Number         0  printf3.o ABSOLUTE
    ../clib/microlib/printf/printf.c         0x00000000   Number         0  printf1.o ABSOLUTE
    ../clib/microlib/printf/printf.c         0x00000000   Number         0  printfb.o ABSOLUTE
    ../clib/microlib/printf/printf.c         0x00000000   Number         0  printf0.o ABSOLUTE
    ../clib/microlib/printf/printf.c         0x00000000   Number         0  printf8.o ABSOLUTE
    ../clib/microlib/printf/stubs.s          0x00000000   Number         0  stubs.o ABSOLUTE
    ../clib/microlib/stdio/fputc.c           0x00000000   Number         0  fputc.o ABSOLUTE
    ../clib/microlib/stdio/semi.s            0x00000000   Number         0  semi.o ABSOLUTE
    ../clib/microlib/stdio/streams.c         0x00000000   Number         0  stdout.o ABSOLUTE
    ../clib/microlib/stdlib/rand.c           0x00000000   Number         0  rand.o ABSOLUTE
    ../clib/microlib/string/memcpy.c         0x00000000   Number         0  memcpyb.o ABSOLUTE
    ../clib/microlib/string/memcpy.c         0x00000000   Number         0  memcpya.o ABSOLUTE
    ../clib/microlib/string/memset.c         0x00000000   Number         0  memseta.o ABSOLUTE
    ../clib/microlib/string/strcat.c         0x00000000   Number         0  strcat.o ABSOLUTE
    ../clib/microlib/string/strlen.c         0x00000000   Number         0  strlen.o ABSOLUTE
    ../clib/microlib/stubs.s                 0x00000000   Number         0  iusefp.o ABSOLUTE
    ../clib/microlib/stubs.s                 0x00000000   Number         0  iusesemip.o ABSOLUTE
    ../fplib/microlib/fpadd.c                0x00000000   Number         0  dadd.o ABSOLUTE
    ../fplib/microlib/fpdiv.c                0x00000000   Number         0  ddiv.o ABSOLUTE
    ../fplib/microlib/fpepilogue.c           0x00000000   Number         0  depilogue.o ABSOLUTE
    ../fplib/microlib/fpfix.c                0x00000000   Number         0  dfixul.o ABSOLUTE
    ../fplib/microlib/fpmul.c                0x00000000   Number         0  dmul.o ABSOLUTE
    ..\App\Main.c                            0x00000000   Number         0  main.o ABSOLUTE
    ..\App\Task_Test.c                       0x00000000   Number         0  task_test.o ABSOLUTE
    ..\App\Task_VoiceControl.c               0x00000000   Number         0  task_voicecontrol.o ABSOLUTE
    ..\BSP\Bsp_Global.c                      0x00000000   Number         0  bsp_global.o ABSOLUTE
    ..\BSP\DMA.C                             0x00000000   Number         0  dma.o ABSOLUTE
    ..\BSP\LED.C                             0x00000000   Number         0  led.o ABSOLUTE
    ..\BSP\NVIC.C                            0x00000000   Number         0  nvic.o ABSOLUTE
    ..\BSP\SCI.c                             0x00000000   Number         0  sci.o ABSOLUTE
    ..\BSP\adc.c                             0x00000000   Number         0  adc.o ABSOLUTE
    ..\BSP\exchangeSpeaker.C                 0x00000000   Number         0  exchangespeaker.o ABSOLUTE
    ..\BSP\motor.c                           0x00000000   Number         0  motor.o ABSOLUTE
    ..\BSP\optoswitch.c                      0x00000000   Number         0  optoswitch.o ABSOLUTE
    ..\BSP\steeringengine.c                  0x00000000   Number         0  steeringengine.o ABSOLUTE
    ..\CMSIS\Core\startup_stm32f4xx.s        0x00000000   Number         0  startup_stm32f4xx.o ABSOLUTE
    ..\CMSIS\Core\system_stm32f4xx.c         0x00000000   Number         0  system_stm32f4xx.o ABSOLUTE
    ..\CMSIS\Driver\misc.c                   0x00000000   Number         0  misc.o ABSOLUTE
    ..\CMSIS\Driver\stm32f4xx_adc.c          0x00000000   Number         0  stm32f4xx_adc.o ABSOLUTE
    ..\CMSIS\Driver\stm32f4xx_can.c          0x00000000   Number         0  stm32f4xx_can.o ABSOLUTE
    ..\CMSIS\Driver\stm32f4xx_crc.c          0x00000000   Number         0  stm32f4xx_crc.o ABSOLUTE
    ..\CMSIS\Driver\stm32f4xx_cryp.c         0x00000000   Number         0  stm32f4xx_cryp.o ABSOLUTE
    ..\CMSIS\Driver\stm32f4xx_cryp_aes.c     0x00000000   Number         0  stm32f4xx_cryp_aes.o ABSOLUTE
    ..\CMSIS\Driver\stm32f4xx_cryp_des.c     0x00000000   Number         0  stm32f4xx_cryp_des.o ABSOLUTE
    ..\CMSIS\Driver\stm32f4xx_cryp_tdes.c    0x00000000   Number         0  stm32f4xx_cryp_tdes.o ABSOLUTE
    ..\CMSIS\Driver\stm32f4xx_dac.c          0x00000000   Number         0  stm32f4xx_dac.o ABSOLUTE
    ..\CMSIS\Driver\stm32f4xx_dbgmcu.c       0x00000000   Number         0  stm32f4xx_dbgmcu.o ABSOLUTE
    ..\CMSIS\Driver\stm32f4xx_dcmi.c         0x00000000   Number         0  stm32f4xx_dcmi.o ABSOLUTE
    ..\CMSIS\Driver\stm32f4xx_dma.c          0x00000000   Number         0  stm32f4xx_dma.o ABSOLUTE
    ..\CMSIS\Driver\stm32f4xx_exti.c         0x00000000   Number         0  stm32f4xx_exti.o ABSOLUTE
    ..\CMSIS\Driver\stm32f4xx_flash.c        0x00000000   Number         0  stm32f4xx_flash.o ABSOLUTE
    ..\CMSIS\Driver\stm32f4xx_fsmc.c         0x00000000   Number         0  stm32f4xx_fsmc.o ABSOLUTE
    ..\CMSIS\Driver\stm32f4xx_gpio.c         0x00000000   Number         0  stm32f4xx_gpio.o ABSOLUTE
    ..\CMSIS\Driver\stm32f4xx_hash.c         0x00000000   Number         0  stm32f4xx_hash.o ABSOLUTE
    ..\CMSIS\Driver\stm32f4xx_hash_md5.c     0x00000000   Number         0  stm32f4xx_hash_md5.o ABSOLUTE
    ..\CMSIS\Driver\stm32f4xx_hash_sha1.c    0x00000000   Number         0  stm32f4xx_hash_sha1.o ABSOLUTE
    ..\CMSIS\Driver\stm32f4xx_i2c.c          0x00000000   Number         0  stm32f4xx_i2c.o ABSOLUTE
    ..\CMSIS\Driver\stm32f4xx_iwdg.c         0x00000000   Number         0  stm32f4xx_iwdg.o ABSOLUTE
    ..\CMSIS\Driver\stm32f4xx_pwr.c          0x00000000   Number         0  stm32f4xx_pwr.o ABSOLUTE
    ..\CMSIS\Driver\stm32f4xx_rcc.c          0x00000000   Number         0  stm32f4xx_rcc.o ABSOLUTE
    ..\CMSIS\Driver\stm32f4xx_rtc.c          0x00000000   Number         0  stm32f4xx_rtc.o ABSOLUTE
    ..\CMSIS\Driver\stm32f4xx_sdio.c         0x00000000   Number         0  stm32f4xx_sdio.o ABSOLUTE
    ..\CMSIS\Driver\stm32f4xx_spi.c          0x00000000   Number         0  stm32f4xx_spi.o ABSOLUTE
    ..\CMSIS\Driver\stm32f4xx_syscfg.c       0x00000000   Number         0  stm32f4xx_syscfg.o ABSOLUTE
    ..\CMSIS\Driver\stm32f4xx_tim.c          0x00000000   Number         0  stm32f4xx_tim.o ABSOLUTE
    ..\CMSIS\Driver\stm32f4xx_usart.c        0x00000000   Number         0  stm32f4xx_usart.o ABSOLUTE
    ..\CMSIS\Driver\stm32f4xx_wwdg.c         0x00000000   Number         0  stm32f4xx_wwdg.o ABSOLUTE
    ..\Module\M_Delay_P.c                    0x00000000   Number         0  m_delay_p.o ABSOLUTE
    ..\Module\M_Global.c                     0x00000000   Number         0  m_global.o ABSOLUTE
    ..\UCOS\Port\os_cpu_a.asm                0x00000000   Number         0  os_cpu_a.o ABSOLUTE
    ..\UCOS\Port\os_cpu_c.c                  0x00000000   Number         0  os_cpu_c.o ABSOLUTE
    ..\UCOS\Port\os_dbg.c                    0x00000000   Number         0  os_dbg.o ABSOLUTE
    ..\UCOS\Source\os_core.c                 0x00000000   Number         0  os_core.o ABSOLUTE
    ..\UCOS\Source\os_flag.c                 0x00000000   Number         0  os_flag.o ABSOLUTE
    ..\UCOS\Source\os_mbox.c                 0x00000000   Number         0  os_mbox.o ABSOLUTE
    ..\UCOS\Source\os_mem.c                  0x00000000   Number         0  os_mem.o ABSOLUTE
    ..\UCOS\Source\os_mutex.c                0x00000000   Number         0  os_mutex.o ABSOLUTE
    ..\UCOS\Source\os_q.c                    0x00000000   Number         0  os_q.o ABSOLUTE
    ..\UCOS\Source\os_sem.c                  0x00000000   Number         0  os_sem.o ABSOLUTE
    ..\UCOS\Source\os_task.c                 0x00000000   Number         0  os_task.o ABSOLUTE
    ..\UCOS\Source\os_time.c                 0x00000000   Number         0  os_time.o ABSOLUTE
    ..\UCOS\Source\os_tmr.c                  0x00000000   Number         0  os_tmr.o ABSOLUTE
    ..\\App\\Main.c                          0x00000000   Number         0  main.o ABSOLUTE
    ..\\App\\Task_Test.c                     0x00000000   Number         0  task_test.o ABSOLUTE
    ..\\App\\Task_VoiceControl.c             0x00000000   Number         0  task_voicecontrol.o ABSOLUTE
    ..\\BSP\\Bsp_Global.c                    0x00000000   Number         0  bsp_global.o ABSOLUTE
    ..\\BSP\\DMA.C                           0x00000000   Number         0  dma.o ABSOLUTE
    ..\\BSP\\LED.C                           0x00000000   Number         0  led.o ABSOLUTE
    ..\\BSP\\NVIC.C                          0x00000000   Number         0  nvic.o ABSOLUTE
    ..\\BSP\\SCI.c                           0x00000000   Number         0  sci.o ABSOLUTE
    ..\\BSP\\adc.c                           0x00000000   Number         0  adc.o ABSOLUTE
    ..\\BSP\\exchangeSpeaker.C               0x00000000   Number         0  exchangespeaker.o ABSOLUTE
    ..\\BSP\\motor.c                         0x00000000   Number         0  motor.o ABSOLUTE
    ..\\BSP\\optoswitch.c                    0x00000000   Number         0  optoswitch.o ABSOLUTE
    ..\\BSP\\steeringengine.c                0x00000000   Number         0  steeringengine.o ABSOLUTE
    ..\\CMSIS\\Core\\system_stm32f4xx.c      0x00000000   Number         0  system_stm32f4xx.o ABSOLUTE
    ..\\CMSIS\\Driver\\misc.c                0x00000000   Number         0  misc.o ABSOLUTE
    ..\\CMSIS\\Driver\\stm32f4xx_adc.c       0x00000000   Number         0  stm32f4xx_adc.o ABSOLUTE
    ..\\CMSIS\\Driver\\stm32f4xx_can.c       0x00000000   Number         0  stm32f4xx_can.o ABSOLUTE
    ..\\CMSIS\\Driver\\stm32f4xx_crc.c       0x00000000   Number         0  stm32f4xx_crc.o ABSOLUTE
    ..\\CMSIS\\Driver\\stm32f4xx_cryp.c      0x00000000   Number         0  stm32f4xx_cryp.o ABSOLUTE
    ..\\CMSIS\\Driver\\stm32f4xx_cryp_aes.c  0x00000000   Number         0  stm32f4xx_cryp_aes.o ABSOLUTE
    ..\\CMSIS\\Driver\\stm32f4xx_cryp_des.c  0x00000000   Number         0  stm32f4xx_cryp_des.o ABSOLUTE
    ..\\CMSIS\\Driver\\stm32f4xx_cryp_tdes.c 0x00000000   Number         0  stm32f4xx_cryp_tdes.o ABSOLUTE
    ..\\CMSIS\\Driver\\stm32f4xx_dac.c       0x00000000   Number         0  stm32f4xx_dac.o ABSOLUTE
    ..\\CMSIS\\Driver\\stm32f4xx_dbgmcu.c    0x00000000   Number         0  stm32f4xx_dbgmcu.o ABSOLUTE
    ..\\CMSIS\\Driver\\stm32f4xx_dcmi.c      0x00000000   Number         0  stm32f4xx_dcmi.o ABSOLUTE
    ..\\CMSIS\\Driver\\stm32f4xx_dma.c       0x00000000   Number         0  stm32f4xx_dma.o ABSOLUTE
    ..\\CMSIS\\Driver\\stm32f4xx_exti.c      0x00000000   Number         0  stm32f4xx_exti.o ABSOLUTE
    ..\\CMSIS\\Driver\\stm32f4xx_flash.c     0x00000000   Number         0  stm32f4xx_flash.o ABSOLUTE
    ..\\CMSIS\\Driver\\stm32f4xx_fsmc.c      0x00000000   Number         0  stm32f4xx_fsmc.o ABSOLUTE
    ..\\CMSIS\\Driver\\stm32f4xx_gpio.c      0x00000000   Number         0  stm32f4xx_gpio.o ABSOLUTE
    ..\\CMSIS\\Driver\\stm32f4xx_hash.c      0x00000000   Number         0  stm32f4xx_hash.o ABSOLUTE
    ..\\CMSIS\\Driver\\stm32f4xx_hash_md5.c  0x00000000   Number         0  stm32f4xx_hash_md5.o ABSOLUTE
    ..\\CMSIS\\Driver\\stm32f4xx_hash_sha1.c 0x00000000   Number         0  stm32f4xx_hash_sha1.o ABSOLUTE
    ..\\CMSIS\\Driver\\stm32f4xx_i2c.c       0x00000000   Number         0  stm32f4xx_i2c.o ABSOLUTE
    ..\\CMSIS\\Driver\\stm32f4xx_iwdg.c      0x00000000   Number         0  stm32f4xx_iwdg.o ABSOLUTE
    ..\\CMSIS\\Driver\\stm32f4xx_pwr.c       0x00000000   Number         0  stm32f4xx_pwr.o ABSOLUTE
    ..\\CMSIS\\Driver\\stm32f4xx_rcc.c       0x00000000   Number         0  stm32f4xx_rcc.o ABSOLUTE
    ..\\CMSIS\\Driver\\stm32f4xx_rtc.c       0x00000000   Number         0  stm32f4xx_rtc.o ABSOLUTE
    ..\\CMSIS\\Driver\\stm32f4xx_sdio.c      0x00000000   Number         0  stm32f4xx_sdio.o ABSOLUTE
    ..\\CMSIS\\Driver\\stm32f4xx_spi.c       0x00000000   Number         0  stm32f4xx_spi.o ABSOLUTE
    ..\\CMSIS\\Driver\\stm32f4xx_syscfg.c    0x00000000   Number         0  stm32f4xx_syscfg.o ABSOLUTE
    ..\\CMSIS\\Driver\\stm32f4xx_tim.c       0x00000000   Number         0  stm32f4xx_tim.o ABSOLUTE
    ..\\CMSIS\\Driver\\stm32f4xx_usart.c     0x00000000   Number         0  stm32f4xx_usart.o ABSOLUTE
    ..\\CMSIS\\Driver\\stm32f4xx_wwdg.c      0x00000000   Number         0  stm32f4xx_wwdg.o ABSOLUTE
    ..\\UCOS\\Port\\os_cpu_c.c               0x00000000   Number         0  os_cpu_c.o ABSOLUTE
    ..\\UCOS\\Port\\os_dbg.c                 0x00000000   Number         0  os_dbg.o ABSOLUTE
    ..\\UCOS\\Source\\os_core.c              0x00000000   Number         0  os_core.o ABSOLUTE
    ..\\UCOS\\Source\\os_flag.c              0x00000000   Number         0  os_flag.o ABSOLUTE
    ..\\UCOS\\Source\\os_mbox.c              0x00000000   Number         0  os_mbox.o ABSOLUTE
    ..\\UCOS\\Source\\os_mem.c               0x00000000   Number         0  os_mem.o ABSOLUTE
    ..\\UCOS\\Source\\os_mutex.c             0x00000000   Number         0  os_mutex.o ABSOLUTE
    ..\\UCOS\\Source\\os_q.c                 0x00000000   Number         0  os_q.o ABSOLUTE
    ..\\UCOS\\Source\\os_sem.c               0x00000000   Number         0  os_sem.o ABSOLUTE
    ..\\UCOS\\Source\\os_task.c              0x00000000   Number         0  os_task.o ABSOLUTE
    ..\\UCOS\\Source\\os_time.c              0x00000000   Number         0  os_time.o ABSOLUTE
    ..\\UCOS\\Source\\os_tmr.c               0x00000000   Number         0  os_tmr.o ABSOLUTE
    cdrcmple.s                               0x00000000   Number         0  cdrcmple.o ABSOLUTE
    dc.s                                     0x00000000   Number         0  dc.o ABSOLUTE
    handlers.s                               0x00000000   Number         0  handlers.o ABSOLUTE
    init.s                                   0x00000000   Number         0  init.o ABSOLUTE
    RESET                                    0x08000000   Section      392  startup_stm32f4xx.o(RESET)
    .ARM.Collect$$$$00000000                 0x08000188   Section        0  entry.o(.ARM.Collect$$$$00000000)
    .ARM.Collect$$$$00000001                 0x08000188   Section        4  entry2.o(.ARM.Collect$$$$00000001)
    .ARM.Collect$$$$00000004                 0x0800018c   Section        4  entry5.o(.ARM.Collect$$$$00000004)
    .ARM.Collect$$$$00000008                 0x08000190   Section        0  entry7b.o(.ARM.Collect$$$$00000008)
    .ARM.Collect$$$$0000000A                 0x08000190   Section        0  entry8b.o(.ARM.Collect$$$$0000000A)
    .ARM.Collect$$$$0000000B                 0x08000190   Section        8  entry9a.o(.ARM.Collect$$$$0000000B)
    .ARM.Collect$$$$0000000D                 0x08000198   Section        0  entry10a.o(.ARM.Collect$$$$0000000D)
    .ARM.Collect$$$$0000000F                 0x08000198   Section        0  entry11a.o(.ARM.Collect$$$$0000000F)
    .ARM.Collect$$$$00002712                 0x08000198   Section        4  entry2.o(.ARM.Collect$$$$00002712)
    __lit__00000000                          0x08000198   Data           4  entry2.o(.ARM.Collect$$$$00002712)
    .text                                    0x0800019c   Section        0  main.o(.text)
    .text                                    0x08000268   Section        0  task_voicecontrol.o(.text)
    .text                                    0x0800035c   Section        0  bsp_global.o(.text)
    .text                                    0x080003cc   Section        0  dma.o(.text)
    .text                                    0x08000438   Section        0  nvic.o(.text)
    .text                                    0x080004a4   Section        0  sci.o(.text)
    RS485_Delay                              0x08000801   Thumb Code    10  sci.o(.text)
    .text                                    0x08000a04   Section        0  motor.o(.text)
    .text                                    0x08000da4   Section        0  steeringengine.o(.text)
    .text                                    0x08000ee8   Section       36  startup_stm32f4xx.o(.text)
    $v0                                      0x08000ee8   Number         0  startup_stm32f4xx.o(.text)
    .text                                    0x08000f0c   Section        0  system_stm32f4xx.o(.text)
    SetSysClock                              0x08000f0d   Thumb Code   220  system_stm32f4xx.o(.text)
    .text                                    0x0800111c   Section      196  os_cpu_a.o(.text)
    $v0                                      0x0800111c   Number         0  os_cpu_a.o(.text)
    .text                                    0x080011e0   Section        0  os_cpu_c.o(.text)
    .text                                    0x08001328   Section        0  os_core.o(.text)
    OS_SchedNew                              0x0800142d   Thumb Code    26  os_core.o(.text)
    OS_InitTaskStat                          0x08001897   Thumb Code    52  os_core.o(.text)
    OS_InitTaskIdle                          0x080018eb   Thumb Code    52  os_core.o(.text)
    OS_InitEventList                         0x08001931   Thumb Code    60  os_core.o(.text)
    OS_InitTCBList                           0x0800196d   Thumb Code    72  os_core.o(.text)
    OS_InitRdyList                           0x080019b5   Thumb Code    46  os_core.o(.text)
    OS_InitMisc                              0x080019e3   Thumb Code    44  os_core.o(.text)
    .text                                    0x08001fdc   Section        0  os_flag.o(.text)
    OS_FlagTaskRdy                           0x08002153   Thumb Code    82  os_flag.o(.text)
    OS_FlagBlock                             0x0800230d   Thumb Code   152  os_flag.o(.text)
    .text                                    0x080027d8   Section        0  os_mbox.o(.text)
    .text                                    0x08002bbc   Section        0  os_mem.o(.text)
    .text                                    0x08002d90   Section        0  os_q.o(.text)
    .text                                    0x08003374   Section        0  os_sem.o(.text)
    .text                                    0x0800371c   Section        0  os_task.o(.text)
    .text                                    0x08003f44   Section        0  os_time.o(.text)
    .text                                    0x080040dc   Section        0  misc.o(.text)
    .text                                    0x080041bc   Section        0  stm32f4xx_dma.o(.text)
    .text                                    0x08004564   Section        0  stm32f4xx_exti.o(.text)
    .text                                    0x08004674   Section        0  stm32f4xx_gpio.o(.text)
    .text                                    0x08004908   Section        0  stm32f4xx_rcc.o(.text)
    .text                                    0x08004f64   Section        0  stm32f4xx_syscfg.o(.text)
    .text                                    0x08004ff8   Section        0  stm32f4xx_tim.o(.text)
    TI4_Config                               0x08005797   Thumb Code    80  stm32f4xx_tim.o(.text)
    TI3_Config                               0x080057f9   Thumb Code    72  stm32f4xx_tim.o(.text)
    TI2_Config                               0x0800585b   Thumb Code    90  stm32f4xx_tim.o(.text)
    TI1_Config                               0x080058c7   Thumb Code    58  stm32f4xx_tim.o(.text)
    .text                                    0x08005c9c   Section        0  stm32f4xx_usart.o(.text)
    .text                                    0x080060f0   Section        0  memcpya.o(.text)
    .text                                    0x08006114   Section        0  strcat.o(.text)
    .text                                    0x0800612c   Section        0  strlen.o(.text)
    .text                                    0x0800613c   Section       36  init.o(.text)
    i.__scatterload_copy                     0x08006160   Section       14  handlers.o(i.__scatterload_copy)
    i.__scatterload_null                     0x0800616e   Section        2  handlers.o(i.__scatterload_null)
    i.__scatterload_zeroinit                 0x08006170   Section       14  handlers.o(i.__scatterload_zeroinit)
    .constdata                               0x08006180   Section       30  sci.o(.constdata)
    .constdata                               0x0800619e   Section      256  os_core.o(.constdata)
    .data                                    0x20000000   Section        8  main.o(.data)
    .data                                    0x20000008   Section       10  task_voicecontrol.o(.data)
    .data                                    0x20000012   Section        2  dma.o(.data)
    .data                                    0x20000014   Section       22  sci.o(.data)
    .data                                    0x2000002c   Section       20  system_stm32f4xx.o(.data)
    .data                                    0x20000040   Section       76  os_core.o(.data)
    .data                                    0x2000008c   Section       16  stm32f4xx_rcc.o(.data)
    APBAHBPrescTable                         0x2000008c   Data          16  stm32f4xx_rcc.o(.data)
    .bss                                     0x2000009c   Section      432  main.o(.bss)
    .bss                                     0x2000024c   Section     2078  sci.o(.bss)
    .bss                                     0x20000a6c   Section     3752  os_core.o(.bss)
    STACK                                    0x20001918   Section     1024  startup_stm32f4xx.o(STACK)

    Global Symbols

    Symbol Name                              Value     Ov Type        Size  Object(Section)

    BuildAttributes$$THM_ISAv4$E$P$D$K$B$S$7EM$VFPi3$EXTD16$VFPS$VFMA$PE$A:L22UL41UL21$X:L11$S22US41US21$IEEE1$IW$USESV6$~STKCKD$USESV7$~SHL$OSPACE$ROPI$EBA8$MICROLIB$REQ8$PRES8$EABIv2 0x00000000   Number         0  anon$$obj.o ABSOLUTE
    __ARM_use_no_argv                        0x00000000   Number         0  main.o ABSOLUTE
    _printf_a                                0x00000000   Number         0  stubs.o ABSOLUTE
    _printf_c                                0x00000000   Number         0  stubs.o ABSOLUTE
    _printf_charcount                        0x00000000   Number         0  stubs.o ABSOLUTE
    _printf_d                                0x00000000   Number         0  stubs.o ABSOLUTE
    _printf_e                                0x00000000   Number         0  stubs.o ABSOLUTE
    _printf_f                                0x00000000   Number         0  stubs.o ABSOLUTE
    _printf_flags                            0x00000000   Number         0  stubs.o ABSOLUTE
    _printf_fp_dec                           0x00000000   Number         0  stubs.o ABSOLUTE
    _printf_fp_hex                           0x00000000   Number         0  stubs.o ABSOLUTE
    _printf_g                                0x00000000   Number         0  stubs.o ABSOLUTE
    _printf_i                                0x00000000   Number         0  stubs.o ABSOLUTE
    _printf_int_dec                          0x00000000   Number         0  stubs.o ABSOLUTE
    _printf_l                                0x00000000   Number         0  stubs.o ABSOLUTE
    _printf_lc                               0x00000000   Number         0  stubs.o ABSOLUTE
    _printf_ll                               0x00000000   Number         0  stubs.o ABSOLUTE
    _printf_lld                              0x00000000   Number         0  stubs.o ABSOLUTE
    _printf_lli                              0x00000000   Number         0  stubs.o ABSOLUTE
    _printf_llo                              0x00000000   Number         0  stubs.o ABSOLUTE
    _printf_llu                              0x00000000   Number         0  stubs.o ABSOLUTE
    _printf_llx                              0x00000000   Number         0  stubs.o ABSOLUTE
    _printf_longlong_dec                     0x00000000   Number         0  stubs.o ABSOLUTE
    _printf_longlong_hex                     0x00000000   Number         0  stubs.o ABSOLUTE
    _printf_longlong_oct                     0x00000000   Number         0  stubs.o ABSOLUTE
    _printf_ls                               0x00000000   Number         0  stubs.o ABSOLUTE
    _printf_mbtowc                           0x00000000   Number         0  stubs.o ABSOLUTE
    _printf_n                                0x00000000   Number         0  stubs.o ABSOLUTE
    _printf_o                                0x00000000   Number         0  stubs.o ABSOLUTE
    _printf_p                                0x00000000   Number         0  stubs.o ABSOLUTE
    _printf_percent                          0x00000000   Number         0  stubs.o ABSOLUTE
    _printf_pre_padding                      0x00000000   Number         0  stubs.o ABSOLUTE
    _printf_return_value                     0x00000000   Number         0  stubs.o ABSOLUTE
    _printf_s                                0x00000000   Number         0  stubs.o ABSOLUTE
    _printf_sizespec                         0x00000000   Number         0  stubs.o ABSOLUTE
    _printf_str                              0x00000000   Number         0  stubs.o ABSOLUTE
    _printf_truncate_signed                  0x00000000   Number         0  stubs.o ABSOLUTE
    _printf_truncate_unsigned                0x00000000   Number         0  stubs.o ABSOLUTE
    _printf_u                                0x00000000   Number         0  stubs.o ABSOLUTE
    _printf_wc                               0x00000000   Number         0  stubs.o ABSOLUTE
    _printf_wctomb                           0x00000000   Number         0  stubs.o ABSOLUTE
    _printf_widthprec                        0x00000000   Number         0  stubs.o ABSOLUTE
    _printf_x                                0x00000000   Number         0  stubs.o ABSOLUTE
    __cpp_initialize__aeabi_                  - Undefined Weak Reference
    __cxa_finalize                            - Undefined Weak Reference
    __decompress                              - Undefined Weak Reference
    _clock_init                               - Undefined Weak Reference
    _microlib_exit                            - Undefined Weak Reference
    __Vectors_Size                           0x00000188   Number         0  startup_stm32f4xx.o ABSOLUTE
    __Vectors                                0x08000000   Data           4  startup_stm32f4xx.o(RESET)
    __Vectors_End                            0x08000188   Data           0  startup_stm32f4xx.o(RESET)
    __main                                   0x08000189   Thumb Code     0  entry.o(.ARM.Collect$$$$00000000)
    _main_stk                                0x08000189   Thumb Code     0  entry2.o(.ARM.Collect$$$$00000001)
    _main_scatterload                        0x0800018d   Thumb Code     0  entry5.o(.ARM.Collect$$$$00000004)
    __main_after_scatterload                 0x08000191   Thumb Code     0  entry5.o(.ARM.Collect$$$$00000004)
    _main_clock                              0x08000191   Thumb Code     0  entry7b.o(.ARM.Collect$$$$00000008)
    _main_cpp_init                           0x08000191   Thumb Code     0  entry8b.o(.ARM.Collect$$$$0000000A)
    _main_init                               0x08000191   Thumb Code     0  entry9a.o(.ARM.Collect$$$$0000000B)
    __rt_final_cpp                           0x08000199   Thumb Code     0  entry10a.o(.ARM.Collect$$$$0000000D)
    __rt_final_exit                          0x08000199   Thumb Code     0  entry11a.o(.ARM.Collect$$$$0000000F)
    Task_StartUp                             0x0800019d   Thumb Code   144  main.o(.text)
    main                                     0x0800022d   Thumb Code    36  main.o(.text)
    play_mp3                                 0x08000269   Thumb Code     2  task_voicecontrol.o(.text)
    Task_VoiceControl                        0x0800026b   Thumb Code   158  task_voicecontrol.o(.text)
    EXTI9_5_IRQHandler                       0x08000309   Thumb Code    52  task_voicecontrol.o(.text)
    UsbLedLight                              0x0800035d   Thumb Code    28  bsp_global.o(.text)
    UsbLedConfiguration                      0x08000379   Thumb Code    56  bsp_global.o(.text)
    BSP_Init                                 0x080003b1   Thumb Code    24  bsp_global.o(.text)
    DMA2_Stream7_IRQHandler                  0x080003cd   Thumb Code    36  dma.o(.text)
    DMA1_Stream6_IRQHandler                  0x080003f1   Thumb Code    44  dma.o(.text)
    NVIC_Configuration                       0x08000439   Thumb Code   106  nvic.o(.text)
    USART1_Configuration                     0x080004a5   Thumb Code   192  sci.o(.text)
    USART2_Configuration                     0x08000565   Thumb Code   190  sci.o(.text)
    USART3_Configuration                     0x08000623   Thumb Code   192  sci.o(.text)
    USART1_IRQHandler                        0x080006e3   Thumb Code    58  sci.o(.text)
    USART3_IRQHandler                        0x0800071d   Thumb Code    54  sci.o(.text)
    RS232_DMA_Send                           0x08000753   Thumb Code    64  sci.o(.text)
    RS232_Send_Data                          0x08000793   Thumb Code    38  sci.o(.text)
    RS485_DMA_Send                           0x080007b9   Thumb Code    72  sci.o(.text)
    RS485_Send_Data                          0x0800080b   Thumb Code    72  sci.o(.text)
    qj005_uart_init                          0x08000853   Thumb Code   170  sci.o(.text)
    USART2_IRQHandler                        0x080008fd   Thumb Code    68  sci.o(.text)
    qj005_send_data                          0x08000941   Thumb Code    42  sci.o(.text)
    send_mp3_command                         0x0800096b   Thumb Code   132  sci.o(.text)
    Motor_pwm_init                           0x08000a05   Thumb Code   288  motor.o(.text)
    MotorGpioInit                            0x08000b25   Thumb Code   196  motor.o(.text)
    SetMoter                                 0x08000be9   Thumb Code    30  motor.o(.text)
    MotorInit                                0x08000c07   Thumb Code    14  motor.o(.text)
    ReadABOpticalEncoder                     0x08000c15   Thumb Code    16  motor.o(.text)
    EXTI0_IRQHandler                         0x08000c25   Thumb Code    18  motor.o(.text)
    GoAhead                                  0x08000c37   Thumb Code    60  motor.o(.text)
    GoaBack                                  0x08000c73   Thumb Code    60  motor.o(.text)
    ClockWiseRotate                          0x08000caf   Thumb Code    50  motor.o(.text)
    CounterClockWiseRotate                   0x08000ce1   Thumb Code    50  motor.o(.text)
    MoveLeft                                 0x08000d13   Thumb Code    60  motor.o(.text)
    MoveRight                                0x08000d4f   Thumb Code    60  motor.o(.text)
    TIM3_pwm_init                            0x08000da5   Thumb Code   298  steeringengine.o(.text)
    SteeringEngineInit                       0x08000ecf   Thumb Code    10  steeringengine.o(.text)
    Reset_Handler                            0x08000ee9   Thumb Code     8  startup_stm32f4xx.o(.text)
    NMI_Handler                              0x08000ef1   Thumb Code     2  startup_stm32f4xx.o(.text)
    HardFault_Handler                        0x08000ef3   Thumb Code     2  startup_stm32f4xx.o(.text)
    MemManage_Handler                        0x08000ef5   Thumb Code     2  startup_stm32f4xx.o(.text)
    BusFault_Handler                         0x08000ef7   Thumb Code     2  startup_stm32f4xx.o(.text)
    UsageFault_Handler                       0x08000ef9   Thumb Code     2  startup_stm32f4xx.o(.text)
    SVC_Handler                              0x08000efb   Thumb Code     2  startup_stm32f4xx.o(.text)
    DebugMon_Handler                         0x08000efd   Thumb Code     2  startup_stm32f4xx.o(.text)
    ADC_IRQHandler                           0x08000f03   Thumb Code     0  startup_stm32f4xx.o(.text)
    CAN1_RX0_IRQHandler                      0x08000f03   Thumb Code     0  startup_stm32f4xx.o(.text)
    CAN1_RX1_IRQHandler                      0x08000f03   Thumb Code     0  startup_stm32f4xx.o(.text)
    CAN1_SCE_IRQHandler                      0x08000f03   Thumb Code     0  startup_stm32f4xx.o(.text)
    CAN1_TX_IRQHandler                       0x08000f03   Thumb Code     0  startup_stm32f4xx.o(.text)
    CAN2_RX0_IRQHandler                      0x08000f03   Thumb Code     0  startup_stm32f4xx.o(.text)
    CAN2_RX1_IRQHandler                      0x08000f03   Thumb Code     0  startup_stm32f4xx.o(.text)
    CAN2_SCE_IRQHandler                      0x08000f03   Thumb Code     0  startup_stm32f4xx.o(.text)
    CAN2_TX_IRQHandler                       0x08000f03   Thumb Code     0  startup_stm32f4xx.o(.text)
    CRYP_IRQHandler                          0x08000f03   Thumb Code     0  startup_stm32f4xx.o(.text)
    DCMI_IRQHandler                          0x08000f03   Thumb Code     0  startup_stm32f4xx.o(.text)
    DMA1_Stream0_IRQHandler                  0x08000f03   Thumb Code     0  startup_stm32f4xx.o(.text)
    DMA1_Stream1_IRQHandler                  0x08000f03   Thumb Code     0  startup_stm32f4xx.o(.text)
    DMA1_Stream2_IRQHandler                  0x08000f03   Thumb Code     0  startup_stm32f4xx.o(.text)
    DMA1_Stream3_IRQHandler                  0x08000f03   Thumb Code     0  startup_stm32f4xx.o(.text)
    DMA1_Stream4_IRQHandler                  0x08000f03   Thumb Code     0  startup_stm32f4xx.o(.text)
    DMA1_Stream5_IRQHandler                  0x08000f03   Thumb Code     0  startup_stm32f4xx.o(.text)
    DMA1_Stream7_IRQHandler                  0x08000f03   Thumb Code     0  startup_stm32f4xx.o(.text)
    DMA2_Stream0_IRQHandler                  0x08000f03   Thumb Code     0  startup_stm32f4xx.o(.text)
    DMA2_Stream1_IRQHandler                  0x08000f03   Thumb Code     0  startup_stm32f4xx.o(.text)
    DMA2_Stream2_IRQHandler                  0x08000f03   Thumb Code     0  startup_stm32f4xx.o(.text)
    DMA2_Stream3_IRQHandler                  0x08000f03   Thumb Code     0  startup_stm32f4xx.o(.text)
    DMA2_Stream4_IRQHandler                  0x08000f03   Thumb Code     0  startup_stm32f4xx.o(.text)
    DMA2_Stream5_IRQHandler                  0x08000f03   Thumb Code     0  startup_stm32f4xx.o(.text)
    DMA2_Stream6_IRQHandler                  0x08000f03   Thumb Code     0  startup_stm32f4xx.o(.text)
    ETH_IRQHandler                           0x08000f03   Thumb Code     0  startup_stm32f4xx.o(.text)
    ETH_WKUP_IRQHandler                      0x08000f03   Thumb Code     0  startup_stm32f4xx.o(.text)
    EXTI15_10_IRQHandler                     0x08000f03   Thumb Code     0  startup_stm32f4xx.o(.text)
    EXTI1_IRQHandler                         0x08000f03   Thumb Code     0  startup_stm32f4xx.o(.text)
    EXTI2_IRQHandler                         0x08000f03   Thumb Code     0  startup_stm32f4xx.o(.text)
    EXTI3_IRQHandler                         0x08000f03   Thumb Code     0  startup_stm32f4xx.o(.text)
    EXTI4_IRQHandler                         0x08000f03   Thumb Code     0  startup_stm32f4xx.o(.text)
    FLASH_IRQHandler                         0x08000f03   Thumb Code     0  startup_stm32f4xx.o(.text)
    FPU_IRQHandler                           0x08000f03   Thumb Code     0  startup_stm32f4xx.o(.text)
    FSMC_IRQHandler                          0x08000f03   Thumb Code     0  startup_stm32f4xx.o(.text)
    HASH_RNG_IRQHandler                      0x08000f03   Thumb Code     0  startup_stm32f4xx.o(.text)
    I2C1_ER_IRQHandler                       0x08000f03   Thumb Code     0  startup_stm32f4xx.o(.text)
    I2C1_EV_IRQHandler                       0x08000f03   Thumb Code     0  startup_stm32f4xx.o(.text)
    I2C2_ER_IRQHandler                       0x08000f03   Thumb Code     0  startup_stm32f4xx.o(.text)
    I2C2_EV_IRQHandler                       0x08000f03   Thumb Code     0  startup_stm32f4xx.o(.text)
    I2C3_ER_IRQHandler                       0x08000f03   Thumb Code     0  startup_stm32f4xx.o(.text)
    I2C3_EV_IRQHandler                       0x08000f03   Thumb Code     0  startup_stm32f4xx.o(.text)
    OTG_FS_IRQHandler                        0x08000f03   Thumb Code     0  startup_stm32f4xx.o(.text)
    OTG_FS_WKUP_IRQHandler                   0x08000f03   Thumb Code     0  startup_stm32f4xx.o(.text)
    OTG_HS_EP1_IN_IRQHandler                 0x08000f03   Thumb Code     0  startup_stm32f4xx.o(.text)
    OTG_HS_EP1_OUT_IRQHandler                0x08000f03   Thumb Code     0  startup_stm32f4xx.o(.text)
    OTG_HS_IRQHandler                        0x08000f03   Thumb Code     0  startup_stm32f4xx.o(.text)
    OTG_HS_WKUP_IRQHandler                   0x08000f03   Thumb Code     0  startup_stm32f4xx.o(.text)
    PVD_IRQHandler                           0x08000f03   Thumb Code     0  startup_stm32f4xx.o(.text)
    RCC_IRQHandler                           0x08000f03   Thumb Code     0  startup_stm32f4xx.o(.text)
    RTC_Alarm_IRQHandler                     0x08000f03   Thumb Code     0  startup_stm32f4xx.o(.text)
    RTC_WKUP_IRQHandler                      0x08000f03   Thumb Code     0  startup_stm32f4xx.o(.text)
    SDIO_IRQHandler                          0x08000f03   Thumb Code     0  startup_stm32f4xx.o(.text)
    SPI1_IRQHandler                          0x08000f03   Thumb Code     0  startup_stm32f4xx.o(.text)
    SPI2_IRQHandler                          0x08000f03   Thumb Code     0  startup_stm32f4xx.o(.text)
    SPI3_IRQHandler                          0x08000f03   Thumb Code     0  startup_stm32f4xx.o(.text)
    TAMP_STAMP_IRQHandler                    0x08000f03   Thumb Code     0  startup_stm32f4xx.o(.text)
    TIM1_BRK_TIM9_IRQHandler                 0x08000f03   Thumb Code     0  startup_stm32f4xx.o(.text)
    TIM1_CC_IRQHandler                       0x08000f03   Thumb Code     0  startup_stm32f4xx.o(.text)
    TIM1_TRG_COM_TIM11_IRQHandler            0x08000f03   Thumb Code     0  startup_stm32f4xx.o(.text)
    TIM1_UP_TIM10_IRQHandler                 0x08000f03   Thumb Code     0  startup_stm32f4xx.o(.text)
    TIM2_IRQHandler                          0x08000f03   Thumb Code     0  startup_stm32f4xx.o(.text)
    TIM3_IRQHandler                          0x08000f03   Thumb Code     0  startup_stm32f4xx.o(.text)
    TIM4_IRQHandler                          0x08000f03   Thumb Code     0  startup_stm32f4xx.o(.text)
    TIM5_IRQHandler                          0x08000f03   Thumb Code     0  startup_stm32f4xx.o(.text)
    TIM6_DAC_IRQHandler                      0x08000f03   Thumb Code     0  startup_stm32f4xx.o(.text)
    TIM7_IRQHandler                          0x08000f03   Thumb Code     0  startup_stm32f4xx.o(.text)
    TIM8_BRK_TIM12_IRQHandler                0x08000f03   Thumb Code     0  startup_stm32f4xx.o(.text)
    TIM8_CC_IRQHandler                       0x08000f03   Thumb Code     0  startup_stm32f4xx.o(.text)
    TIM8_TRG_COM_TIM14_IRQHandler            0x08000f03   Thumb Code     0  startup_stm32f4xx.o(.text)
    TIM8_UP_TIM13_IRQHandler                 0x08000f03   Thumb Code     0  startup_stm32f4xx.o(.text)
    UART4_IRQHandler                         0x08000f03   Thumb Code     0  startup_stm32f4xx.o(.text)
    UART5_IRQHandler                         0x08000f03   Thumb Code     0  startup_stm32f4xx.o(.text)
    USART6_IRQHandler                        0x08000f03   Thumb Code     0  startup_stm32f4xx.o(.text)
    WWDG_IRQHandler                          0x08000f03   Thumb Code     0  startup_stm32f4xx.o(.text)
    SystemInit                               0x08000fe9   Thumb Code    88  system_stm32f4xx.o(.text)
    SystemCoreClockUpdate                    0x08001041   Thumb Code   174  system_stm32f4xx.o(.text)
    OS_CPU_SR_Save                           0x0800111d   Thumb Code     0  os_cpu_a.o(.text)
    OS_CPU_SR_Restore                        0x08001125   Thumb Code     0  os_cpu_a.o(.text)
    OSStartHighRdy                           0x0800112b   Thumb Code     0  os_cpu_a.o(.text)
    OSCtxSw                                  0x0800114b   Thumb Code     0  os_cpu_a.o(.text)
    OSIntCtxSw                               0x08001155   Thumb Code     0  os_cpu_a.o(.text)
    OS_CPU_PendSVHandler                     0x0800115f   Thumb Code     0  os_cpu_a.o(.text)
    CPU_IntDisable                           0x080011b9   Thumb Code     0  os_cpu_a.o(.text)
    CPU_IntEnable                            0x080011bd   Thumb Code     0  os_cpu_a.o(.text)
    OSInitHookBegin                          0x080011e1   Thumb Code     8  os_cpu_c.o(.text)
    OSInitHookEnd                            0x080011e9   Thumb Code     8  os_cpu_c.o(.text)
    OSTaskCreateHook                         0x080011f1   Thumb Code     2  os_cpu_c.o(.text)
    OSTaskDelHook                            0x080011f3   Thumb Code     2  os_cpu_c.o(.text)
    OSTaskIdleHook                           0x080011f5   Thumb Code     2  os_cpu_c.o(.text)
    OSTaskReturnHook                         0x080011f7   Thumb Code     2  os_cpu_c.o(.text)
    OSTaskStatHook                           0x080011f9   Thumb Code     2  os_cpu_c.o(.text)
    OSTaskStkInit                            0x080011fb   Thumb Code   210  os_cpu_c.o(.text)
    OSTaskSwHook                             0x080012cd   Thumb Code     2  os_cpu_c.o(.text)
    OSTCBInitHook                            0x080012cf   Thumb Code     2  os_cpu_c.o(.text)
    OS_CPU_SysTickHandler                    0x080012d1   Thumb Code    34  os_cpu_c.o(.text)
    OS_CPU_SysTickInit                       0x080012f3   Thumb Code    42  os_cpu_c.o(.text)
    OS_StrLen                                0x08001329   Thumb Code    20  os_core.o(.text)
    OSEventNameGet                           0x0800133d   Thumb Code    98  os_core.o(.text)
    OSEventNameSet                           0x0800139f   Thumb Code    84  os_core.o(.text)
    OS_EventTaskRemoveMulti                  0x080013f3   Thumb Code    58  os_core.o(.text)
    OS_Sched                                 0x08001447   Thumb Code    88  os_core.o(.text)
    OS_EventTaskWaitMulti                    0x0800149f   Thumb Code   136  os_core.o(.text)
    OSEventPendMulti                         0x08001527   Thumb Code   712  os_core.o(.text)
    OS_TaskStatStkChk                        0x080017ef   Thumb Code    54  os_core.o(.text)
    OS_TaskStat                              0x08001825   Thumb Code   114  os_core.o(.text)
    OS_TaskIdle                              0x080018cb   Thumb Code    32  os_core.o(.text)
    OS_MemClr                                0x0800191f   Thumb Code    18  os_core.o(.text)
    OSInit                                   0x08001a0f   Thumb Code    48  os_core.o(.text)
    OSIntEnter                               0x08001a3f   Thumb Code    44  os_core.o(.text)
    OSIntExit                                0x08001a6b   Thumb Code   112  os_core.o(.text)
    OSSchedLock                              0x08001adb   Thumb Code    50  os_core.o(.text)
    OSSchedUnlock                            0x08001b0d   Thumb Code   228  os_core.o(.text)
    OSStart                                  0x08001bf1   Thumb Code    48  os_core.o(.text)
    OSStatInit                               0x08001c21   Thumb Code    62  os_core.o(.text)
    OSTimeTick                               0x08001c5f   Thumb Code   206  os_core.o(.text)
    OSVersion                                0x08001d2d   Thumb Code     6  os_core.o(.text)
    OS_Dummy                                 0x08001d33   Thumb Code     2  os_core.o(.text)
    OS_EventTaskRemove                       0x08001d35   Thumb Code    42  os_core.o(.text)
    OS_EventTaskRdy                          0x08001d5f   Thumb Code   128  os_core.o(.text)
    OS_EventTaskWait                         0x08001ddf   Thumb Code   112  os_core.o(.text)
    OS_EventWaitListInit                     0x08001e4f   Thumb Code    28  os_core.o(.text)
    OS_MemCopy                               0x08001e6b   Thumb Code    20  os_core.o(.text)
    OS_TCBInit                               0x08001e7f   Thumb Code   282  os_core.o(.text)
    OSFlagAccept                             0x08001fdd   Thumb Code   252  os_flag.o(.text)
    OSFlagCreate                             0x080020d9   Thumb Code    86  os_flag.o(.text)
    OS_FlagUnlink                            0x0800212f   Thumb Code    36  os_flag.o(.text)
    OSFlagDel                                0x080021a5   Thumb Code   214  os_flag.o(.text)
    OSFlagNameGet                            0x0800227b   Thumb Code    80  os_flag.o(.text)
    OSFlagNameSet                            0x080022cb   Thumb Code    66  os_flag.o(.text)
    OSFlagPend                               0x080023a5   Thumb Code   614  os_flag.o(.text)
    OSFlagPendGetFlagsRdy                    0x0800260b   Thumb Code    26  os_flag.o(.text)
    OSFlagPost                               0x08002625   Thumb Code   312  os_flag.o(.text)
    OSFlagQuery                              0x0800275d   Thumb Code    48  os_flag.o(.text)
    OS_FlagInit                              0x0800278d   Thumb Code    64  os_flag.o(.text)
    OSMboxAccept                             0x080027d9   Thumb Code    38  os_mbox.o(.text)
    OSMboxCreate                             0x080027ff   Thumb Code    72  os_mbox.o(.text)
    OSMboxDel                                0x08002847   Thumb Code   210  os_mbox.o(.text)
    OSMboxPend                               0x08002919   Thumb Code   252  os_mbox.o(.text)
    OSMboxPendAbort                          0x08002a15   Thumb Code   128  os_mbox.o(.text)
    OSMboxPost                               0x08002a95   Thumb Code    80  os_mbox.o(.text)
    OSMboxPostOpt                            0x08002ae5   Thumb Code   120  os_mbox.o(.text)
    OSMboxQuery                              0x08002b5d   Thumb Code    76  os_mbox.o(.text)
    OSMemCreate                              0x08002bbd   Thumb Code   114  os_mem.o(.text)
    OSMemGet                                 0x08002c2f   Thumb Code    62  os_mem.o(.text)
    OSMemNameGet                             0x08002c6d   Thumb Code    60  os_mem.o(.text)
    OSMemNameSet                             0x08002ca9   Thumb Code    48  os_mem.o(.text)
    OSMemPut                                 0x08002cd9   Thumb Code    54  os_mem.o(.text)
    OSMemQuery                               0x08002d0f   Thumb Code    52  os_mem.o(.text)
    OS_MemInit                               0x08002d43   Thumb Code    60  os_mem.o(.text)
    OSQAccept                                0x08002d91   Thumb Code    88  os_q.o(.text)
    OSQCreate                                0x08002de9   Thumb Code   144  os_q.o(.text)
    OSQDel                                   0x08002e79   Thumb Code   244  os_q.o(.text)
    OSQFlush                                 0x08002f6d   Thumb Code    36  os_q.o(.text)
    OSQPend                                  0x08002f91   Thumb Code   278  os_q.o(.text)
    OSQPendAbort                             0x080030a7   Thumb Code   128  os_q.o(.text)
    OSQPost                                  0x08003127   Thumb Code   114  os_q.o(.text)
    OSQPostFront                             0x08003199   Thumb Code   142  os_q.o(.text)
    OSQPostOpt                               0x08003227   Thumb Code   182  os_q.o(.text)
    OSQQuery                                 0x080032dd   Thumb Code    98  os_q.o(.text)
    OS_QInit                                 0x0800333f   Thumb Code    46  os_q.o(.text)
    OSSemAccept                              0x08003375   Thumb Code    42  os_sem.o(.text)
    OSSemCreate                              0x0800339f   Thumb Code    72  os_sem.o(.text)
    OSSemDel                                 0x080033e7   Thumb Code   210  os_sem.o(.text)
    OSSemPend                                0x080034b9   Thumb Code   228  os_sem.o(.text)
    OSSemPendAbort                           0x0800359d   Thumb Code   128  os_sem.o(.text)
    OSSemPost                                0x0800361d   Thumb Code    88  os_sem.o(.text)
    OSSemQuery                               0x08003675   Thumb Code    82  os_sem.o(.text)
    OSSemSet                                 0x080036c7   Thumb Code    66  os_sem.o(.text)
    OSTaskChangePrio                         0x0800371d   Thumb Code   396  os_task.o(.text)
    OSTaskCreate                             0x080038a9   Thumb Code   148  os_task.o(.text)
    OS_TaskStkClr                            0x0800393d   Thumb Code    26  os_task.o(.text)
    OSTaskCreateExt                          0x08003957   Thumb Code   170  os_task.o(.text)
    OSTaskDel                                0x08003a01   Thumb Code   352  os_task.o(.text)
    OSTaskDelReq                             0x08003b61   Thumb Code   100  os_task.o(.text)
    OSTaskNameGet                            0x08003bc5   Thumb Code   114  os_task.o(.text)
    OSTaskNameSet                            0x08003c37   Thumb Code    98  os_task.o(.text)
    OSTaskResume                             0x08003c99   Thumb Code   154  os_task.o(.text)
    OSTaskStkChk                             0x08003d33   Thumb Code   132  os_task.o(.text)
    OSTaskSuspend                            0x08003db7   Thumb Code   152  os_task.o(.text)
    OSTaskQuery                              0x08003e4f   Thumb Code    82  os_task.o(.text)
    OSTaskRegGet                             0x08003ea1   Thumb Code    60  os_task.o(.text)
    OSTaskRegSet                             0x08003edd   Thumb Code    62  os_task.o(.text)
    OS_TaskReturn                            0x08003f1b   Thumb Code    18  os_task.o(.text)
    OSTimeDly                                0x08003f45   Thumb Code    92  os_time.o(.text)
    OSTimeDlyHMSM                            0x08003fa1   Thumb Code    76  os_time.o(.text)
    OSTimeDlyResume                          0x08003fed   Thumb Code   168  os_time.o(.text)
    OSTimeGet                                0x08004095   Thumb Code    24  os_time.o(.text)
    OSTimeSet                                0x080040ad   Thumb Code    24  os_time.o(.text)
    NVIC_PriorityGroupConfig                 0x080040dd   Thumb Code    10  misc.o(.text)
    NVIC_Init                                0x080040e7   Thumb Code   106  misc.o(.text)
    NVIC_SetVectorTable                      0x08004151   Thumb Code    14  misc.o(.text)
    NVIC_SystemLPConfig                      0x0800415f   Thumb Code    34  misc.o(.text)
    SysTick_CLKSourceConfig                  0x08004181   Thumb Code    40  misc.o(.text)
    DMA_DeInit                               0x080041bd   Thumb Code   324  stm32f4xx_dma.o(.text)
    DMA_Init                                 0x08004301   Thumb Code    82  stm32f4xx_dma.o(.text)
    DMA_StructInit                           0x08004353   Thumb Code    34  stm32f4xx_dma.o(.text)
    DMA_Cmd                                  0x08004375   Thumb Code    22  stm32f4xx_dma.o(.text)
    DMA_PeriphIncOffsetSizeConfig            0x0800438b   Thumb Code    22  stm32f4xx_dma.o(.text)
    DMA_FlowControllerConfig                 0x080043a1   Thumb Code    22  stm32f4xx_dma.o(.text)
    DMA_SetCurrDataCounter                   0x080043b7   Thumb Code     4  stm32f4xx_dma.o(.text)
    DMA_GetCurrDataCounter                   0x080043bb   Thumb Code     8  stm32f4xx_dma.o(.text)
    DMA_DoubleBufferModeConfig               0x080043c3   Thumb Code    24  stm32f4xx_dma.o(.text)
    DMA_DoubleBufferModeCmd                  0x080043db   Thumb Code    22  stm32f4xx_dma.o(.text)
    DMA_MemoryTargetConfig                   0x080043f1   Thumb Code    10  stm32f4xx_dma.o(.text)
    DMA_GetCurrentMemoryTarget               0x080043fb   Thumb Code    20  stm32f4xx_dma.o(.text)
    DMA_GetCmdStatus                         0x0800440f   Thumb Code    20  stm32f4xx_dma.o(.text)
    DMA_GetFIFOStatus                        0x08004423   Thumb Code    12  stm32f4xx_dma.o(.text)
    DMA_GetFlagStatus                        0x0800442f   Thumb Code    56  stm32f4xx_dma.o(.text)
    DMA_ClearFlag                            0x08004467   Thumb Code    40  stm32f4xx_dma.o(.text)
    DMA_ITConfig                             0x0800448f   Thumb Code    58  stm32f4xx_dma.o(.text)
    DMA_GetITStatus                          0x080044c9   Thumb Code    84  stm32f4xx_dma.o(.text)
    DMA_ClearITPendingBit                    0x0800451d   Thumb Code    40  stm32f4xx_dma.o(.text)
    EXTI_DeInit                              0x08004565   Thumb Code    28  stm32f4xx_exti.o(.text)
    EXTI_Init                                0x08004581   Thumb Code   142  stm32f4xx_exti.o(.text)
    EXTI_StructInit                          0x0800460f   Thumb Code    16  stm32f4xx_exti.o(.text)
    EXTI_GenerateSWInterrupt                 0x0800461f   Thumb Code    16  stm32f4xx_exti.o(.text)
    EXTI_GetFlagStatus                       0x0800462f   Thumb Code    22  stm32f4xx_exti.o(.text)
    EXTI_ClearFlag                           0x08004645   Thumb Code     8  stm32f4xx_exti.o(.text)
    EXTI_GetITStatus                         0x0800464d   Thumb Code    22  stm32f4xx_exti.o(.text)
    EXTI_ClearITPendingBit                   0x08004663   Thumb Code     8  stm32f4xx_exti.o(.text)
    GPIO_DeInit                              0x08004675   Thumb Code   268  stm32f4xx_gpio.o(.text)
    GPIO_Init                                0x08004781   Thumb Code   144  stm32f4xx_gpio.o(.text)
    GPIO_StructInit                          0x08004811   Thumb Code    18  stm32f4xx_gpio.o(.text)
    GPIO_PinLockConfig                       0x08004823   Thumb Code    34  stm32f4xx_gpio.o(.text)
    GPIO_ReadInputDataBit                    0x08004845   Thumb Code    18  stm32f4xx_gpio.o(.text)
    GPIO_ReadInputData                       0x08004857   Thumb Code     8  stm32f4xx_gpio.o(.text)
    GPIO_ReadOutputDataBit                   0x0800485f   Thumb Code    18  stm32f4xx_gpio.o(.text)
    GPIO_ReadOutputData                      0x08004871   Thumb Code     8  stm32f4xx_gpio.o(.text)
    GPIO_SetBits                             0x08004879   Thumb Code     4  stm32f4xx_gpio.o(.text)
    GPIO_ResetBits                           0x0800487d   Thumb Code     4  stm32f4xx_gpio.o(.text)
    GPIO_WriteBit                            0x08004881   Thumb Code    10  stm32f4xx_gpio.o(.text)
    GPIO_Write                               0x0800488b   Thumb Code     4  stm32f4xx_gpio.o(.text)
    GPIO_ToggleBits                          0x0800488f   Thumb Code     8  stm32f4xx_gpio.o(.text)
    GPIO_PinAFConfig                         0x08004897   Thumb Code    70  stm32f4xx_gpio.o(.text)
    RCC_DeInit                               0x08004909   Thumb Code    82  stm32f4xx_rcc.o(.text)
    RCC_HSEConfig                            0x0800495b   Thumb Code    14  stm32f4xx_rcc.o(.text)
    RCC_GetFlagStatus                        0x08004969   Thumb Code    60  stm32f4xx_rcc.o(.text)
    RCC_WaitForHSEStartUp                    0x080049a5   Thumb Code    56  stm32f4xx_rcc.o(.text)
    RCC_AdjustHSICalibrationValue            0x080049dd   Thumb Code    20  stm32f4xx_rcc.o(.text)
    RCC_HSICmd                               0x080049f1   Thumb Code     6  stm32f4xx_rcc.o(.text)
    RCC_LSEConfig                            0x080049f7   Thumb Code    46  stm32f4xx_rcc.o(.text)
    RCC_LSICmd                               0x08004a25   Thumb Code     6  stm32f4xx_rcc.o(.text)
    RCC_PLLConfig                            0x08004a2b   Thumb Code    32  stm32f4xx_rcc.o(.text)
    RCC_PLLCmd                               0x08004a4b   Thumb Code     6  stm32f4xx_rcc.o(.text)
    RCC_PLLI2SConfig                         0x08004a51   Thumb Code    14  stm32f4xx_rcc.o(.text)
    RCC_PLLI2SCmd                            0x08004a5f   Thumb Code     6  stm32f4xx_rcc.o(.text)
    RCC_PLLSAIConfig                         0x08004a65   Thumb Code    20  stm32f4xx_rcc.o(.text)
    RCC_PLLSAICmd                            0x08004a79   Thumb Code     6  stm32f4xx_rcc.o(.text)
    RCC_ClockSecuritySystemCmd               0x08004a7f   Thumb Code     6  stm32f4xx_rcc.o(.text)
    RCC_MCO1Config                           0x08004a85   Thumb Code    28  stm32f4xx_rcc.o(.text)
    RCC_MCO2Config                           0x08004aa1   Thumb Code    28  stm32f4xx_rcc.o(.text)
    RCC_SYSCLKConfig                         0x08004abd   Thumb Code    20  stm32f4xx_rcc.o(.text)
    RCC_GetSYSCLKSource                      0x08004ad1   Thumb Code    12  stm32f4xx_rcc.o(.text)
    RCC_HCLKConfig                           0x08004add   Thumb Code    20  stm32f4xx_rcc.o(.text)
    RCC_PCLK1Config                          0x08004af1   Thumb Code    20  stm32f4xx_rcc.o(.text)
    RCC_PCLK2Config                          0x08004b05   Thumb Code    22  stm32f4xx_rcc.o(.text)
    RCC_GetClocksFreq                        0x08004b1b   Thumb Code   222  stm32f4xx_rcc.o(.text)
    RCC_RTCCLKConfig                         0x08004bf9   Thumb Code    54  stm32f4xx_rcc.o(.text)
    RCC_RTCCLKCmd                            0x08004c2f   Thumb Code     8  stm32f4xx_rcc.o(.text)
    RCC_BackupResetCmd                       0x08004c37   Thumb Code     8  stm32f4xx_rcc.o(.text)
    RCC_I2SCLKConfig                         0x08004c3f   Thumb Code     6  stm32f4xx_rcc.o(.text)
    RCC_SAIBlockACLKConfig                   0x08004c45   Thumb Code    20  stm32f4xx_rcc.o(.text)
    RCC_SAIBlockBCLKConfig                   0x08004c59   Thumb Code    20  stm32f4xx_rcc.o(.text)
    RCC_SAIPLLI2SClkDivConfig                0x08004c6d   Thumb Code    26  stm32f4xx_rcc.o(.text)
    RCC_SAIPLLSAIClkDivConfig                0x08004c87   Thumb Code    28  stm32f4xx_rcc.o(.text)
    RCC_LTDCCLKDivConfig                     0x08004ca3   Thumb Code    20  stm32f4xx_rcc.o(.text)
    RCC_TIMCLKPresConfig                     0x08004cb7   Thumb Code     6  stm32f4xx_rcc.o(.text)
    RCC_AHB1PeriphClockCmd                   0x08004cbd   Thumb Code    34  stm32f4xx_rcc.o(.text)
    RCC_AHB2PeriphClockCmd                   0x08004cdf   Thumb Code    78  stm32f4xx_rcc.o(.text)
    RCC_AHB3PeriphClockCmd                   0x08004d2d   Thumb Code    34  stm32f4xx_rcc.o(.text)
    RCC_APB1PeriphClockCmd                   0x08004d4f   Thumb Code    34  stm32f4xx_rcc.o(.text)
    RCC_APB2PeriphClockCmd                   0x08004d71   Thumb Code    34  stm32f4xx_rcc.o(.text)
    RCC_AHB1PeriphResetCmd                   0x08004d93   Thumb Code    34  stm32f4xx_rcc.o(.text)
    RCC_AHB2PeriphResetCmd                   0x08004db5   Thumb Code    34  stm32f4xx_rcc.o(.text)
    RCC_AHB3PeriphResetCmd                   0x08004dd7   Thumb Code    34  stm32f4xx_rcc.o(.text)
    RCC_APB1PeriphResetCmd                   0x08004df9   Thumb Code    34  stm32f4xx_rcc.o(.text)
    RCC_APB2PeriphResetCmd                   0x08004e1b   Thumb Code    34  stm32f4xx_rcc.o(.text)
    RCC_AHB1PeriphClockLPModeCmd             0x08004e3d   Thumb Code    34  stm32f4xx_rcc.o(.text)
    RCC_AHB2PeriphClockLPModeCmd             0x08004e5f   Thumb Code    34  stm32f4xx_rcc.o(.text)
    RCC_AHB3PeriphClockLPModeCmd             0x08004e81   Thumb Code    34  stm32f4xx_rcc.o(.text)
    RCC_APB1PeriphClockLPModeCmd             0x08004ea3   Thumb Code    34  stm32f4xx_rcc.o(.text)
    RCC_APB2PeriphClockLPModeCmd             0x08004ec5   Thumb Code    34  stm32f4xx_rcc.o(.text)
    RCC_LSEModeConfig                        0x08004ee7   Thumb Code    40  stm32f4xx_rcc.o(.text)
    RCC_ITConfig                             0x08004f0f   Thumb Code    34  stm32f4xx_rcc.o(.text)
    RCC_ClearFlag                            0x08004f31   Thumb Code    18  stm32f4xx_rcc.o(.text)
    RCC_GetITStatus                          0x08004f43   Thumb Code    22  stm32f4xx_rcc.o(.text)
    RCC_ClearITPendingBit                    0x08004f59   Thumb Code     8  stm32f4xx_rcc.o(.text)
    SYSCFG_DeInit                            0x08004f65   Thumb Code    22  stm32f4xx_syscfg.o(.text)
    SYSCFG_MemoryRemapConfig                 0x08004f7b   Thumb Code     6  stm32f4xx_syscfg.o(.text)
    SYSCFG_MemorySwappingBank                0x08004f81   Thumb Code     6  stm32f4xx_syscfg.o(.text)
    SYSCFG_EXTILineConfig                    0x08004f87   Thumb Code    66  stm32f4xx_syscfg.o(.text)
    SYSCFG_ETH_MediaInterfaceConfig          0x08004fc9   Thumb Code     8  stm32f4xx_syscfg.o(.text)
    SYSCFG_CompensationCellCmd               0x08004fd1   Thumb Code     6  stm32f4xx_syscfg.o(.text)
    SYSCFG_GetCompensationCellStatus         0x08004fd7   Thumb Code    22  stm32f4xx_syscfg.o(.text)
    TIM_DeInit                               0x08004ff9   Thumb Code   346  stm32f4xx_tim.o(.text)
    TIM_TimeBaseInit                         0x08005153   Thumb Code   104  stm32f4xx_tim.o(.text)
    TIM_TimeBaseStructInit                   0x080051bb   Thumb Code    18  stm32f4xx_tim.o(.text)
    TIM_PrescalerConfig                      0x080051cd   Thumb Code     6  stm32f4xx_tim.o(.text)
    TIM_CounterModeConfig                    0x080051d3   Thumb Code    18  stm32f4xx_tim.o(.text)
    TIM_SetCounter                           0x080051e5   Thumb Code     4  stm32f4xx_tim.o(.text)
    TIM_SetAutoreload                        0x080051e9   Thumb Code     4  stm32f4xx_tim.o(.text)
    TIM_GetCounter                           0x080051ed   Thumb Code     6  stm32f4xx_tim.o(.text)
    TIM_GetPrescaler                         0x080051f3   Thumb Code     6  stm32f4xx_tim.o(.text)
    TIM_UpdateDisableConfig                  0x080051f9   Thumb Code    24  stm32f4xx_tim.o(.text)
    TIM_UpdateRequestConfig                  0x08005211   Thumb Code    24  stm32f4xx_tim.o(.text)
    TIM_ARRPreloadConfig                     0x08005229   Thumb Code    24  stm32f4xx_tim.o(.text)
    TIM_SelectOnePulseMode                   0x08005241   Thumb Code    18  stm32f4xx_tim.o(.text)
    TIM_SetClockDivision                     0x08005253   Thumb Code    18  stm32f4xx_tim.o(.text)
    TIM_Cmd                                  0x08005265   Thumb Code    24  stm32f4xx_tim.o(.text)
    TIM_OC1Init                              0x0800527d   Thumb Code   114  stm32f4xx_tim.o(.text)
    TIM_OC2Init                              0x080052ef   Thumb Code   154  stm32f4xx_tim.o(.text)
    TIM_OC3Init                              0x08005389   Thumb Code   204  stm32f4xx_tim.o(.text)
    TIM_OC4Init                              0x08005455   Thumb Code   112  stm32f4xx_tim.o(.text)
    TIM_OCStructInit                         0x080054c5   Thumb Code    20  stm32f4xx_tim.o(.text)
    TIM_SelectOCxM                           0x080054d9   Thumb Code    86  stm32f4xx_tim.o(.text)
    TIM_SetCompare1                          0x0800552f   Thumb Code     4  stm32f4xx_tim.o(.text)
    TIM_SetCompare2                          0x08005533   Thumb Code     4  stm32f4xx_tim.o(.text)
    TIM_SetCompare3                          0x08005537   Thumb Code     4  stm32f4xx_tim.o(.text)
    TIM_SetCompare4                          0x0800553b   Thumb Code     4  stm32f4xx_tim.o(.text)
    TIM_ForcedOC1Config                      0x0800553f   Thumb Code    18  stm32f4xx_tim.o(.text)
    TIM_ForcedOC2Config                      0x08005551   Thumb Code    26  stm32f4xx_tim.o(.text)
    TIM_ForcedOC3Config                      0x0800556b   Thumb Code    18  stm32f4xx_tim.o(.text)
    TIM_ForcedOC4Config                      0x0800557d   Thumb Code    26  stm32f4xx_tim.o(.text)
    TIM_OC1PreloadConfig                     0x08005597   Thumb Code    18  stm32f4xx_tim.o(.text)
    TIM_OC2PreloadConfig                     0x080055a9   Thumb Code    26  stm32f4xx_tim.o(.text)
    TIM_OC3PreloadConfig                     0x080055c3   Thumb Code    18  stm32f4xx_tim.o(.text)
    TIM_OC4PreloadConfig                     0x080055d5   Thumb Code    26  stm32f4xx_tim.o(.text)
    TIM_OC1FastConfig                        0x080055ef   Thumb Code    18  stm32f4xx_tim.o(.text)
    TIM_OC2FastConfig                        0x08005601   Thumb Code    26  stm32f4xx_tim.o(.text)
    TIM_OC3FastConfig                        0x0800561b   Thumb Code    18  stm32f4xx_tim.o(.text)
    TIM_OC4FastConfig                        0x0800562d   Thumb Code    26  stm32f4xx_tim.o(.text)
    TIM_ClearOC1Ref                          0x08005647   Thumb Code    18  stm32f4xx_tim.o(.text)
    TIM_ClearOC2Ref                          0x08005659   Thumb Code    24  stm32f4xx_tim.o(.text)
    TIM_ClearOC3Ref                          0x08005671   Thumb Code    18  stm32f4xx_tim.o(.text)
    TIM_ClearOC4Ref                          0x08005683   Thumb Code    24  stm32f4xx_tim.o(.text)
    TIM_OC1PolarityConfig                    0x0800569b   Thumb Code    18  stm32f4xx_tim.o(.text)
    TIM_OC1NPolarityConfig                   0x080056ad   Thumb Code    18  stm32f4xx_tim.o(.text)
    TIM_OC2PolarityConfig                    0x080056bf   Thumb Code    26  stm32f4xx_tim.o(.text)
    TIM_OC2NPolarityConfig                   0x080056d9   Thumb Code    26  stm32f4xx_tim.o(.text)
    TIM_OC3PolarityConfig                    0x080056f3   Thumb Code    26  stm32f4xx_tim.o(.text)
    TIM_OC3NPolarityConfig                   0x0800570d   Thumb Code    26  stm32f4xx_tim.o(.text)
    TIM_OC4PolarityConfig                    0x08005727   Thumb Code    26  stm32f4xx_tim.o(.text)
    TIM_CCxCmd                               0x08005741   Thumb Code    30  stm32f4xx_tim.o(.text)
    TIM_CCxNCmd                              0x0800575f   Thumb Code    30  stm32f4xx_tim.o(.text)
    TIM_SetIC4Prescaler                      0x0800577d   Thumb Code    26  stm32f4xx_tim.o(.text)
    TIM_SetIC3Prescaler                      0x080057e7   Thumb Code    18  stm32f4xx_tim.o(.text)
    TIM_SetIC2Prescaler                      0x08005841   Thumb Code    26  stm32f4xx_tim.o(.text)
    TIM_SetIC1Prescaler                      0x080058b5   Thumb Code    18  stm32f4xx_tim.o(.text)
    TIM_ICInit                               0x08005901   Thumb Code   110  stm32f4xx_tim.o(.text)
    TIM_ICStructInit                         0x0800596f   Thumb Code    18  stm32f4xx_tim.o(.text)
    TIM_PWMIConfig                           0x08005981   Thumb Code   124  stm32f4xx_tim.o(.text)
    TIM_GetCapture1                          0x080059fd   Thumb Code     6  stm32f4xx_tim.o(.text)
    TIM_GetCapture2                          0x08005a03   Thumb Code     6  stm32f4xx_tim.o(.text)
    TIM_GetCapture3                          0x08005a09   Thumb Code     6  stm32f4xx_tim.o(.text)
    TIM_GetCapture4                          0x08005a0f   Thumb Code     6  stm32f4xx_tim.o(.text)
    TIM_BDTRConfig                           0x08005a15   Thumb Code    32  stm32f4xx_tim.o(.text)
    TIM_BDTRStructInit                       0x08005a35   Thumb Code    18  stm32f4xx_tim.o(.text)
    TIM_CtrlPWMOutputs                       0x08005a47   Thumb Code    30  stm32f4xx_tim.o(.text)
    TIM_SelectCOM                            0x08005a65   Thumb Code    24  stm32f4xx_tim.o(.text)
    TIM_CCPreloadControl                     0x08005a7d   Thumb Code    24  stm32f4xx_tim.o(.text)
    TIM_ITConfig                             0x08005a95   Thumb Code    18  stm32f4xx_tim.o(.text)
    TIM_GenerateEvent                        0x08005aa7   Thumb Code     4  stm32f4xx_tim.o(.text)
    TIM_GetFlagStatus                        0x08005aab   Thumb Code    18  stm32f4xx_tim.o(.text)
    TIM_ClearFlag                            0x08005abd   Thumb Code     6  stm32f4xx_tim.o(.text)
    TIM_GetITStatus                          0x08005ac3   Thumb Code    34  stm32f4xx_tim.o(.text)
    TIM_ClearITPendingBit                    0x08005ae5   Thumb Code     6  stm32f4xx_tim.o(.text)
    TIM_DMAConfig                            0x08005aeb   Thumb Code    10  stm32f4xx_tim.o(.text)
    TIM_DMACmd                               0x08005af5   Thumb Code    18  stm32f4xx_tim.o(.text)
    TIM_SelectCCDMA                          0x08005b07   Thumb Code    24  stm32f4xx_tim.o(.text)
    TIM_InternalClockConfig                  0x08005b1f   Thumb Code    12  stm32f4xx_tim.o(.text)
    TIM_SelectInputTrigger                   0x08005b2b   Thumb Code    18  stm32f4xx_tim.o(.text)
    TIM_ITRxExternalClockConfig              0x08005b3d   Thumb Code    24  stm32f4xx_tim.o(.text)
    TIM_TIxExternalClockConfig               0x08005b55   Thumb Code    62  stm32f4xx_tim.o(.text)
    TIM_ETRConfig                            0x08005b93   Thumb Code    28  stm32f4xx_tim.o(.text)
    TIM_ETRClockMode1Config                  0x08005baf   Thumb Code    54  stm32f4xx_tim.o(.text)
    TIM_ETRClockMode2Config                  0x08005be5   Thumb Code    32  stm32f4xx_tim.o(.text)
    TIM_SelectOutputTrigger                  0x08005c05   Thumb Code    18  stm32f4xx_tim.o(.text)
    TIM_SelectSlaveMode                      0x08005c17   Thumb Code    18  stm32f4xx_tim.o(.text)
    TIM_SelectMasterSlaveMode                0x08005c29   Thumb Code    18  stm32f4xx_tim.o(.text)
    TIM_EncoderInterfaceConfig               0x08005c3b   Thumb Code    66  stm32f4xx_tim.o(.text)
    TIM_SelectHallSensor                     0x08005c7d   Thumb Code    24  stm32f4xx_tim.o(.text)
    TIM_RemapConfig                          0x08005c95   Thumb Code     6  stm32f4xx_tim.o(.text)
    USART_DeInit                             0x08005c9d   Thumb Code   206  stm32f4xx_usart.o(.text)
    USART_Init                               0x08005d6b   Thumb Code   204  stm32f4xx_usart.o(.text)
    USART_StructInit                         0x08005e37   Thumb Code    24  stm32f4xx_usart.o(.text)
    USART_ClockInit                          0x08005e4f   Thumb Code    32  stm32f4xx_usart.o(.text)
    USART_ClockStructInit                    0x08005e6f   Thumb Code    12  stm32f4xx_usart.o(.text)
    USART_Cmd                                0x08005e7b   Thumb Code    24  stm32f4xx_usart.o(.text)
    USART_SetPrescaler                       0x08005e93   Thumb Code    16  stm32f4xx_usart.o(.text)
    USART_OverSampling8Cmd                   0x08005ea3   Thumb Code    22  stm32f4xx_usart.o(.text)
    USART_OneBitMethodCmd                    0x08005eb9   Thumb Code    24  stm32f4xx_usart.o(.text)
    USART_SendData                           0x08005ed1   Thumb Code     8  stm32f4xx_usart.o(.text)
    USART_ReceiveData                        0x08005ed9   Thumb Code    10  stm32f4xx_usart.o(.text)
    USART_SetAddress                         0x08005ee3   Thumb Code    18  stm32f4xx_usart.o(.text)
    USART_ReceiverWakeUpCmd                  0x08005ef5   Thumb Code    24  stm32f4xx_usart.o(.text)
    USART_WakeUpConfig                       0x08005f0d   Thumb Code    18  stm32f4xx_usart.o(.text)
    USART_LINBreakDetectLengthConfig         0x08005f1f   Thumb Code    18  stm32f4xx_usart.o(.text)
    USART_LINCmd                             0x08005f31   Thumb Code    24  stm32f4xx_usart.o(.text)
    USART_SendBreak                          0x08005f49   Thumb Code    10  stm32f4xx_usart.o(.text)
    USART_HalfDuplexCmd                      0x08005f53   Thumb Code    24  stm32f4xx_usart.o(.text)
    USART_SetGuardTime                       0x08005f6b   Thumb Code    16  stm32f4xx_usart.o(.text)
    USART_SmartCardCmd                       0x08005f7b   Thumb Code    24  stm32f4xx_usart.o(.text)
    USART_SmartCardNACKCmd                   0x08005f93   Thumb Code    24  stm32f4xx_usart.o(.text)
    USART_IrDAConfig                         0x08005fab   Thumb Code    18  stm32f4xx_usart.o(.text)
    USART_IrDACmd                            0x08005fbd   Thumb Code    24  stm32f4xx_usart.o(.text)
    USART_DMACmd                             0x08005fd5   Thumb Code    18  stm32f4xx_usart.o(.text)
    USART_ITConfig                           0x08005fe7   Thumb Code    74  stm32f4xx_usart.o(.text)
    USART_GetFlagStatus                      0x08006031   Thumb Code    26  stm32f4xx_usart.o(.text)
    USART_ClearFlag                          0x0800604b   Thumb Code    18  stm32f4xx_usart.o(.text)
    USART_GetITStatus                        0x0800605d   Thumb Code   118  stm32f4xx_usart.o(.text)
    USART_ClearITPendingBit                  0x080060d3   Thumb Code    30  stm32f4xx_usart.o(.text)
    __aeabi_memcpy                           0x080060f1   Thumb Code    36  memcpya.o(.text)
    __aeabi_memcpy4                          0x080060f1   Thumb Code     0  memcpya.o(.text)
    __aeabi_memcpy8                          0x080060f1   Thumb Code     0  memcpya.o(.text)
    strcat                                   0x08006115   Thumb Code    24  strcat.o(.text)
    strlen                                   0x0800612d   Thumb Code    14  strlen.o(.text)
    __scatterload                            0x0800613d   Thumb Code    28  init.o(.text)
    __scatterload_rt2                        0x0800613d   Thumb Code     0  init.o(.text)
    __scatterload_copy                       0x08006161   Thumb Code    14  handlers.o(i.__scatterload_copy)
    __scatterload_null                       0x0800616f   Thumb Code     2  handlers.o(i.__scatterload_null)
    __scatterload_zeroinit                   0x08006171   Thumb Code    14  handlers.o(i.__scatterload_zeroinit)
    OSUnMapTbl                               0x0800619e   Data         256  os_core.o(.constdata)
    Region$$Table$$Base                      0x080062a0   Number         0  anon$$obj.o(Region$$Table)
    Region$$Table$$Limit                     0x080062c0   Number         0  anon$$obj.o(Region$$Table)
    TaskStartSem                             0x20000000   Data           4  main.o(.data)
    next_play_level                          0x20000004   Data           4  main.o(.data)
    current_play_level                       0x20000008   Data           4  task_voicecontrol.o(.data)
    sqMp3PlayMsg                             0x2000000c   Data           4  task_voicecontrol.o(.data)
    speaker_st                               0x20000010   Data           1  task_voicecontrol.o(.data)
    finishmp3                                0x20000011   Data           1  task_voicecontrol.o(.data)
    RS232_dma_send_flag                      0x20000012   Data           1  dma.o(.data)
    RS485_dma_send_flag                      0x20000013   Data           1  dma.o(.data)
    RS485_REC_Flag                           0x20000014   Data           1  sci.o(.data)
    RS485_rec_counter                        0x20000018   Data           4  sci.o(.data)
    RS485_send_data_length                   0x2000001c   Data           2  sci.o(.data)
    RS232_REC_Flag                           0x2000001e   Data           1  sci.o(.data)
    RS232_rec_counter                        0x20000020   Data           4  sci.o(.data)
    RS232_send_data_length                   0x20000024   Data           2  sci.o(.data)
    qj005_play_state                         0x20000026   Data           1  sci.o(.data)
    is_data_start                            0x20000027   Data           1  sci.o(.data)
    data_index                               0x20000028   Data           1  sci.o(.data)
    mp3finishcmd                             0x20000029   Data           1  sci.o(.data)
    SystemCoreClock                          0x2000002c   Data           4  system_stm32f4xx.o(.data)
    AHBPrescTable                            0x20000030   Data          16  system_stm32f4xx.o(.data)
    OSCtxSwCtr                               0x20000040   Data           4  os_core.o(.data)
    OSEventFreeList                          0x20000044   Data           4  os_core.o(.data)
    OSFlagFreeList                           0x20000048   Data           4  os_core.o(.data)
    OSCPUUsage                               0x2000004c   Data           1  os_core.o(.data)
    OSIdleCtrMax                             0x20000050   Data           4  os_core.o(.data)
    OSIdleCtrRun                             0x20000054   Data           4  os_core.o(.data)
    OSStatRdy                                0x20000058   Data           1  os_core.o(.data)
    OSIntNesting                             0x20000059   Data           1  os_core.o(.data)
    OSLockNesting                            0x2000005a   Data           1  os_core.o(.data)
    OSPrioCur                                0x2000005b   Data           1  os_core.o(.data)
    OSPrioHighRdy                            0x2000005c   Data           1  os_core.o(.data)
    OSRdyGrp                                 0x2000005d   Data           1  os_core.o(.data)
    OSRdyTbl                                 0x2000005e   Data           8  os_core.o(.data)
    OSRunning                                0x20000066   Data           1  os_core.o(.data)
    OSTaskCtr                                0x20000067   Data           1  os_core.o(.data)
    OSIdleCtr                                0x20000068   Data           4  os_core.o(.data)
    OSTCBCur                                 0x2000006c   Data           4  os_core.o(.data)
    OSTCBFreeList                            0x20000070   Data           4  os_core.o(.data)
    OSTCBHighRdy                             0x20000074   Data           4  os_core.o(.data)
    OSTCBList                                0x20000078   Data           4  os_core.o(.data)
    OSTickStepState                          0x2000007c   Data           1  os_core.o(.data)
    OSMemFreeList                            0x20000080   Data           4  os_core.o(.data)
    OSQFreeList                              0x20000084   Data           4  os_core.o(.data)
    OSTime                                   0x20000088   Data           4  os_core.o(.data)
    next_mp3_file                            0x2000009c   Data          30  main.o(.bss)
    Stk_TaskStartUp                          0x200000bc   Data         400  main.o(.bss)
    RS485_buff                               0x2000024c   Data        1024  sci.o(.bss)
    RS232_buff                               0x2000064c   Data        1024  sci.o(.bss)
    recvdata                                 0x20000a4c   Data          30  sci.o(.bss)
    OSEventTbl                               0x20000a6c   Data         240  os_core.o(.bss)
    OSFlagTbl                                0x20000b5c   Data          80  os_core.o(.bss)
    OSTaskStatStk                            0x20000bac   Data         512  os_core.o(.bss)
    OSTaskIdleStk                            0x20000dac   Data         512  os_core.o(.bss)
    OSTCBPrioTbl                             0x20000fac   Data         256  os_core.o(.bss)
    OSTCBTbl                                 0x200010ac   Data        1936  os_core.o(.bss)
    OSMemTbl                                 0x2000183c   Data         120  os_core.o(.bss)
    OSQTbl                                   0x200018b4   Data          96  os_core.o(.bss)
    __initial_sp                             0x20001d18   Data           0  startup_stm32f4xx.o(STACK)



==============================================================================

Memory Map of the image

  Image Entry point : 0x08000189

  Load Region LR_IROM1 (Base: 0x08000000, Size: 0x0000635c, Max: 0x00080000, ABSOLUTE)

    Execution Region ER_IROM1 (Base: 0x08000000, Size: 0x000062c0, Max: 0x00080000, ABSOLUTE)

    Base Addr    Size         Type   Attr      Idx    E Section Name        Object

    0x08000000   0x00000188   Data   RO          488    RESET               startup_stm32f4xx.o
    0x08000188   0x00000000   Code   RO         1194  * .ARM.Collect$$$$00000000  mc_w.l(entry.o)
    0x08000188   0x00000004   Code   RO         1471    .ARM.Collect$$$$00000001  mc_w.l(entry2.o)
    0x0800018c   0x00000004   Code   RO         1474    .ARM.Collect$$$$00000004  mc_w.l(entry5.o)
    0x08000190   0x00000000   Code   RO         1476    .ARM.Collect$$$$00000008  mc_w.l(entry7b.o)
    0x08000190   0x00000000   Code   RO         1478    .ARM.Collect$$$$0000000A  mc_w.l(entry8b.o)
    0x08000190   0x00000008   Code   RO         1479    .ARM.Collect$$$$0000000B  mc_w.l(entry9a.o)
    0x08000198   0x00000000   Code   RO         1481    .ARM.Collect$$$$0000000D  mc_w.l(entry10a.o)
    0x08000198   0x00000000   Code   RO         1483    .ARM.Collect$$$$0000000F  mc_w.l(entry11a.o)
    0x08000198   0x00000004   Code   RO         1472    .ARM.Collect$$$$00002712  mc_w.l(entry2.o)
    0x0800019c   0x000000cc   Code   RO            2    .text               main.o
    0x08000268   0x000000f4   Code   RO          257    .text               task_voicecontrol.o
    0x0800035c   0x00000070   Code   RO          296    .text               bsp_global.o
    0x080003cc   0x0000006c   Code   RO          318    .text               dma.o
    0x08000438   0x0000006a   Code   RO          338    .text               nvic.o
    0x080004a2   0x00000002   PAD
    0x080004a4   0x00000560   Code   RO          354    .text               sci.o
    0x08000a04   0x000003a0   Code   RO          440    .text               motor.o
    0x08000da4   0x00000144   Code   RO          456    .text               steeringengine.o
    0x08000ee8   0x00000024   Code   RO          489    .text               startup_stm32f4xx.o
    0x08000f0c   0x00000210   Code   RO          494    .text               system_stm32f4xx.o
    0x0800111c   0x000000c4   Code   RO          515    .text               os_cpu_a.o
    0x080011e0   0x00000148   Code   RO          519    .text               os_cpu_c.o
    0x08001328   0x00000cb4   Code   RO          548    .text               os_core.o
    0x08001fdc   0x000007fc   Code   RO          572    .text               os_flag.o
    0x080027d8   0x000003e4   Code   RO          588    .text               os_mbox.o
    0x08002bbc   0x000001d4   Code   RO          604    .text               os_mem.o
    0x08002d90   0x000005e4   Code   RO          636    .text               os_q.o
    0x08003374   0x000003a8   Code   RO          652    .text               os_sem.o
    0x0800371c   0x00000828   Code   RO          668    .text               os_task.o
    0x08003f44   0x00000198   Code   RO          684    .text               os_time.o
    0x080040dc   0x000000e0   Code   RO          710    .text               misc.o
    0x080041bc   0x000003a8   Code   RO          886    .text               stm32f4xx_dma.o
    0x08004564   0x00000110   Code   RO          902    .text               stm32f4xx_exti.o
    0x08004674   0x00000294   Code   RO          953    .text               stm32f4xx_gpio.o
    0x08004908   0x0000065c   Code   RO         1065    .text               stm32f4xx_rcc.o
    0x08004f64   0x00000094   Code   RO         1131    .text               stm32f4xx_syscfg.o
    0x08004ff8   0x00000ca2   Code   RO         1147    .text               stm32f4xx_tim.o
    0x08005c9a   0x00000002   PAD
    0x08005c9c   0x00000454   Code   RO         1163    .text               stm32f4xx_usart.o
    0x080060f0   0x00000024   Code   RO         1200    .text               mc_w.l(memcpya.o)
    0x08006114   0x00000018   Code   RO         1204    .text               mc_w.l(strcat.o)
    0x0800612c   0x0000000e   Code   RO         1206    .text               mc_w.l(strlen.o)
    0x0800613a   0x00000002   PAD
    0x0800613c   0x00000024   Code   RO         1503    .text               mc_w.l(init.o)
    0x08006160   0x0000000e   Code   RO         1517    i.__scatterload_copy  mc_w.l(handlers.o)
    0x0800616e   0x00000002   Code   RO         1518    i.__scatterload_null  mc_w.l(handlers.o)
    0x08006170   0x0000000e   Code   RO         1519    i.__scatterload_zeroinit  mc_w.l(handlers.o)
    0x0800617e   0x00000002   PAD
    0x08006180   0x0000001e   Data   RO          356    .constdata          sci.o
    0x0800619e   0x00000100   Data   RO          550    .constdata          os_core.o
    0x0800629e   0x00000002   PAD
    0x080062a0   0x00000020   Data   RO         1515    Region$$Table       anon$$obj.o


    Execution Region RW_IRAM1 (Base: 0x20000000, Size: 0x00001d18, Max: 0x00020000, ABSOLUTE)

    Base Addr    Size         Type   Attr      Idx    E Section Name        Object

    0x20000000   0x00000008   Data   RW            4    .data               main.o
    0x20000008   0x0000000a   Data   RW          259    .data               task_voicecontrol.o
    0x20000012   0x00000002   Data   RW          320    .data               dma.o
    0x20000014   0x00000016   Data   RW          357    .data               sci.o
    0x2000002a   0x00000002   PAD
    0x2000002c   0x00000014   Data   RW          495    .data               system_stm32f4xx.o
    0x20000040   0x0000004c   Data   RW          551    .data               os_core.o
    0x2000008c   0x00000010   Data   RW         1066    .data               stm32f4xx_rcc.o
    0x2000009c   0x000001b0   Zero   RW            3    .bss                main.o
    0x2000024c   0x0000081e   Zero   RW          355    .bss                sci.o
    0x20000a6a   0x00000002   PAD
    0x20000a6c   0x00000ea8   Zero   RW          549    .bss                os_core.o
    0x20001914   0x00000004   PAD
    0x20001918   0x00000400   Zero   RW          486    STACK               startup_stm32f4xx.o


==============================================================================

Image component sizes


      Code (inc. data)   RO Data    RW Data    ZI Data      Debug   Object Name

       112          4          0          0          0        831   bsp_global.o
       108         28          0          2          0       1360   dma.o
       204         24          0          8        432     336940   main.o
       224         20          0          0          0       1817   misc.o
       928         26          0          0          0       3058   motor.o
       106          0          0          0          0        561   nvic.o
      3252        276        256         76       3752      19699   os_core.o
       196         32          0          0          0        312   os_cpu_a.o
       328         12          0          0          0       3400   os_cpu_c.o
      2044         40          0          0          0       6848   os_flag.o
       996         20          0          0          0       4122   os_mbox.o
       468         18          0          0          0       3056   os_mem.o
      1508         34          0          0          0       5485   os_q.o
       936         20          0          0          0       3866   os_sem.o
      2088         68          0          0          0       7677   os_task.o
       408         24          0          0          0       1774   os_time.o
      1376         66         30         22       2078       5578   sci.o
        36          8        392          0       1024        836   startup_stm32f4xx.o
       324         16          0          0          0        951   steeringengine.o
       936         32          0          0          0       6293   stm32f4xx_dma.o
       272         10          0          0          0       2263   stm32f4xx_exti.o
       660         44          0          0          0       4089   stm32f4xx_gpio.o
      1628         52          0         16          0      12932   stm32f4xx_rcc.o
       148         12          0          0          0       1841   stm32f4xx_syscfg.o
      3234         60          0          0          0      22300   stm32f4xx_tim.o
      1108         34          0          0          0       7796   stm32f4xx_usart.o
       528         46          0         20          0       1831   system_stm32f4xx.o
       244         32          0         10          0       2570   task_voicecontrol.o

    ----------------------------------------------------------------------
     24404       1058        712        156       7292     470086   Object Totals
         0          0         32          0          0          0   (incl. Generated)
         4          0          2          2          6          0   (incl. Padding)

    ----------------------------------------------------------------------

      Code (inc. data)   RO Data    RW Data    ZI Data      Debug   Library Member Name

         0          0          0          0          0          0   entry.o
         0          0          0          0          0          0   entry10a.o
         0          0          0          0          0          0   entry11a.o
         8          4          0          0          0          0   entry2.o
         4          0          0          0          0          0   entry5.o
         0          0          0          0          0          0   entry7b.o
         0          0          0          0          0          0   entry8b.o
         8          4          0          0          0          0   entry9a.o
        30          0          0          0          0          0   handlers.o
        36          8          0          0          0         68   init.o
        36          0          0          0          0         68   memcpya.o
        24          0          0          0          0         68   strcat.o
        14          0          0          0          0         68   strlen.o

    ----------------------------------------------------------------------
       164         16          0          0          0        272   Library Totals
         4          0          0          0          0          0   (incl. Padding)

    ----------------------------------------------------------------------

      Code (inc. data)   RO Data    RW Data    ZI Data      Debug   Library Name

       160         16          0          0          0        272   mc_w.l

    ----------------------------------------------------------------------
       164         16          0          0          0        272   Library Totals

    ----------------------------------------------------------------------

==============================================================================


      Code (inc. data)   RO Data    RW Data    ZI Data      Debug   

     24568       1074        712        156       7292     465310   Grand Totals
     24568       1074        712        156       7292     465310   ELF Image Totals
     24568       1074        712        156          0          0   ROM Totals

==============================================================================

    Total RO  Size (Code + RO Data)                25280 (  24.69kB)
    Total RW  Size (RW Data + ZI Data)              7448 (   7.27kB)
    Total ROM Size (Code + RO Data + RW Data)      25436 (  24.84kB)

==============================================================================

